Component: ARM Compiler 5.06 update 5 (build 528) Tool: armlink [4d35e2]

==============================================================================

Section Cross References

    startup_stm32f10x_md.o(STACK) refers (Special) to heapauxi.o(.text) for __use_two_region_memory
    startup_stm32f10x_md.o(HEAP) refers (Special) to heapauxi.o(.text) for __use_two_region_memory
    startup_stm32f10x_md.o(RESET) refers (Special) to heapauxi.o(.text) for __use_two_region_memory
    startup_stm32f10x_md.o(RESET) refers to startup_stm32f10x_md.o(STACK) for __initial_sp
    startup_stm32f10x_md.o(RESET) refers to startup_stm32f10x_md.o(.text) for Reset_Handler
    startup_stm32f10x_md.o(RESET) refers to stm32f10x_it.o(i.NMI_Handler) for NMI_Handler
    startup_stm32f10x_md.o(RESET) refers to stm32f10x_it.o(i.HardFault_Handler) for HardFault_Handler
    startup_stm32f10x_md.o(RESET) refers to stm32f10x_it.o(i.MemManage_Handler) for MemManage_Handler
    startup_stm32f10x_md.o(RESET) refers to stm32f10x_it.o(i.BusFault_Handler) for BusFault_Handler
    startup_stm32f10x_md.o(RESET) refers to stm32f10x_it.o(i.UsageFault_Handler) for UsageFault_Handler
    startup_stm32f10x_md.o(RESET) refers to stm32f10x_it.o(i.SVC_Handler) for SVC_Handler
    startup_stm32f10x_md.o(RESET) refers to stm32f10x_it.o(i.DebugMon_Handler) for DebugMon_Handler
    startup_stm32f10x_md.o(RESET) refers to stm32f10x_it.o(i.PendSV_Handler) for PendSV_Handler
    startup_stm32f10x_md.o(RESET) refers to stm32f10x_it.o(i.SysTick_Handler) for SysTick_Handler
    startup_stm32f10x_md.o(RESET) refers to timer.o(i.TIM4_IRQHandler) for TIM4_IRQHandler
    startup_stm32f10x_md.o(RESET) refers to key.o(i.EXTI15_10_IRQHandler) for EXTI15_10_IRQHandler
    startup_stm32f10x_md.o(.text) refers (Special) to heapauxi.o(.text) for __use_two_region_memory
    startup_stm32f10x_md.o(.text) refers to system_stm32f10x.o(i.SystemInit) for SystemInit
    startup_stm32f10x_md.o(.text) refers to __main.o(!!!main) for __main
    startup_stm32f10x_md.o(.text) refers to startup_stm32f10x_md.o(HEAP) for Heap_Mem
    startup_stm32f10x_md.o(.text) refers to startup_stm32f10x_md.o(STACK) for Stack_Mem
    system_stm32f10x.o(i.SetSysClock) refers to system_stm32f10x.o(i.SetSysClockTo72) for SetSysClockTo72
    system_stm32f10x.o(i.SystemCoreClockUpdate) refers to system_stm32f10x.o(.data) for SystemCoreClock
    system_stm32f10x.o(i.SystemInit) refers to system_stm32f10x.o(i.SetSysClock) for SetSysClock
    stm32f10x_adc.o(i.ADC_DeInit) refers to stm32f10x_rcc.o(i.RCC_APB2PeriphResetCmd) for RCC_APB2PeriphResetCmd
    stm32f10x_bkp.o(i.BKP_DeInit) refers to stm32f10x_rcc.o(i.RCC_BackupResetCmd) for RCC_BackupResetCmd
    stm32f10x_can.o(i.CAN_DeInit) refers to stm32f10x_rcc.o(i.RCC_APB1PeriphResetCmd) for RCC_APB1PeriphResetCmd
    stm32f10x_can.o(i.CAN_GetITStatus) refers to stm32f10x_can.o(i.CheckITStatus) for CheckITStatus
    stm32f10x_cec.o(i.CEC_DeInit) refers to stm32f10x_rcc.o(i.RCC_APB1PeriphResetCmd) for RCC_APB1PeriphResetCmd
    stm32f10x_dac.o(i.DAC_DeInit) refers to stm32f10x_rcc.o(i.RCC_APB1PeriphResetCmd) for RCC_APB1PeriphResetCmd
    stm32f10x_flash.o(i.FLASH_EnableWriteProtection) refers to stm32f10x_flash.o(i.FLASH_WaitForLastOperation) for FLASH_WaitForLastOperation
    stm32f10x_flash.o(i.FLASH_EraseAllBank1Pages) refers to stm32f10x_flash.o(i.FLASH_WaitForLastBank1Operation) for FLASH_WaitForLastBank1Operation
    stm32f10x_flash.o(i.FLASH_EraseAllPages) refers to stm32f10x_flash.o(i.FLASH_WaitForLastOperation) for FLASH_WaitForLastOperation
    stm32f10x_flash.o(i.FLASH_EraseOptionBytes) refers to stm32f10x_flash.o(i.FLASH_GetReadOutProtectionStatus) for FLASH_GetReadOutProtectionStatus
    stm32f10x_flash.o(i.FLASH_EraseOptionBytes) refers to stm32f10x_flash.o(i.FLASH_WaitForLastOperation) for FLASH_WaitForLastOperation
    stm32f10x_flash.o(i.FLASH_ErasePage) refers to stm32f10x_flash.o(i.FLASH_WaitForLastOperation) for FLASH_WaitForLastOperation
    stm32f10x_flash.o(i.FLASH_ProgramHalfWord) refers to stm32f10x_flash.o(i.FLASH_WaitForLastOperation) for FLASH_WaitForLastOperation
    stm32f10x_flash.o(i.FLASH_ProgramOptionByteData) refers to stm32f10x_flash.o(i.FLASH_WaitForLastOperation) for FLASH_WaitForLastOperation
    stm32f10x_flash.o(i.FLASH_ProgramWord) refers to stm32f10x_flash.o(i.FLASH_WaitForLastOperation) for FLASH_WaitForLastOperation
    stm32f10x_flash.o(i.FLASH_ReadOutProtection) refers to stm32f10x_flash.o(i.FLASH_WaitForLastOperation) for FLASH_WaitForLastOperation
    stm32f10x_flash.o(i.FLASH_UserOptionByteConfig) refers to stm32f10x_flash.o(i.FLASH_WaitForLastOperation) for FLASH_WaitForLastOperation
    stm32f10x_flash.o(i.FLASH_WaitForLastBank1Operation) refers to stm32f10x_flash.o(i.FLASH_GetBank1Status) for FLASH_GetBank1Status
    stm32f10x_flash.o(i.FLASH_WaitForLastOperation) refers to stm32f10x_flash.o(i.FLASH_GetBank1Status) for FLASH_GetBank1Status
[...]
    __rt_lib_init_preinit_1                  0x08000233   Thumb Code     0  libinit2.o(.ARM.Collect$$libinit$$00000004)
    __rt_lib_init_rand_2                     0x08000233   Thumb Code     0  libinit2.o(.ARM.Collect$$libinit$$0000000D)
    __rt_lib_init_user_alloc_1               0x08000233   Thumb Code     0  libinit2.o(.ARM.Collect$$libinit$$0000000C)
    __rt_lib_init_lc_common                  0x08000237   Thumb Code     0  libinit2.o(.ARM.Collect$$libinit$$0000000F)
    __rt_lib_init_rand_1                     0x08000237   Thumb Code     0  libinit2.o(.ARM.Collect$$libinit$$0000000E)
    __rt_lib_init_lc_collate_1               0x0800023d   Thumb Code     0  libinit2.o(.ARM.Collect$$libinit$$00000011)
    __rt_lib_init_lc_ctype_2                 0x0800023d   Thumb Code     0  libinit2.o(.ARM.Collect$$libinit$$00000012)
    __rt_lib_init_lc_ctype_1                 0x08000249   Thumb Code     0  libinit2.o(.ARM.Collect$$libinit$$00000013)
    __rt_lib_init_lc_monetary_1              0x08000249   Thumb Code     0  libinit2.o(.ARM.Collect$$libinit$$00000015)
    __rt_lib_init_lc_numeric_2               0x08000249   Thumb Code     0  libinit2.o(.ARM.Collect$$libinit$$00000016)
    __rt_lib_init_alloca_1                   0x08000253   Thumb Code     0  libinit2.o(.ARM.Collect$$libinit$$0000002E)
    __rt_lib_init_argv_1                     0x08000253   Thumb Code     0  libinit2.o(.ARM.Collect$$libinit$$0000002C)
    __rt_lib_init_atexit_1                   0x08000253   Thumb Code     0  libinit2.o(.ARM.Collect$$libinit$$0000001B)
    __rt_lib_init_clock_1                    0x08000253   Thumb Code     0  libinit2.o(.ARM.Collect$$libinit$$00000021)
    __rt_lib_init_cpp_1                      0x08000253   Thumb Code     0  libinit2.o(.ARM.Collect$$libinit$$00000032)
    __rt_lib_init_exceptions_1               0x08000253   Thumb Code     0  libinit2.o(.ARM.Collect$$libinit$$00000030)
    __rt_lib_init_fp_trap_1                  0x08000253   Thumb Code     0  libinit2.o(.ARM.Collect$$libinit$$0000001F)
    __rt_lib_init_getenv_1                   0x08000253   Thumb Code     0  libinit2.o(.ARM.Collect$$libinit$$00000023)
    __rt_lib_init_lc_numeric_1               0x08000253   Thumb Code     0  libinit2.o(.ARM.Collect$$libinit$$00000017)
    __rt_lib_init_lc_time_1                  0x08000253   Thumb Code     0  libinit2.o(.ARM.Collect$$libinit$$00000019)
    __rt_lib_init_return                     0x08000253   Thumb Code     0  libinit2.o(.ARM.Collect$$libinit$$00000033)
    __rt_lib_init_signal_1                   0x08000253   Thumb Code     0  libinit2.o(.ARM.Collect$$libinit$$0000001D)
    __rt_lib_init_stdio_1                    0x08000253   Thumb Code     0  libinit2.o(.ARM.Collect$$libinit$$00000025)
    __rt_lib_shutdown                        0x08000255   Thumb Code     0  libshutdown.o(.ARM.Collect$$libshutdown$$00000000)
    __rt_lib_shutdown_cpp_1                  0x08000257   Thumb Code     0  libshutdown2.o(.ARM.Collect$$libshutdown$$00000002)
    __rt_lib_shutdown_fp_trap_1              0x08000257   Thumb Code     0  libshutdown2.o(.ARM.Collect$$libshutdown$$00000007)
    __rt_lib_shutdown_heap_1                 0x08000257   Thumb Code     0  libshutdown2.o(.ARM.Collect$$libshutdown$$0000000F)
    __rt_lib_shutdown_return                 0x08000257   Thumb Code     0  libshutdown2.o(.ARM.Collect$$libshutdown$$00000010)
    __rt_lib_shutdown_signal_1               0x08000257   Thumb Code     0  libshutdown2.o(.ARM.Collect$$libshutdown$$0000000A)
    __rt_lib_shutdown_stdio_1                0x08000257   Thumb Code     0  libshutdown2.o(.ARM.Collect$$libshutdown$$00000004)
    __rt_lib_shutdown_user_alloc_1           0x08000257   Thumb Code     0  libshutdown2.o(.ARM.Collect$$libshutdown$$0000000C)
    __rt_entry                               0x08000259   Thumb Code     0  __rtentry.o(.ARM.Collect$$rtentry$$00000000)
    __rt_entry_presh_1                       0x08000259   Thumb Code     0  __rtentry2.o(.ARM.Collect$$rtentry$$00000002)
    __rt_entry_sh                            0x08000259   Thumb Code     0  __rtentry4.o(.ARM.Collect$$rtentry$$00000004)
    __rt_entry_li                            0x0800025f   Thumb Code     0  __rtentry2.o(.ARM.Collect$$rtentry$$0000000A)
    __rt_entry_postsh_1                      0x0800025f   Thumb Code     0  __rtentry2.o(.ARM.Collect$$rtentry$$00000009)
    __rt_entry_main                          0x08000263   Thumb Code     0  __rtentry2.o(.ARM.Collect$$rtentry$$0000000D)
    __rt_entry_postli_1                      0x08000263   Thumb Code     0  __rtentry2.o(.ARM.Collect$$rtentry$$0000000C)
    __rt_exit                                0x0800026b   Thumb Code     0  rtexit.o(.ARM.Collect$$rtexit$$00000000)
    __rt_exit_ls                             0x0800026d   Thumb Code     0  rtexit2.o(.ARM.Collect$$rtexit$$00000003)
    __rt_exit_prels_1                        0x0800026d   Thumb Code     0  rtexit2.o(.ARM.Collect$$rtexit$$00000002)
    __rt_exit_exit                           0x08000271   Thumb Code     0  rtexit2.o(.ARM.Collect$$rtexit$$00000004)
    rand                                     0x08000279   Thumb Code    48  rand.o(.emb_text)
    Reset_Handler                            0x080002ad   Thumb Code     8  startup_stm32f10x_md.o(.text)
    ADC1_2_IRQHandler                        0x080002c7   Thumb Code     0  startup_stm32f10x_md.o(.text)
    CAN1_RX1_IRQHandler                      0x080002c7   Thumb Code     0  startup_stm32f10x_md.o(.text)
    CAN1_SCE_IRQHandler                      0x080002c7   Thumb Code     0  startup_stm32f10x_md.o(.text)
    DMA1_Channel1_IRQHandler                 0x080002c7   Thumb Code     0  startup_stm32f10x_md.o(.text)
    DMA1_Channel2_IRQHandler                 0x080002c7   Thumb Code     0  startup_stm32f10x_md.o(.text)
    DMA1_Channel3_IRQHandler                 0x080002c7   Thumb Code     0  startup_stm32f10x_md.o(.text)
    DMA1_Channel4_IRQHandler                 0x080002c7   Thumb Code     0  startup_stm32f10x_md.o(.text)
    DMA1_Channel5_IRQHandler                 0x080002c7   Thumb Code     0  startup_stm32f10x_md.o(.text)
    DMA1_Channel6_IRQHandler                 0x080002c7   Thumb Code     0  startup_stm32f10x_md.o(.text)
    DMA1_Channel7_IRQHandler                 0x080002c7   Thumb Code     0  startup_stm32f10x_md.o(.text)
    EXTI0_IRQHandler                         0x080002c7   Thumb Code     0  startup_stm32f10x_md.o(.text)
    EXTI1_IRQHandler                         0x080002c7   Thumb Code     0  startup_stm32f10x_md.o(.text)
    EXTI2_IRQHandler                         0x080002c7   Thumb Code     0  startup_stm32f10x_md.o(.text)
    EXTI3_IRQHandler                         0x080002c7   Thumb Code     0  startup_stm32f10x_md.o(.text)
    EXTI4_IRQHandler                         0x080002c7   Thumb Code     0  startup_stm32f10x_md.o(.text)
    EXTI9_5_IRQHandler                       0x080002c7   Thumb Code     0  startup_stm32f10x_md.o(.text)
    FLASH_IRQHandler                         0x080002c7   Thumb Code     0  startup_stm32f10x_md.o(.text)
    I2C1_ER_IRQHandler                       0x080002c7   Thumb Code     0  startup_stm32f10x_md.o(.text)
    I2C1_EV_IRQHandler                       0x080002c7   Thumb Code     0  startup_stm32f10x_md.o(.text)
    I2C2_ER_IRQHandler                       0x080002c7   Thumb Code     0  startup_stm32f10x_md.o(.text)
    I2C2_EV_IRQHandler                       0x080002c7   Thumb Code     0  startup_stm32f10x_md.o(.text)
    PVD_IRQHandler                           0x080002c7   Thumb Code     0  startup_stm32f10x_md.o(.text)
    RCC_IRQHandler                           0x080002c7   Thumb Code     0  startup_stm32f10x_md.o(.text)
    RTCAlarm_IRQHandler                      0x080002c7   Thumb Code     0  startup_stm32f10x_md.o(.text)
    RTC_IRQHandler                           0x080002c7   Thumb Code     0  startup_stm32f10x_md.o(.text)
    SPI1_IRQHandler                          0x080002c7   Thumb Code     0  startup_stm32f10x_md.o(.text)
    SPI2_IRQHandler                          0x080002c7   Thumb Code     0  startup_stm32f10x_md.o(.text)
    TAMPER_IRQHandler                        0x080002c7   Thumb Code     0  startup_stm32f10x_md.o(.text)
    TIM1_BRK_IRQHandler                      0x080002c7   Thumb Code     0  startup_stm32f10x_md.o(.text)
    TIM1_CC_IRQHandler                       0x080002c7   Thumb Code     0  startup_stm32f10x_md.o(.text)
    TIM1_TRG_COM_IRQHandler                  0x080002c7   Thumb Code     0  startup_stm32f10x_md.o(.text)
    TIM1_UP_IRQHandler                       0x080002c7   Thumb Code     0  startup_stm32f10x_md.o(.text)
    TIM2_IRQHandler                          0x080002c7   Thumb Code     0  startup_stm32f10x_md.o(.text)
    TIM3_IRQHandler                          0x080002c7   Thumb Code     0  startup_stm32f10x_md.o(.text)
    USART1_IRQHandler                        0x080002c7   Thumb Code     0  startup_stm32f10x_md.o(.text)
    USART2_IRQHandler                        0x080002c7   Thumb Code     0  startup_stm32f10x_md.o(.text)
    USART3_IRQHandler                        0x080002c7   Thumb Code     0  startup_stm32f10x_md.o(.text)
    USBWakeUp_IRQHandler                     0x080002c7   Thumb Code     0  startup_stm32f10x_md.o(.text)
    USB_HP_CAN1_TX_IRQHandler                0x080002c7   Thumb Code     0  startup_stm32f10x_md.o(.text)
    USB_LP_CAN1_RX0_IRQHandler               0x080002c7   Thumb Code     0  startup_stm32f10x_md.o(.text)
    WWDG_IRQHandler                          0x080002c7   Thumb Code     0  startup_stm32f10x_md.o(.text)
    __user_initial_stackheap                 0x080002c9   Thumb Code     0  startup_stm32f10x_md.o(.text)
    vsprintf                                 0x080002ed   Thumb Code    32  vsprintf.o(.text)
    srand                                    0x08000311   Thumb Code    42  rand.o(.text)
    _rand_init                               0x0800033b   Thumb Code     4  rand.o(.text)
    __aeabi_memcpy                           0x0800034d   Thumb Code     0  rt_memcpy_v6.o(.text)
    __rt_memcpy                              0x0800034d   Thumb Code   138  rt_memcpy_v6.o(.text)
    _memcpy_lastbytes                        0x080003b3   Thumb Code     0  rt_memcpy_v6.o(.text)
    strcmp                                   0x080003d9   Thumb Code   128  strcmpv7m.o(.text)
    __use_two_region_memory                  0x08000459   Thumb Code     2  heapauxi.o(.text)
    __rt_heap_escrow$2region                 0x0800045b   Thumb Code     2  heapauxi.o(.text)
    __rt_heap_expand$2region                 0x0800045d   Thumb Code     2  heapauxi.o(.text)
    __read_errno                             0x0800045f   Thumb Code    10  _rserrno.o(.text)
    __set_errno                              0x08000469   Thumb Code    12  _rserrno.o(.text)
    _printf_pre_padding                      0x08000475   Thumb Code    44  _printf_pad.o(.text)
    _printf_post_padding                     0x080004a1   Thumb Code    34  _printf_pad.o(.text)
    _printf_truncate_signed                  0x080004c3   Thumb Code    18  _printf_truncate.o(.text)
    _printf_truncate_unsigned                0x080004d5   Thumb Code    18  _printf_truncate.o(.text)
    _printf_str                              0x080004e7   Thumb Code    82  _printf_str.o(.text)
    _printf_int_dec                          0x08000539   Thumb Code   104  _printf_dec.o(.text)
    _printf_charcount                        0x080005b1   Thumb Code    40  _printf_charcount.o(.text)
    _printf_char_common                      0x080005e3   Thumb Code    32  _printf_char_common.o(.text)
    _sputc                                   0x08000609   Thumb Code    10  _sputc.o(.text)
    _printf_wctomb                           0x08000615   Thumb Code   182  _printf_wctomb.o(.text)
    _printf_longlong_dec                     0x080006d1   Thumb Code   108  _printf_longlong_dec.o(.text)
    _printf_longlong_oct                     0x0800074d   Thumb Code    66  _printf_oct_int_ll.o(.text)
    _printf_int_oct                          0x0800078f   Thumb Code    24  _printf_oct_int_ll.o(.text)
    _printf_ll_oct                           0x080007a7   Thumb Code    12  _printf_oct_int_ll.o(.text)
    _printf_longlong_hex                     0x080007bd   Thumb Code    86  _printf_hex_int_ll_ptr.o(.text)
    _printf_int_hex                          0x08000813   Thumb Code    28  _printf_hex_int_ll_ptr.o(.text)
    _printf_ll_hex                           0x0800082f   Thumb Code    12  _printf_hex_int_ll_ptr.o(.text)
    _printf_hex_ptr                          0x0800083b   Thumb Code    18  _printf_hex_int_ll_ptr.o(.text)
    __printf                                 0x08000851   Thumb Code   388  __printf_flags_ss_wp.o(.text)
    __aeabi_memcpy4                          0x080009d9   Thumb Code     0  rt_memcpy_w.o(.text)
    __aeabi_memcpy8                          0x080009d9   Thumb Code     0  rt_memcpy_w.o(.text)
    __rt_memcpy_w                            0x080009d9   Thumb Code   100  rt_memcpy_w.o(.text)
    _memcpy_lastbytes_aligned                0x08000a21   Thumb Code     0  rt_memcpy_w.o(.text)
    __aeabi_errno_addr                       0x08000a3d   Thumb Code     8  rt_errno_addr_intlibspace.o(.text)
    __errno$intlibspace                      0x08000a3d   Thumb Code     0  rt_errno_addr_intlibspace.o(.text)
    __rt_errno_addr$intlibspace              0x08000a3d   Thumb Code     0  rt_errno_addr_intlibspace.o(.text)
    _ll_udiv10                               0x08000a45   Thumb Code   138  lludiv10.o(.text)
    _printf_int_common                       0x08000acf   Thumb Code   178  _printf_intcommon.o(.text)
    __lib_sel_fp_printf                      0x08000b81   Thumb Code     2  _printf_fp_dec.o(.text)
    _printf_fp_dec_real                      0x08000d33   Thumb Code   620  _printf_fp_dec.o(.text)
    _printf_fp_hex_real                      0x08000fa1   Thumb Code   756  _printf_fp_hex.o(.text)
    _printf_cs_common                        0x0800129d   Thumb Code    20  _printf_char.o(.text)
    _printf_char                             0x080012b1   Thumb Code    16  _printf_char.o(.text)
    _printf_string                           0x080012c1   Thumb Code     8  _printf_char.o(.text)
    _printf_lcs_common                       0x080012c9   Thumb Code    20  _printf_wchar.o(.text)
    _printf_wchar                            0x080012dd   Thumb Code    16  _printf_wchar.o(.text)
    _printf_wstring                          0x080012ed   Thumb Code     8  _printf_wchar.o(.text)
    _wcrtomb                                 0x080012f5   Thumb Code    64  _wcrtomb.o(.text)
    __user_libspace                          0x08001335   Thumb Code     8  libspace.o(.text)
    __user_perproc_libspace                  0x08001335   Thumb Code     0  libspace.o(.text)
    __user_perthread_libspace                0x08001335   Thumb Code     0  libspace.o(.text)
    __user_setup_stackheap                   0x0800133d   Thumb Code    74  sys_stackheap_outer.o(.text)
    __rt_ctype_table                         0x08001389   Thumb Code    16  rt_ctype_table.o(.text)
    __rt_locale                              0x08001399   Thumb Code     8  rt_locale_intlibspace.o(.text)
    _printf_fp_infnan                        0x080013a1   Thumb Code   112  _printf_fp_infnan.o(.text)
    _btod_etento                             0x08001421   Thumb Code   224  bigflt0.o(.text)
    exit                                     0x08001505   Thumb Code    18  exit.o(.text)
    __I$use$semihosting                      0x08001517   Thumb Code     0  use_no_semi.o(.text)
    __use_no_semihosting_swi                 0x08001517   Thumb Code     2  use_no_semi.o(.text)
    __semihosting_library_function           0x08001519   Thumb Code     0  indicate_semi.o(.text)
    _sys_exit                                0x08001519   Thumb Code     8  sys_exit.o(.text)
    _btod_d2e                                0x08001525   Thumb Code    62  btod.o(CL$$btod_d2e)
    _d2e_denorm_low                          0x08001563   Thumb Code    70  btod.o(CL$$btod_d2e_denorm_low)
    _d2e_norm_op1                            0x080015a9   Thumb Code    96  btod.o(CL$$btod_d2e_norm_op1)
    __btod_div_common                        0x08001609   Thumb Code   696  btod.o(CL$$btod_div_common)
    _e2e                                     0x08001941   Thumb Code   220  btod.o(CL$$btod_e2e)
    _btod_ediv                               0x08001a1d   Thumb Code    42  btod.o(CL$$btod_ediv)
    _btod_emul                               0x08001a47   Thumb Code    42  btod.o(CL$$btod_emul)
    __btod_mult_common                       0x08001a71   Thumb Code   580  btod.o(CL$$btod_mult_common)
    BusFault_Handler                         0x08001cb5   Thumb Code     4  stm32f10x_it.o(i.BusFault_Handler)
    CountPointRound                          0x08001cb9   Thumb Code   114  game_of_life.o(i.CountPointRound)
    DebugMon_Handler                         0x08001d2b   Thumb Code     2  stm32f10x_it.o(i.DebugMon_Handler)
    Delay_ms                                 0x08001d2d   Thumb Code    24  delay.o(i.Delay_ms)
    Delay_us                                 0x08001d45   Thumb Code    46  delay.o(i.Delay_us)
    EXTI15_10_IRQHandler                     0x08001d75   Thumb Code   196  key.o(i.EXTI15_10_IRQHandler)
    EXTI_ClearITPendingBit                   0x08001e45   Thumb Code     6  stm32f10x_exti.o(i.EXTI_ClearITPendingBit)
    EXTI_GetITStatus                         0x08001e51   Thumb Code    34  stm32f10x_exti.o(i.EXTI_GetITStatus)
    EXTI_Init                                0x08001e79   Thumb Code   142  stm32f10x_exti.o(i.EXTI_Init)
    Encoder_Get                              0x08001f0d   Thumb Code    22  encoder.o(i.Encoder_Get)
    Encoder_Get_Div4                         0x08001f29   Thumb Code    84  encoder.o(i.Encoder_Get_Div4)
    Encoder_Init                             0x08001f85   Thumb Code   162  encoder.o(i.Encoder_Init)
    GPIO_EXTILineConfig                      0x08002031   Thumb Code    60  stm32f10x_gpio.o(i.GPIO_EXTILineConfig)
    GPIO_Init                                0x08002071   Thumb Code   278  stm32f10x_gpio.o(i.GPIO_Init)
    GPIO_ReadInputDataBit                    0x08002187   Thumb Code    18  stm32f10x_gpio.o(i.GPIO_ReadInputDataBit)
    GPIO_WriteBit                            0x08002199   Thumb Code    10  stm32f10x_gpio.o(i.GPIO_WriteBit)
    Game_Of_Life_Play                        0x080021a5   Thumb Code   344  game_of_life.o(i.Game_Of_Life_Play)
    Game_Of_Life_Turn                        0x08002305   Thumb Code    82  game_of_life.o(i.Game_Of_Life_Turn)
    Game_Snake_Advance                       0x08002359   Thumb Code   364  game_snake.o(i.Game_Snake_Advance)
    Game_Snake_Init                          0x080024d1   Thumb Code   156  game_snake.o(i.Game_Snake_Init)
    Game_Snake_Play                          0x08002579   Thumb Code   294  game_snake.o(i.Game_Snake_Play)
    Game_Snake_Show_Tile_8x8                 0x080026c9   Thumb Code    38  game_snake.o(i.Game_Snake_Show_Tile_8x8)
    HardFault_Handler                        0x080026f9   Thumb Code     4  stm32f10x_it.o(i.HardFault_Handler)
    Key_Back_Get                             0x080026fd   Thumb Code    20  key.o(i.Key_Back_Get)
    Key_Down_Get                             0x08002715   Thumb Code    20  key.o(i.Key_Down_Get)
    Key_Enter_Get                            0x0800272d   Thumb Code    20  key.o(i.Key_Enter_Get)
    Key_Init                                 0x08002745   Thumb Code   148  key.o(i.Key_Init)
    Key_Reset_All                            0x080027dd   Thumb Code    14  key.o(i.Key_Reset_All)
    Key_Up_Get                               0x080027f1   Thumb Code    20  key.o(i.Key_Up_Get)
    Map_Clear                                0x08002809   Thumb Code    36  game_snake.o(i.Map_Clear)
    Map_Update                               0x08002831   Thumb Code    58  game_snake.o(i.Map_Update)
    MemManage_Handler                        0x08002871   Thumb Code     4  stm32f10x_it.o(i.MemManage_Handler)
    Menu_BackEvent                           0x08002875   Thumb Code     8  menu.o(i.Menu_BackEvent)
    Menu_CurveMigration                      0x0800287d   Thumb Code   132  menu.o(i.Menu_CurveMigration)
    Menu_EnterEvent                          0x08002905   Thumb Code     8  menu.o(i.Menu_EnterEvent)
    Menu_Information                         0x0800290d   Thumb Code   124  menu_data.o(i.Menu_Information)
    Menu_PrintfOptionStr                     0x080029b9   Thumb Code    60  menu.o(i.Menu_PrintfOptionStr)
    Menu_RollEvent                           0x080029f5   Thumb Code    32  menu.o(i.Menu_RollEvent)
    Menu_RunGamesMenu                        0x08002a15   Thumb Code    10  menu_data.o(i.Menu_RunGamesMenu)
    Menu_RunMainMenu                         0x08002a25   Thumb Code    10  menu_data.o(i.Menu_RunMainMenu)
    Menu_RunMenu                             0x08002a35   Thumb Code   568  menu.o(i.Menu_RunMenu)
    Menu_RunSettingMenu                      0x08002c71   Thumb Code    10  menu_setting.o(i.Menu_RunSettingMenu)
    Menu_RunToolsMenu                        0x08002c81   Thumb Code    10  menu_data.o(i.Menu_RunToolsMenu)
    Menu_ShowCursor                          0x08002c91   Thumb Code   286  menu.o(i.Menu_ShowCursor)
    NMI_Handler                              0x08002dbd   Thumb Code     2  stm32f10x_it.o(i.NMI_Handler)
    NVIC_Init                                0x08002dc1   Thumb Code   100  misc.o(i.NVIC_Init)
    NVIC_PriorityGroupConfig                 0x08002e31   Thumb Code    10  misc.o(i.NVIC_PriorityGroupConfig)
    OLED_Clear                               0x08002e45   Thumb Code    36  oled.o(i.OLED_Clear)
    OLED_ClearArea                           0x08002e6d   Thumb Code   162  oled.o(i.OLED_ClearArea)
    OLED_DrawLine                            0x08002f15   Thumb Code   374  oled.o(i.OLED_DrawLine)
    OLED_DrawPoint                           0x0800308d   Thumb Code    74  oled.o(i.OLED_DrawPoint)
    OLED_DrawRectangle                       0x080030dd   Thumb Code   142  oled.o(i.OLED_DrawRectangle)
    OLED_GPIO_Init                           0x0800316d   Thumb Code    92  oled.o(i.OLED_GPIO_Init)
    OLED_GetPoint                            0x080031cd   Thumb Code    64  oled.o(i.OLED_GetPoint)
    OLED_I2C_SendByte                        0x08003211   Thumb Code    62  oled.o(i.OLED_I2C_SendByte)
    OLED_I2C_Start                           0x0800324f   Thumb Code    28  oled.o(i.OLED_I2C_Start)
    OLED_I2C_Stop                            0x0800326b   Thumb Code    22  oled.o(i.OLED_I2C_Stop)
    OLED_Init                                0x08003281   Thumb Code   154  oled.o(i.OLED_Init)
    OLED_MyShowChinese                       0x0800331d   Thumb Code    98  oled_patch_byadam.o(i.OLED_MyShowChinese)
    OLED_Printf                              0x08003389   Thumb Code    50  oled.o(i.OLED_Printf)
    OLED_ReverseArea                         0x080033bd   Thumb Code   162  oled.o(i.OLED_ReverseArea)
    OLED_Rotation_Block                      0x08003465   Thumb Code   480  oled_patch_byadam.o(i.OLED_Rotation_Block)
    OLED_Rotation_C_P                        0x08003651   Thumb Code   310  oled_patch_byadam.o(i.OLED_Rotation_C_P)
    OLED_SetCursor                           0x08003791   Thumb Code    34  oled.o(i.OLED_SetCursor)
    OLED_ShowChar                            0x080037b5   Thumb Code    74  oled.o(i.OLED_ShowChar)
    OLED_ShowImage                           0x08003809   Thumb Code   534  oled_patch_byadam.o(i.OLED_ShowImage)
    OLED_ShowString                          0x08003a25   Thumb Code   212  oled_patch_byadam.o(i.OLED_ShowString)
    OLED_ShowStringArea                      0x08003af9   Thumb Code   270  oled_patch_byadam.o(i.OLED_ShowStringArea)
    OLED_Update                              0x08003c09   Thumb Code    36  oled.o(i.OLED_Update)
    OLED_W_SCL                               0x08003c31   Thumb Code    18  oled.o(i.OLED_W_SCL)
    OLED_W_SDA                               0x08003c49   Thumb Code    18  oled.o(i.OLED_W_SDA)
    OLED_WriteCommand                        0x08003c61   Thumb Code    32  oled.o(i.OLED_WriteCommand)
    OLED_WriteData                           0x08003c81   Thumb Code    46  oled.o(i.OLED_WriteData)
    PWM_Init                                 0x08003cb1   Thumb Code   146  pwm.o(i.PWM_Init)
    PWM_SetCompare1                          0x08003d49   Thumb Code    16  pwm.o(i.PWM_SetCompare1)
    PWM_SetPeriod                            0x08003d59   Thumb Code     8  pwm.o(i.PWM_SetPeriod)
    PWM_SetPrescaler                         0x08003d61   Thumb Code    16  pwm.o(i.PWM_SetPrescaler)
    PWR_EnterSTOPMode                        0x08003d71   Thumb Code    54  stm32f10x_pwr.o(i.PWR_EnterSTOPMode)
    PWR_WakeUpPinCmd                         0x08003db1   Thumb Code     6  stm32f10x_pwr.o(i.PWR_WakeUpPinCmd)
    PendSV_Handler                           0x08003dbd   Thumb Code     2  stm32f10x_it.o(i.PendSV_Handler)
    Point_death                              0x08003dc1   Thumb Code    60  game_of_life.o(i.Point_death)
    Point_life                               0x08003e01   Thumb Code    60  game_of_life.o(i.Point_life)
    Power_Off                                0x08003e41   Thumb Code    64  main.o(i.Power_Off)
    RCC_APB1PeriphClockCmd                   0x08003e81   Thumb Code    26  stm32f10x_rcc.o(i.RCC_APB1PeriphClockCmd)
    RCC_APB2PeriphClockCmd                   0x08003ea1   Thumb Code    26  stm32f10x_rcc.o(i.RCC_APB2PeriphClockCmd)
    RandFood                                 0x08003ec1   Thumb Code   118  game_snake.o(i.RandFood)
    SVC_Handler                              0x08003f3d   Thumb Code     2  stm32f10x_it.o(i.SVC_Handler)
    Set_CursorStyle                          0x08004029   Thumb Code    56  menu_setting.o(i.Set_CursorStyle)
    Set_animation_speed                      0x080040b1   Thumb Code   142  menu_setting.o(i.Set_animation_speed)
    SysTick_Handler                          0x080041ad   Thumb Code     2  stm32f10x_it.o(i.SysTick_Handler)
    SystemInit                               0x080041b1   Thumb Code    78  system_stm32f10x.o(i.SystemInit)
    TIM4_IRQHandler                          0x08004451   Thumb Code    36  timer.o(i.TIM4_IRQHandler)
    TIM_ClearFlag                            0x0800447d   Thumb Code     6  stm32f10x_tim.o(i.TIM_ClearFlag)
    TIM_ClearITPendingBit                    0x08004483   Thumb Code     6  stm32f10x_tim.o(i.TIM_ClearITPendingBit)
    TIM_Cmd                                  0x08004489   Thumb Code    24  stm32f10x_tim.o(i.TIM_Cmd)
    TIM_EncoderInterfaceConfig               0x080044a1   Thumb Code    66  stm32f10x_tim.o(i.TIM_EncoderInterfaceConfig)
    TIM_GetCounter                           0x080044e3   Thumb Code     6  stm32f10x_tim.o(i.TIM_GetCounter)
    TIM_GetITStatus                          0x080044e9   Thumb Code    34  stm32f10x_tim.o(i.TIM_GetITStatus)
    TIM_ICInit                               0x0800450d   Thumb Code   150  stm32f10x_tim.o(i.TIM_ICInit)
    TIM_ICStructInit                         0x080045b9   Thumb Code    18  stm32f10x_tim.o(i.TIM_ICStructInit)
    TIM_ITConfig                             0x080045cb   Thumb Code    18  stm32f10x_tim.o(i.TIM_ITConfig)
    TIM_InternalClockConfig                  0x080045dd   Thumb Code    12  stm32f10x_tim.o(i.TIM_InternalClockConfig)
    TIM_OC1Init                              0x080045e9   Thumb Code   132  stm32f10x_tim.o(i.TIM_OC1Init)
    TIM_OCStructInit                         0x08004681   Thumb Code    20  stm32f10x_tim.o(i.TIM_OCStructInit)
    TIM_PrescalerConfig                      0x08004695   Thumb Code     6  stm32f10x_tim.o(i.TIM_PrescalerConfig)
    TIM_SetCompare1                          0x0800469b   Thumb Code     4  stm32f10x_tim.o(i.TIM_SetCompare1)
    TIM_SetCounter                           0x0800469f   Thumb Code     4  stm32f10x_tim.o(i.TIM_SetCounter)
    TIM_SetIC1Prescaler                      0x080046a3   Thumb Code    18  stm32f10x_tim.o(i.TIM_SetIC1Prescaler)
    TIM_SetIC2Prescaler                      0x080046b5   Thumb Code    26  stm32f10x_tim.o(i.TIM_SetIC2Prescaler)
    TIM_SetIC3Prescaler                      0x080046cf   Thumb Code    18  stm32f10x_tim.o(i.TIM_SetIC3Prescaler)
    TIM_SetIC4Prescaler                      0x080046e1   Thumb Code    26  stm32f10x_tim.o(i.TIM_SetIC4Prescaler)
    TIM_TimeBaseInit                         0x080046fd   Thumb Code   122  stm32f10x_tim.o(i.TIM_TimeBaseInit)
    Timer_Init                               0x080047a1   Thumb Code   122  timer.o(i.Timer_Init)
    Tools_PWM_Output                         0x08004821   Thumb Code    36  tools.o(i.Tools_PWM_Output)
    Tools_PWM_OutputUpdate                   0x08004861   Thumb Code   136  tools.o(i.Tools_PWM_OutputUpdate)
    Tools_PWM_Output_Set                     0x08004905   Thumb Code   532  tools.o(i.Tools_PWM_Output_Set)
    Tools_PWM_Output_SetARR                  0x08004b89   Thumb Code   114  tools.o(i.Tools_PWM_Output_SetARR)
    Tools_PWM_Output_SetCCR                  0x08004c19   Thumb Code    62  tools.o(i.Tools_PWM_Output_SetCCR)
    Tools_PWM_Output_SetCat1                 0x08004c69   Thumb Code    10  tools.o(i.Tools_PWM_Output_SetCat1)
    Tools_PWM_Output_SetCat2                 0x08004c73   Thumb Code    10  tools.o(i.Tools_PWM_Output_SetCat2)
    Tools_PWM_Output_SetCat3                 0x08004c7d   Thumb Code    10  tools.o(i.Tools_PWM_Output_SetCat3)
    Tools_PWM_Output_SetCat4                 0x08004c87   Thumb Code    10  tools.o(i.Tools_PWM_Output_SetCat4)
    Tools_PWM_Output_SetCat5                 0x08004c91   Thumb Code    10  tools.o(i.Tools_PWM_Output_SetCat5)
    Tools_PWM_Output_SetDuty                 0x08004c9d   Thumb Code   116  tools.o(i.Tools_PWM_Output_SetDuty)
    Tools_PWM_Output_SetFreq                 0x08004d21   Thumb Code   164  tools.o(i.Tools_PWM_Output_SetFreq)
    Tools_PWM_Output_SetPSC                  0x08004dd9   Thumb Code    76  tools.o(i.Tools_PWM_Output_SetPSC)
    Update_Display                           0x08004e35   Thumb Code    16  game_of_life.o(i.Update_Display)
    UsageFault_Handler                       0x08004e4d   Thumb Code     4  stm32f10x_it.o(i.UsageFault_Handler)
    __ARM_fpclassify                         0x08004e51   Thumb Code    40  fpclassify.o(i.__ARM_fpclassify)
    __ieee754_rem_pio2                       0x08004e79   Thumb Code   828  rred.o(i.__ieee754_rem_pio2)
    __kernel_cos                             0x08005201   Thumb Code   230  cos_i.o(i.__kernel_cos)
    __kernel_poly                            0x080052fd   Thumb Code   170  poly.o(i.__kernel_poly)
    __kernel_sin                             0x080053a9   Thumb Code   224  sin_i.o(i.__kernel_sin)
    __mathlib_dbl_infnan                     0x08005495   Thumb Code     6  dunder.o(i.__mathlib_dbl_infnan)
    __mathlib_dbl_invalid                    0x0800549b   Thumb Code    12  dunder.o(i.__mathlib_dbl_invalid)
    __mathlib_dbl_underflow                  0x080054a9   Thumb Code    10  dunder.o(i.__mathlib_dbl_underflow)
    _is_digit                                0x080054b9   Thumb Code    14  __printf_wp.o(i._is_digit)
    cos                                      0x080054c9   Thumb Code   148  cos.o(i.cos)
    main                                     0x08005565   Thumb Code    28  main.o(i.main)
    sin                                      0x08005581   Thumb Code   150  sin.o(i.sin)
    _get_lc_numeric                          0x08005621   Thumb Code    44  lc_numeric_c.o(locale$$code)
    _get_lc_ctype                            0x0800564d   Thumb Code    44  lc_ctype_c.o(locale$$code)
    __aeabi_d2f                              0x08005679   Thumb Code     0  d2f.o(x$fpl$d2f)
    _d2f                                     0x08005679   Thumb Code    98  d2f.o(x$fpl$d2f)
    __aeabi_dadd                             0x080056dd   Thumb Code     0  daddsub_clz.o(x$fpl$dadd)
    _dadd                                    0x080056dd   Thumb Code   332  daddsub_clz.o(x$fpl$dadd)
    __fpl_dcheck_NaN1                        0x0800582d   Thumb Code    10  dcheck1.o(x$fpl$dcheck1)
    __aeabi_ddiv                             0x0800583d   Thumb Code     0  ddiv.o(x$fpl$ddiv)
    _ddiv                                    0x0800583d   Thumb Code   552  ddiv.o(x$fpl$ddiv)
    __aeabi_d2iz                             0x08005aed   Thumb Code     0  dfix.o(x$fpl$dfix)
    _dfix                                    0x08005aed   Thumb Code    94  dfix.o(x$fpl$dfix)
    __aeabi_d2uiz                            0x08005b4d   Thumb Code     0  dfixu.o(x$fpl$dfixu)
    _dfixu                                   0x08005b4d   Thumb Code    90  dfixu.o(x$fpl$dfixu)
    __aeabi_i2d                              0x08005ba7   Thumb Code     0  dflt_clz.o(x$fpl$dflt)
    _dflt                                    0x08005ba7   Thumb Code    46  dflt_clz.o(x$fpl$dflt)
    __aeabi_ui2d                             0x08005bd5   Thumb Code     0  dflt_clz.o(x$fpl$dfltu)
    _dfltu                                   0x08005bd5   Thumb Code    38  dflt_clz.o(x$fpl$dfltu)
    __aeabi_dmul                             0x08005bfd   Thumb Code     0  dmul.o(x$fpl$dmul)
    _dmul                                    0x08005bfd   Thumb Code   332  dmul.o(x$fpl$dmul)
    __fpl_dnaninf                            0x08005d51   Thumb Code   156  dnaninf.o(x$fpl$dnaninf)
    __fpl_dretinf                            0x08005ded   Thumb Code    12  dretinf.o(x$fpl$dretinf)
    __aeabi_drsub                            0x08005df9   Thumb Code     0  daddsub_clz.o(x$fpl$drsb)
    _drsb                                    0x08005df9   Thumb Code    22  daddsub_clz.o(x$fpl$drsb)
    __aeabi_dsub                             0x08005e11   Thumb Code     0  daddsub_clz.o(x$fpl$dsub)
    _dsub                                    0x08005e11   Thumb Code   464  daddsub_clz.o(x$fpl$dsub)
    __aeabi_f2d                              0x08005fe5   Thumb Code     0  f2d.o(x$fpl$f2d)
    _f2d                                     0x08005fe5   Thumb Code    86  f2d.o(x$fpl$f2d)
    __aeabi_fadd                             0x0800603d   Thumb Code     0  faddsub_clz.o(x$fpl$fadd)
    _fadd                                    0x0800603d   Thumb Code   196  faddsub_clz.o(x$fpl$fadd)
    __fpl_fcmp_Inf                           0x08006101   Thumb Code    24  fcmpi.o(x$fpl$fcmpinf)
    __aeabi_fdiv                             0x08006119   Thumb Code     0  fdiv.o(x$fpl$fdiv)
    _fdiv                                    0x08006119   Thumb Code   384  fdiv.o(x$fpl$fdiv)
    __aeabi_f2iz                             0x0800629d   Thumb Code     0  ffix.o(x$fpl$ffix)
    _ffix                                    0x0800629d   Thumb Code    54  ffix.o(x$fpl$ffix)
    __aeabi_f2uiz                            0x080062d5   Thumb Code     0  ffixu.o(x$fpl$ffixu)
    _ffixu                                   0x080062d5   Thumb Code    62  ffixu.o(x$fpl$ffixu)
    __aeabi_i2f                              0x08006315   Thumb Code     0  fflt_clz.o(x$fpl$fflt)
    _fflt                                    0x08006315   Thumb Code    48  fflt_clz.o(x$fpl$fflt)
    __aeabi_ui2f                             0x08006345   Thumb Code     0  fflt_clz.o(x$fpl$ffltu)
    _ffltu                                   0x08006345   Thumb Code    38  fflt_clz.o(x$fpl$ffltu)
    __aeabi_cfcmple                          0x0800636d   Thumb Code     0  fleqf.o(x$fpl$fleqf)
    _fcmple                                  0x0800636d   Thumb Code   104  fleqf.o(x$fpl$fleqf)
    __fpl_fcmple_InfNaN                      0x080063bf   Thumb Code     0  fleqf.o(x$fpl$fleqf)
    __aeabi_fmul                             0x080063d5   Thumb Code     0  fmul.o(x$fpl$fmul)
    _fmul                                    0x080063d5   Thumb Code   258  fmul.o(x$fpl$fmul)
    __fpl_fnaninf                            0x080064d7   Thumb Code   140  fnaninf.o(x$fpl$fnaninf)
    __fpl_fretinf                            0x08006563   Thumb Code    10  fretinf.o(x$fpl$fretinf)
    __aeabi_cfrcmple                         0x0800656d   Thumb Code     0  frleqf.o(x$fpl$frleqf)
    _frcmple                                 0x0800656d   Thumb Code    98  frleqf.o(x$fpl$frleqf)
    __aeabi_frsub                            0x080065cf   Thumb Code     0  faddsub_clz.o(x$fpl$frsb)
    _frsb                                    0x080065cf   Thumb Code    20  faddsub_clz.o(x$fpl$frsb)
    __aeabi_fsub                             0x080065e5   Thumb Code     0  faddsub_clz.o(x$fpl$fsub)
    _fsub                                    0x080065e5   Thumb Code   234  faddsub_clz.o(x$fpl$fsub)
    _printf_fp_dec                           0x080066cf   Thumb Code     4  printf1.o(x$fpl$printf1)
    _printf_fp_hex                           0x080066d3   Thumb Code     4  printf2.o(x$fpl$printf2)
    __fpl_return_NaN                         0x080066d7   Thumb Code   100  retnan.o(x$fpl$retnan)
    __ARM_scalbn                             0x0800673b   Thumb Code    92  scalbn.o(x$fpl$scalbn)
    __fpl_cmpreturn                          0x08006797   Thumb Code    48  trapv.o(x$fpl$trapveneer)
    Game_Snake_Tile_8x8                      0x080067c6   Data          48  game_snake.o(.constdata)
    __I$use$fp                               0x080067c6   Number         0  usenofp.o(x$fpl$usenofp)
    OLED_CF16x16                             0x080067f6   Data        1728  oled_data_hanzi.o(.constdata)
    Cursor                                   0x08006eb6   Data           8  oled_data_image.o(.constdata)
    goutou                                   0x08006ebe   Data         128  oled_data_image.o(.constdata)
    XpWallpaper                              0x08006f3e   Data        1024  oled_data_image.o(.constdata)
    Win11Wallpaper                           0x0800733e   Data        1024  oled_data_image.o(.constdata)
    Wallpaper                                0x0800773e   Data        1024  oled_data_image.o(.constdata)
    OLED_F8x16                               0x08007b3e   Data        1520  oled_data_ascii.o(.constdata)
    OLED_F6x8                                0x0800812e   Data         570  oled_data_ascii.o(.constdata)
    Diode                                    0x08008368   Data          32  oled_data_ascii.o(.constdata)
    Region$$Table$$Base                      0x080086b4   Number         0  anon$$obj.o(Region$$Table)
    Region$$Table$$Limit                     0x080086d4   Number         0  anon$$obj.o(Region$$Table)
    __ctype                                  0x080086fd   Data           0  lc_ctype_c.o(locale$$data)
    FreqCounter                              0x20000000   Data           4  timer.o(.data)
    d0                                       0x20000004   Data           1  encoder.o(.data)
    daytemp                                  0x20000005   Data           1  encoder.o(.data)
    Key                                      0x20000006   Data           4  key.o(.data)
    Game_Speed                               0x2000000a   Data           1  game_snake.o(.data)
    Game_Credits                             0x2000000b   Data           1  game_snake.o(.data)
    Menu_Global                              0x2000000c   Data          36  menu.o(.data)
    Menu_SettingOptionList                   0x20000170   Data          64  menu_setting.o(.data)
    PWM_Output_PSC                           0x200001b4   Data           4  tools.o(.data)
    PWM_Output_CCR                           0x200001b8   Data           4  tools.o(.data)
    PWM_Output_ARR                           0x200001bc   Data           4  tools.o(.data)
    PWM_Output_Freq                          0x200001c0   Data           4  tools.o(.data)
    PWM_Output_Duty                          0x200001c4   Data           4  tools.o(.data)
    NumPower                                 0x200001c8   Data           4  tools.o(.data)
    PWM_Output_Option_List                   0x200001cc   Data         112  tools.o(.data)
    Nodes_Cache                              0x2000023c   Data        1024  game_of_life.o(.bss)
    Map                                      0x2000063c   Data         128  game_snake.o(.bss)
    OLED_DisplayBuf                          0x200006bc   Data        1024  oled.o(.bss)
    _random_number_data                      0x20000abc   Data         228  rand.o(.bss)
    __libspace_start                         0x20000ba0   Data          96  libspace.o(.bss)
    __temporary_stack_top$libspace           0x20000c00   Data           0  libspace.o(.bss)



==============================================================================

Memory Map of the image

  Image Entry point : 0x080000ed

  Load Region LR_IROM1 (Base: 0x08000000, Size: 0x00008a3c, Max: 0x00010000, ABSOLUTE, COMPRESSED[0x000088b0])

    Execution Region ER_IROM1 (Exec base: 0x08000000, Load base: 0x08000000, Size: 0x00008800, Max: 0x00010000, ABSOLUTE)

    Exec Addr    Load Addr    Size         Type   Attr      Idx    E Section Name        Object

    0x08000000   0x08000000   0x000000ec   Data   RO            3    RESET               startup_stm32f10x_md.o
    0x080000ec   0x080000ec   0x00000008   Code   RO         4242  * !!!main             c_w.l(__main.o)
    0x080000f4   0x080000f4   0x00000034   Code   RO         4725    !!!scatter          c_w.l(__scatter.o)
    0x08000128   0x08000128   0x0000005a   Code   RO         4723    !!dczerorl2         c_w.l(__dczerorl2.o)
    0x08000182   0x08000182   0x00000002   PAD
    0x08000184   0x08000184   0x0000001c   Code   RO         4727    !!handler_zi        c_w.l(__scatter_zi.o)
    0x080001a0   0x080001a0   0x00000000   Code   RO         4418    .ARM.Collect$$_printf_percent$$00000000  c_w.l(_printf_percent.o)
    0x080001a0   0x080001a0   0x00000006   Code   RO         4407    .ARM.Collect$$_printf_percent$$00000001  c_w.l(_printf_n.o)
    0x080001a6   0x080001a6   0x00000006   Code   RO         4409    .ARM.Collect$$_printf_percent$$00000002  c_w.l(_printf_p.o)
    0x080001ac   0x080001ac   0x00000006   Code   RO         4414    .ARM.Collect$$_printf_percent$$00000003  c_w.l(_printf_f.o)
    0x080001b2   0x080001b2   0x00000006   Code   RO         4415    .ARM.Collect$$_printf_percent$$00000004  c_w.l(_printf_e.o)
    0x080001b8   0x080001b8   0x00000006   Code   RO         4416    .ARM.Collect$$_printf_percent$$00000005  c_w.l(_printf_g.o)
    0x080001be   0x080001be   0x00000006   Code   RO         4417    .ARM.Collect$$_printf_percent$$00000006  c_w.l(_printf_a.o)
    0x080001c4   0x080001c4   0x0000000a   Code   RO         4422    .ARM.Collect$$_printf_percent$$00000007  c_w.l(_printf_ll.o)
    0x080001ce   0x080001ce   0x00000006   Code   RO         4411    .ARM.Collect$$_printf_percent$$00000008  c_w.l(_printf_i.o)
    0x080001d4   0x080001d4   0x00000006   Code   RO         4412    .ARM.Collect$$_printf_percent$$00000009  c_w.l(_printf_d.o)
    0x080001da   0x080001da   0x00000006   Code   RO         4413    .ARM.Collect$$_printf_percent$$0000000A  c_w.l(_printf_u.o)
    0x080001e0   0x080001e0   0x00000006   Code   RO         4410    .ARM.Collect$$_printf_percent$$0000000B  c_w.l(_printf_o.o)
    0x080001e6   0x080001e6   0x00000006   Code   RO         4408    .ARM.Collect$$_printf_percent$$0000000C  c_w.l(_printf_x.o)
    0x080001ec   0x080001ec   0x00000006   Code   RO         4419    .ARM.Collect$$_printf_percent$$0000000D  c_w.l(_printf_lli.o)
    0x080001f2   0x080001f2   0x00000006   Code   RO         4420    .ARM.Collect$$_printf_percent$$0000000E  c_w.l(_printf_lld.o)
    0x080001f8   0x080001f8   0x00000006   Code   RO         4421    .ARM.Collect$$_printf_percent$$0000000F  c_w.l(_printf_llu.o)
    0x080001fe   0x080001fe   0x00000006   Code   RO         4426    .ARM.Collect$$_printf_percent$$00000010  c_w.l(_printf_llo.o)
    0x08000204   0x08000204   0x00000006   Code   RO         4427    .ARM.Collect$$_printf_percent$$00000011  c_w.l(_printf_llx.o)
    0x0800020a   0x0800020a   0x0000000a   Code   RO         4423    .ARM.Collect$$_printf_percent$$00000012  c_w.l(_printf_l.o)
    0x08000214   0x08000214   0x00000006   Code   RO         4405    .ARM.Collect$$_printf_percent$$00000013  c_w.l(_printf_c.o)
    0x0800021a   0x0800021a   0x00000006   Code   RO         4406    .ARM.Collect$$_printf_percent$$00000014  c_w.l(_printf_s.o)
    0x08000220   0x08000220   0x00000006   Code   RO         4424    .ARM.Collect$$_printf_percent$$00000015  c_w.l(_printf_lc.o)
    0x08000226   0x08000226   0x00000006   Code   RO         4425    .ARM.Collect$$_printf_percent$$00000016  c_w.l(_printf_ls.o)
    0x0800022c   0x0800022c   0x00000004   Code   RO         4572    .ARM.Collect$$_printf_percent$$00000017  c_w.l(_printf_percent_end.o)
    0x08000230   0x08000230   0x00000002   Code   RO         4638    .ARM.Collect$$libinit$$00000000  c_w.l(libinit.o)
    0x08000232   0x08000232   0x00000000   Code   RO         4431    .ARM.Collect$$libinit$$00000002  c_w.l(libinit2.o)
    0x08000232   0x08000232   0x00000000   Code   RO         4433    .ARM.Collect$$libinit$$00000004  c_w.l(libinit2.o)
    0x08000232   0x08000232   0x00000000   Code   RO         4436    .ARM.Collect$$libinit$$0000000A  c_w.l(libinit2.o)
    0x08000232   0x08000232   0x00000000   Code   RO         4438    .ARM.Collect$$libinit$$0000000C  c_w.l(libinit2.o)
    0x08000232   0x08000232   0x00000004   Code   RO         4439    .ARM.Collect$$libinit$$0000000D  c_w.l(libinit2.o)
    0x08000236   0x08000236   0x00000000   Code   RO         4440    .ARM.Collect$$libinit$$0000000E  c_w.l(libinit2.o)
    0x08000236   0x08000236   0x00000006   Code   RO         4441    .ARM.Collect$$libinit$$0000000F  c_w.l(libinit2.o)
    0x0800023c   0x0800023c   0x00000000   Code   RO         4443    .ARM.Collect$$libinit$$00000011  c_w.l(libinit2.o)
    0x0800023c   0x0800023c   0x0000000c   Code   RO         4444    .ARM.Collect$$libinit$$00000012  c_w.l(libinit2.o)
    0x08000248   0x08000248   0x00000000   Code   RO         4445    .ARM.Collect$$libinit$$00000013  c_w.l(libinit2.o)
    0x08000248   0x08000248   0x00000000   Code   RO         4447    .ARM.Collect$$libinit$$00000015  c_w.l(libinit2.o)
    0x08000248   0x08000248   0x0000000a   Code   RO         4448    .ARM.Collect$$libinit$$00000016  c_w.l(libinit2.o)
    0x08000252   0x08000252   0x00000000   Code   RO         4449    .ARM.Collect$$libinit$$00000017  c_w.l(libinit2.o)
    0x08000252   0x08000252   0x00000000   Code   RO         4451    .ARM.Collect$$libinit$$00000019  c_w.l(libinit2.o)
    0x08000252   0x08000252   0x00000000   Code   RO         4453    .ARM.Collect$$libinit$$0000001B  c_w.l(libinit2.o)
    0x08000252   0x08000252   0x00000000   Code   RO         4455    .ARM.Collect$$libinit$$0000001D  c_w.l(libinit2.o)
    0x08000252   0x08000252   0x00000000   Code   RO         4457    .ARM.Collect$$libinit$$0000001F  c_w.l(libinit2.o)
    0x08000252   0x08000252   0x00000000   Code   RO         4459    .ARM.Collect$$libinit$$00000021  c_w.l(libinit2.o)
    0x08000252   0x08000252   0x00000000   Code   RO         4461    .ARM.Collect$$libinit$$00000023  c_w.l(libinit2.o)
    0x08000252   0x08000252   0x00000000   Code   RO         4463    .ARM.Collect$$libinit$$00000025  c_w.l(libinit2.o)
    0x08000252   0x08000252   0x00000000   Code   RO         4467    .ARM.Collect$$libinit$$0000002C  c_w.l(libinit2.o)
    0x08000252   0x08000252   0x00000000   Code   RO         4469    .ARM.Collect$$libinit$$0000002E  c_w.l(libinit2.o)
    0x08000252   0x08000252   0x00000000   Code   RO         4471    .ARM.Collect$$libinit$$00000030  c_w.l(libinit2.o)
    0x08000252   0x08000252   0x00000000   Code   RO         4473    .ARM.Collect$$libinit$$00000032  c_w.l(libinit2.o)
    0x08000252   0x08000252   0x00000002   Code   RO         4474    .ARM.Collect$$libinit$$00000033  c_w.l(libinit2.o)
    0x08000254   0x08000254   0x00000002   Code   RO         4684    .ARM.Collect$$libshutdown$$00000000  c_w.l(libshutdown.o)
    0x08000256   0x08000256   0x00000000   Code   RO         4690    .ARM.Collect$$libshutdown$$00000002  c_w.l(libshutdown2.o)
    0x08000256   0x08000256   0x00000000   Code   RO         4692    .ARM.Collect$$libshutdown$$00000004  c_w.l(libshutdown2.o)
    0x08000256   0x08000256   0x00000000   Code   RO         4695    .ARM.Collect$$libshutdown$$00000007  c_w.l(libshutdown2.o)
    0x08000256   0x08000256   0x00000000   Code   RO         4698    .ARM.Collect$$libshutdown$$0000000A  c_w.l(libshutdown2.o)
    0x08000256   0x08000256   0x00000000   Code   RO         4700    .ARM.Collect$$libshutdown$$0000000C  c_w.l(libshutdown2.o)
    0x08000256   0x08000256   0x00000000   Code   RO         4703    .ARM.Collect$$libshutdown$$0000000F  c_w.l(libshutdown2.o)
    0x08000256   0x08000256   0x00000002   Code   RO         4704    .ARM.Collect$$libshutdown$$00000010  c_w.l(libshutdown2.o)
    0x08000258   0x08000258   0x00000000   Code   RO         4334    .ARM.Collect$$rtentry$$00000000  c_w.l(__rtentry.o)
    0x08000258   0x08000258   0x00000000   Code   RO         4538    .ARM.Collect$$rtentry$$00000002  c_w.l(__rtentry2.o)
    0x08000258   0x08000258   0x00000006   Code   RO         4550    .ARM.Collect$$rtentry$$00000004  c_w.l(__rtentry4.o)
    0x0800025e   0x0800025e   0x00000000   Code   RO         4540    .ARM.Collect$$rtentry$$00000009  c_w.l(__rtentry2.o)
    0x0800025e   0x0800025e   0x00000004   Code   RO         4541    .ARM.Collect$$rtentry$$0000000A  c_w.l(__rtentry2.o)
    0x08000262   0x08000262   0x00000000   Code   RO         4543    .ARM.Collect$$rtentry$$0000000C  c_w.l(__rtentry2.o)
    0x08000262   0x08000262   0x00000008   Code   RO         4544    .ARM.Collect$$rtentry$$0000000D  c_w.l(__rtentry2.o)
    0x0800026a   0x0800026a   0x00000002   Code   RO         4645    .ARM.Collect$$rtexit$$00000000  c_w.l(rtexit.o)
    0x0800026c   0x0800026c   0x00000000   Code   RO         4662    .ARM.Collect$$rtexit$$00000002  c_w.l(rtexit2.o)
    0x0800026c   0x0800026c   0x00000004   Code   RO         4663    .ARM.Collect$$rtexit$$00000003  c_w.l(rtexit2.o)
    0x08000270   0x08000270   0x00000006   Code   RO         4664    .ARM.Collect$$rtexit$$00000004  c_w.l(rtexit2.o)
    0x08000276   0x08000276   0x00000002   PAD
    0x08000278   0x08000278   0x00000034   Code   RO         4231    .emb_text           c_w.l(rand.o)
    0x080002ac   0x080002ac   0x00000040   Code   RO            4    .text               startup_stm32f10x_md.o
    0x080002ec   0x080002ec   0x00000024   Code   RO         4229    .text               c_w.l(vsprintf.o)
    0x08000310   0x08000310   0x0000003c   Code   RO         4232    .text               c_w.l(rand.o)
    0x0800034c   0x0800034c   0x0000008a   Code   RO         4236    .text               c_w.l(rt_memcpy_v6.o)
    0x080003d6   0x080003d6   0x00000002   PAD
    0x080003d8   0x080003d8   0x00000080   Code   RO         4238    .text               c_w.l(strcmpv7m.o)
    0x08000458   0x08000458   0x00000006   Code   RO         4240    .text               c_w.l(heapauxi.o)
    0x0800045e   0x0800045e   0x00000016   Code   RO         4335    .text               c_w.l(_rserrno.o)
    0x08000474   0x08000474   0x0000004e   Code   RO         4339    .text               c_w.l(_printf_pad.o)
    0x080004c2   0x080004c2   0x00000024   Code   RO         4341    .text               c_w.l(_printf_truncate.o)
    0x080004e6   0x080004e6   0x00000052   Code   RO         4343    .text               c_w.l(_printf_str.o)
    0x08000538   0x08000538   0x00000078   Code   RO         4345    .text               c_w.l(_printf_dec.o)
    0x080005b0   0x080005b0   0x00000028   Code   RO         4347    .text               c_w.l(_printf_charcount.o)
    0x080005d8   0x080005d8   0x00000030   Code   RO         4349    .text               c_w.l(_printf_char_common.o)
    0x08000608   0x08000608   0x0000000a   Code   RO         4351    .text               c_w.l(_sputc.o)
    0x08000612   0x08000612   0x00000002   PAD
    0x08000614   0x08000614   0x000000bc   Code   RO         4353    .text               c_w.l(_printf_wctomb.o)
    0x080006d0   0x080006d0   0x0000007c   Code   RO         4356    .text               c_w.l(_printf_longlong_dec.o)
    0x0800074c   0x0800074c   0x00000070   Code   RO         4362    .text               c_w.l(_printf_oct_int_ll.o)
    0x080007bc   0x080007bc   0x00000094   Code   RO         4382    .text               c_w.l(_printf_hex_int_ll_ptr.o)
    0x08000850   0x08000850   0x00000188   Code   RO         4402    .text               c_w.l(__printf_flags_ss_wp.o)
    0x080009d8   0x080009d8   0x00000064   Code   RO         4428    .text               c_w.l(rt_memcpy_w.o)
    0x08000a3c   0x08000a3c   0x00000008   Code   RO         4555    .text               c_w.l(rt_errno_addr_intlibspace.o)
    0x08000a44   0x08000a44   0x0000008a   Code   RO         4557    .text               c_w.l(lludiv10.o)
    0x08000ace   0x08000ace   0x000000b2   Code   RO         4559    .text               c_w.l(_printf_intcommon.o)
    0x08000b80   0x08000b80   0x0000041e   Code   RO         4561    .text               c_w.l(_printf_fp_dec.o)
    0x08000f9e   0x08000f9e   0x00000002   PAD
    0x08000fa0   0x08000fa0   0x000002fc   Code   RO         4563    .text               c_w.l(_printf_fp_hex.o)
    0x0800129c   0x0800129c   0x0000002c   Code   RO         4568    .text               c_w.l(_printf_char.o)
    0x080012c8   0x080012c8   0x0000002c   Code   RO         4570    .text               c_w.l(_printf_wchar.o)
    0x080012f4   0x080012f4   0x00000040   Code   RO         4573    .text               c_w.l(_wcrtomb.o)
    0x08001334   0x08001334   0x00000008   Code   RO         4585    .text               c_w.l(libspace.o)
    0x0800133c   0x0800133c   0x0000004a   Code   RO         4588    .text               c_w.l(sys_stackheap_outer.o)
    0x08001386   0x08001386   0x00000002   PAD
    0x08001388   0x08001388   0x00000010   Code   RO         4590    .text               c_w.l(rt_ctype_table.o)
    0x08001398   0x08001398   0x00000008   Code   RO         4595    .text               c_w.l(rt_locale_intlibspace.o)
    0x080013a0   0x080013a0   0x00000080   Code   RO         4597    .text               c_w.l(_printf_fp_infnan.o)
    0x08001420   0x08001420   0x000000e4   Code   RO         4599    .text               c_w.l(bigflt0.o)
    0x08001504   0x08001504   0x00000012   Code   RO         4627    .text               c_w.l(exit.o)
    0x08001516   0x08001516   0x00000002   Code   RO         4658    .text               c_w.l(use_no_semi.o)
    0x08001518   0x08001518   0x00000000   Code   RO         4660    .text               c_w.l(indicate_semi.o)
    0x08001518   0x08001518   0x0000000c   Code   RO         4676    .text               c_w.l(sys_exit.o)
    0x08001524   0x08001524   0x0000003e   Code   RO         4602    CL$$btod_d2e        c_w.l(btod.o)
    0x08001562   0x08001562   0x00000046   Code   RO         4604    CL$$btod_d2e_denorm_low  c_w.l(btod.o)
    0x080015a8   0x080015a8   0x00000060   Code   RO         4603    CL$$btod_d2e_norm_op1  c_w.l(btod.o)
    0x08001608   0x08001608   0x00000338   Code   RO         4612    CL$$btod_div_common  c_w.l(btod.o)
    0x08001940   0x08001940   0x000000dc   Code   RO         4609    CL$$btod_e2e        c_w.l(btod.o)
    0x08001a1c   0x08001a1c   0x0000002a   Code   RO         4606    CL$$btod_ediv       c_w.l(btod.o)
    0x08001a46   0x08001a46   0x0000002a   Code   RO         4605    CL$$btod_emul       c_w.l(btod.o)
    0x08001a70   0x08001a70   0x00000244   Code   RO         4611    CL$$btod_mult_common  c_w.l(btod.o)
    0x08001cb4   0x08001cb4   0x00000004   Code   RO         3419    i.BusFault_Handler  stm32f10x_it.o
    0x08001cb8   0x08001cb8   0x00000072   Code   RO         3482    i.CountPointRound   game_of_life.o
    0x08001d2a   0x08001d2a   0x00000002   Code   RO         3420    i.DebugMon_Handler  stm32f10x_it.o
    0x08001d2c   0x08001d2c   0x00000018   Code   RO         3196    i.Delay_ms          delay.o
    0x08001d44   0x08001d44   0x0000002e   Code   RO         3198    i.Delay_us          delay.o
    0x08001d72   0x08001d72   0x00000002   PAD
    0x08001d74   0x08001d74   0x000000d0   Code   RO         3298    i.EXTI15_10_IRQHandler  key.o
    0x08001e44   0x08001e44   0x0000000c   Code   RO          985    i.EXTI_ClearITPendingBit  stm32f10x_exti.o
    0x08001e50   0x08001e50   0x00000028   Code   RO          989    i.EXTI_GetITStatus  stm32f10x_exti.o
    0x08001e78   0x08001e78   0x00000094   Code   RO          990    i.EXTI_Init         stm32f10x_exti.o
    0x08001f0c   0x08001f0c   0x0000001c   Code   RO         3259    i.Encoder_Get       encoder.o
    0x08001f28   0x08001f28   0x0000005c   Code   RO         3260    i.Encoder_Get_Div4  encoder.o
    0x08001f84   0x08001f84   0x000000ac   Code   RO         3262    i.Encoder_Init      encoder.o
    0x08002030   0x08002030   0x00000040   Code   RO         1344    i.GPIO_EXTILineConfig  stm32f10x_gpio.o
    0x08002070   0x08002070   0x00000116   Code   RO         1347    i.GPIO_Init         stm32f10x_gpio.o
    0x08002186   0x08002186   0x00000012   Code   RO         1351    i.GPIO_ReadInputDataBit  stm32f10x_gpio.o
    0x08002198   0x08002198   0x0000000a   Code   RO         1358    i.GPIO_WriteBit     stm32f10x_gpio.o
    0x080021a2   0x080021a2   0x00000002   PAD
    0x080021a4   0x080021a4   0x00000160   Code   RO         3483    i.Game_Of_Life_Play  game_of_life.o
    0x08002304   0x08002304   0x00000052   Code   RO         3485    i.Game_Of_Life_Turn  game_of_life.o
    0x08002356   0x08002356   0x00000002   PAD
    0x08002358   0x08002358   0x00000178   Code   RO         3539    i.Game_Snake_Advance  game_snake.o
    0x080024d0   0x080024d0   0x000000a8   Code   RO         3541    i.Game_Snake_Init   game_snake.o
    0x08002578   0x08002578   0x00000150   Code   RO         3542    i.Game_Snake_Play   game_snake.o
    0x080026c8   0x080026c8   0x00000030   Code   RO         3543    i.Game_Snake_Show_Tile_8x8  game_snake.o
    0x080026f8   0x080026f8   0x00000004   Code   RO         3421    i.HardFault_Handler  stm32f10x_it.o
    0x080026fc   0x080026fc   0x00000018   Code   RO         3299    i.Key_Back_Get      key.o
    0x08002714   0x08002714   0x00000018   Code   RO         3300    i.Key_Down_Get      key.o
    0x0800272c   0x0800272c   0x00000018   Code   RO         3301    i.Key_Enter_Get     key.o
    0x08002744   0x08002744   0x00000098   Code   RO         3302    i.Key_Init          key.o
    0x080027dc   0x080027dc   0x00000014   Code   RO         3303    i.Key_Reset_All     key.o
    0x080027f0   0x080027f0   0x00000018   Code   RO         3304    i.Key_Up_Get        key.o
    0x08002808   0x08002808   0x00000028   Code   RO         3544    i.Map_Clear         game_snake.o
    0x08002830   0x08002830   0x00000040   Code   RO         3545    i.Map_Update        game_snake.o
    0x08002870   0x08002870   0x00000004   Code   RO         3422    i.MemManage_Handler  stm32f10x_it.o
    0x08002874   0x08002874   0x00000008   Code   RO         3942    i.Menu_BackEvent    menu.o
    0x0800287c   0x0800287c   0x00000088   Code   RO         3943    i.Menu_CurveMigration  menu.o
    0x08002904   0x08002904   0x00000008   Code   RO         3944    i.Menu_EnterEvent   menu.o
    0x0800290c   0x0800290c   0x000000ac   Code   RO         4012    i.Menu_Information  menu_data.o
    0x080029b8   0x080029b8   0x0000003c   Code   RO         3946    i.Menu_PrintfOptionStr  menu.o
    0x080029f4   0x080029f4   0x00000020   Code   RO         3947    i.Menu_RollEvent    menu.o
    0x08002a14   0x08002a14   0x00000010   Code   RO         4013    i.Menu_RunGamesMenu  menu_data.o
    0x08002a24   0x08002a24   0x00000010   Code   RO         4014    i.Menu_RunMainMenu  menu_data.o
    0x08002a34   0x08002a34   0x0000023c   Code   RO         3948    i.Menu_RunMenu      menu.o
    0x08002c70   0x08002c70   0x00000010   Code   RO         4048    i.Menu_RunSettingMenu  menu_setting.o
    0x08002c80   0x08002c80   0x00000010   Code   RO         4015    i.Menu_RunToolsMenu  menu_data.o
    0x08002c90   0x08002c90   0x0000012c   Code   RO         3949    i.Menu_ShowCursor   menu.o
    0x08002dbc   0x08002dbc   0x00000002   Code   RO         3423    i.NMI_Handler       stm32f10x_it.o
    0x08002dbe   0x08002dbe   0x00000002   PAD
    0x08002dc0   0x08002dc0   0x00000070   Code   RO          137    i.NVIC_Init         misc.o
    0x08002e30   0x08002e30   0x00000014   Code   RO          138    i.NVIC_PriorityGroupConfig  misc.o
    0x08002e44   0x08002e44   0x00000028   Code   RO         3605    i.OLED_Clear        oled.o
    0x08002e6c   0x08002e6c   0x000000a8   Code   RO         3606    i.OLED_ClearArea    oled.o
    0x08002f14   0x08002f14   0x00000176   Code   RO         3610    i.OLED_DrawLine     oled.o
    0x0800308a   0x0800308a   0x00000002   PAD
    0x0800308c   0x0800308c   0x00000050   Code   RO         3611    i.OLED_DrawPoint    oled.o
    0x080030dc   0x080030dc   0x0000008e   Code   RO         3612    i.OLED_DrawRectangle  oled.o
    0x0800316a   0x0800316a   0x00000002   PAD
    0x0800316c   0x0800316c   0x00000060   Code   RO         3614    i.OLED_GPIO_Init    oled.o
    0x080031cc   0x080031cc   0x00000044   Code   RO         3615    i.OLED_GetPoint     oled.o
    0x08003210   0x08003210   0x0000003e   Code   RO         3616    i.OLED_I2C_SendByte  oled.o
    0x0800324e   0x0800324e   0x0000001c   Code   RO         3617    i.OLED_I2C_Start    oled.o
    0x0800326a   0x0800326a   0x00000016   Code   RO         3618    i.OLED_I2C_Stop     oled.o
    0x08003280   0x08003280   0x0000009a   Code   RO         3619    i.OLED_Init         oled.o
    0x0800331a   0x0800331a   0x00000002   PAD
    0x0800331c   0x0800331c   0x0000006c   Code   RO         3851    i.OLED_MyShowChinese  oled_patch_byadam.o
    0x08003388   0x08003388   0x00000032   Code   RO         3622    i.OLED_Printf       oled.o
    0x080033ba   0x080033ba   0x00000002   PAD
    0x080033bc   0x080033bc   0x000000a8   Code   RO         3624    i.OLED_ReverseArea  oled.o
    0x08003464   0x08003464   0x000001ec   Code   RO         3852    i.OLED_Rotation_Block  oled_patch_byadam.o
    0x08003650   0x08003650   0x00000140   Code   RO         3853    i.OLED_Rotation_C_P  oled_patch_byadam.o
    0x08003790   0x08003790   0x00000022   Code   RO         3625    i.OLED_SetCursor    oled.o
    0x080037b2   0x080037b2   0x00000002   PAD
    0x080037b4   0x080037b4   0x00000054   Code   RO         3627    i.OLED_ShowChar     oled.o
    0x08003808   0x08003808   0x0000021c   Code   RO         3854    i.OLED_ShowImage    oled_patch_byadam.o
    0x08003a24   0x08003a24   0x000000d4   Code   RO         3855    i.OLED_ShowString   oled_patch_byadam.o
    0x08003af8   0x08003af8   0x0000010e   Code   RO         3856    i.OLED_ShowStringArea  oled_patch_byadam.o
    0x08003c06   0x08003c06   0x00000002   PAD
    0x08003c08   0x08003c08   0x00000028   Code   RO         3633    i.OLED_Update       oled.o
    0x08003c30   0x08003c30   0x00000018   Code   RO         3636    i.OLED_W_SCL        oled.o
    0x08003c48   0x08003c48   0x00000018   Code   RO         3637    i.OLED_W_SDA        oled.o
    0x08003c60   0x08003c60   0x00000020   Code   RO         3638    i.OLED_WriteCommand  oled.o
    0x08003c80   0x08003c80   0x0000002e   Code   RO         3639    i.OLED_WriteData    oled.o
    0x08003cae   0x08003cae   0x00000002   PAD
    0x08003cb0   0x08003cb0   0x00000098   Code   RO         4197    i.PWM_Init          pwm.o
    0x08003d48   0x08003d48   0x00000010   Code   RO         4198    i.PWM_SetCompare1   pwm.o
    0x08003d58   0x08003d58   0x00000008   Code   RO         4199    i.PWM_SetPeriod     pwm.o
    0x08003d60   0x08003d60   0x00000010   Code   RO         4200    i.PWM_SetPrescaler  pwm.o
    0x08003d70   0x08003d70   0x00000040   Code   RO         1714    i.PWR_EnterSTOPMode  stm32f10x_pwr.o
    0x08003db0   0x08003db0   0x0000000c   Code   RO         1718    i.PWR_WakeUpPinCmd  stm32f10x_pwr.o
    0x08003dbc   0x08003dbc   0x00000002   Code   RO         3424    i.PendSV_Handler    stm32f10x_it.o
    0x08003dbe   0x08003dbe   0x00000002   PAD
    0x08003dc0   0x08003dc0   0x00000040   Code   RO         3486    i.Point_death       game_of_life.o
    0x08003e00   0x08003e00   0x00000040   Code   RO         3487    i.Point_life        game_of_life.o
    0x08003e40   0x08003e40   0x00000040   Code   RO         3352    i.Power_Off         main.o
    0x08003e80   0x08003e80   0x00000020   Code   RO         1775    i.RCC_APB1PeriphClockCmd  stm32f10x_rcc.o
    0x08003ea0   0x08003ea0   0x00000020   Code   RO         1777    i.RCC_APB2PeriphClockCmd  stm32f10x_rcc.o
    0x08003ec0   0x08003ec0   0x0000007c   Code   RO         3546    i.RandFood          game_snake.o
    0x08003f3c   0x08003f3c   0x00000002   Code   RO         3425    i.SVC_Handler       stm32f10x_it.o
    0x08003f3e   0x08003f3e   0x00000008   Code   RO           24    i.SetSysClock       system_stm32f10x.o
    0x08003f46   0x08003f46   0x00000002   PAD
    0x08003f48   0x08003f48   0x000000e0   Code   RO           25    i.SetSysClockTo72   system_stm32f10x.o
    0x08004028   0x08004028   0x00000088   Code   RO         4049    i.Set_CursorStyle   menu_setting.o
    0x080040b0   0x080040b0   0x000000fc   Code   RO         4050    i.Set_animation_speed  menu_setting.o
    0x080041ac   0x080041ac   0x00000002   Code   RO         3426    i.SysTick_Handler   stm32f10x_it.o
    0x080041ae   0x080041ae   0x00000002   PAD
    0x080041b0   0x080041b0   0x00000060   Code   RO           27    i.SystemInit        system_stm32f10x.o
    0x08004210   0x08004210   0x00000080   Code   RO         2405    i.TI1_Config        stm32f10x_tim.o
    0x08004290   0x08004290   0x00000098   Code   RO         2406    i.TI2_Config        stm32f10x_tim.o
    0x08004328   0x08004328   0x00000090   Code   RO         2407    i.TI3_Config        stm32f10x_tim.o
    0x080043b8   0x080043b8   0x00000098   Code   RO         2408    i.TI4_Config        stm32f10x_tim.o
    0x08004450   0x08004450   0x0000002c   Code   RO         3220    i.TIM4_IRQHandler   timer.o
    0x0800447c   0x0800447c   0x00000006   Code   RO         2415    i.TIM_ClearFlag     stm32f10x_tim.o
    0x08004482   0x08004482   0x00000006   Code   RO         2416    i.TIM_ClearITPendingBit  stm32f10x_tim.o
    0x08004488   0x08004488   0x00000018   Code   RO         2421    i.TIM_Cmd           stm32f10x_tim.o
    0x080044a0   0x080044a0   0x00000042   Code   RO         2430    i.TIM_EncoderInterfaceConfig  stm32f10x_tim.o
    0x080044e2   0x080044e2   0x00000006   Code   RO         2440    i.TIM_GetCounter    stm32f10x_tim.o
    0x080044e8   0x080044e8   0x00000022   Code   RO         2442    i.TIM_GetITStatus   stm32f10x_tim.o
    0x0800450a   0x0800450a   0x00000002   PAD
    0x0800450c   0x0800450c   0x000000ac   Code   RO         2444    i.TIM_ICInit        stm32f10x_tim.o
    0x080045b8   0x080045b8   0x00000012   Code   RO         2445    i.TIM_ICStructInit  stm32f10x_tim.o
    0x080045ca   0x080045ca   0x00000012   Code   RO         2446    i.TIM_ITConfig      stm32f10x_tim.o
    0x080045dc   0x080045dc   0x0000000c   Code   RO         2448    i.TIM_InternalClockConfig  stm32f10x_tim.o
    0x080045e8   0x080045e8   0x00000098   Code   RO         2450    i.TIM_OC1Init       stm32f10x_tim.o
    0x08004680   0x08004680   0x00000014   Code   RO         2468    i.TIM_OCStructInit  stm32f10x_tim.o
    0x08004694   0x08004694   0x00000006   Code   RO         2470    i.TIM_PrescalerConfig  stm32f10x_tim.o
    0x0800469a   0x0800469a   0x00000004   Code   RO         2482    i.TIM_SetCompare1   stm32f10x_tim.o
    0x0800469e   0x0800469e   0x00000004   Code   RO         2486    i.TIM_SetCounter    stm32f10x_tim.o
    0x080046a2   0x080046a2   0x00000012   Code   RO         2487    i.TIM_SetIC1Prescaler  stm32f10x_tim.o
    0x080046b4   0x080046b4   0x0000001a   Code   RO         2488    i.TIM_SetIC2Prescaler  stm32f10x_tim.o
    0x080046ce   0x080046ce   0x00000012   Code   RO         2489    i.TIM_SetIC3Prescaler  stm32f10x_tim.o
    0x080046e0   0x080046e0   0x0000001a   Code   RO         2490    i.TIM_SetIC4Prescaler  stm32f10x_tim.o
    0x080046fa   0x080046fa   0x00000002   PAD
    0x080046fc   0x080046fc   0x000000a4   Code   RO         2492    i.TIM_TimeBaseInit  stm32f10x_tim.o
    0x080047a0   0x080047a0   0x00000080   Code   RO         3223    i.Timer_Init        timer.o
    0x08004820   0x08004820   0x00000040   Code   RO         4076    i.Tools_PWM_Output  tools.o
    0x08004860   0x08004860   0x000000a4   Code   RO         4077    i.Tools_PWM_OutputUpdate  tools.o
    0x08004904   0x08004904   0x00000284   Code   RO         4078    i.Tools_PWM_Output_Set  tools.o
    0x08004b88   0x08004b88   0x00000090   Code   RO         4079    i.Tools_PWM_Output_SetARR  tools.o
    0x08004c18   0x08004c18   0x00000050   Code   RO         4080    i.Tools_PWM_Output_SetCCR  tools.o
    0x08004c68   0x08004c68   0x0000000a   Code   RO         4081    i.Tools_PWM_Output_SetCat1  tools.o
    0x08004c72   0x08004c72   0x0000000a   Code   RO         4082    i.Tools_PWM_Output_SetCat2  tools.o
    0x08004c7c   0x08004c7c   0x0000000a   Code   RO         4083    i.Tools_PWM_Output_SetCat3  tools.o
    0x08004c86   0x08004c86   0x0000000a   Code   RO         4084    i.Tools_PWM_Output_SetCat4  tools.o
    0x08004c90   0x08004c90   0x0000000a   Code   RO         4085    i.Tools_PWM_Output_SetCat5  tools.o
    0x08004c9a   0x08004c9a   0x00000002   PAD
    0x08004c9c   0x08004c9c   0x00000084   Code   RO         4086    i.Tools_PWM_Output_SetDuty  tools.o
    0x08004d20   0x08004d20   0x000000b8   Code   RO         4087    i.Tools_PWM_Output_SetFreq  tools.o
    0x08004dd8   0x08004dd8   0x0000005c   Code   RO         4088    i.Tools_PWM_Output_SetPSC  tools.o
    0x08004e34   0x08004e34   0x00000018   Code   RO         3488    i.Update_Display    game_of_life.o
    0x08004e4c   0x08004e4c   0x00000004   Code   RO         3427    i.UsageFault_Handler  stm32f10x_it.o
    0x08004e50   0x08004e50   0x00000028   Code   RO         4581    i.__ARM_fpclassify  m_ws.l(fpclassify.o)
    0x08004e78   0x08004e78   0x00000388   Code   RO         4526    i.__ieee754_rem_pio2  m_ws.l(rred.o)
    0x08005200   0x08005200   0x000000fc   Code   RO         4508    i.__kernel_cos      m_ws.l(cos_i.o)
    0x080052fc   0x080052fc   0x000000aa   Code   RO         4583    i.__kernel_poly     m_ws.l(poly.o)
    0x080053a6   0x080053a6   0x00000002   PAD
    0x080053a8   0x080053a8   0x000000ec   Code   RO         4531    i.__kernel_sin      m_ws.l(sin_i.o)
    0x08005494   0x08005494   0x00000006   Code   RO         4512    i.__mathlib_dbl_infnan  m_ws.l(dunder.o)
    0x0800549a   0x0800549a   0x0000000c   Code   RO         4514    i.__mathlib_dbl_invalid  m_ws.l(dunder.o)
    0x080054a6   0x080054a6   0x00000002   PAD
    0x080054a8   0x080054a8   0x00000010   Code   RO         4517    i.__mathlib_dbl_underflow  m_ws.l(dunder.o)
    0x080054b8   0x080054b8   0x0000000e   Code   RO         4395    i._is_digit         c_w.l(__printf_wp.o)
    0x080054c6   0x080054c6   0x00000002   PAD
    0x080054c8   0x080054c8   0x0000009c   Code   RO         4317    i.cos               m_ws.l(cos.o)
    0x08005564   0x08005564   0x0000001c   Code   RO         3353    i.main              main.o
    0x08005580   0x08005580   0x000000a0   Code   RO         4327    i.sin               m_ws.l(sin.o)
    0x08005620   0x08005620   0x0000002c   Code   RO         4625    locale$$code        c_w.l(lc_numeric_c.o)
    0x0800564c   0x0800564c   0x0000002c   Code   RO         4650    locale$$code        c_w.l(lc_ctype_c.o)
    0x08005678   0x08005678   0x00000062   Code   RO         4244    x$fpl$d2f           fz_ws.l(d2f.o)
    0x080056da   0x080056da   0x00000002   PAD
    0x080056dc   0x080056dc   0x00000150   Code   RO         4246    x$fpl$dadd          fz_ws.l(daddsub_clz.o)
    0x0800582c   0x0800582c   0x00000010   Code   RO         4639    x$fpl$dcheck1       fz_ws.l(dcheck1.o)
    0x0800583c   0x0800583c   0x000002b0   Code   RO         4253    x$fpl$ddiv          fz_ws.l(ddiv.o)
    0x08005aec   0x08005aec   0x0000005e   Code   RO         4256    x$fpl$dfix          fz_ws.l(dfix.o)
    0x08005b4a   0x08005b4a   0x00000002   PAD
    0x08005b4c   0x08005b4c   0x0000005a   Code   RO         4260    x$fpl$dfixu         fz_ws.l(dfixu.o)
    0x08005ba6   0x08005ba6   0x0000002e   Code   RO         4265    x$fpl$dflt          fz_ws.l(dflt_clz.o)
    0x08005bd4   0x08005bd4   0x00000026   Code   RO         4264    x$fpl$dfltu         fz_ws.l(dflt_clz.o)
    0x08005bfa   0x08005bfa   0x00000002   PAD
    0x08005bfc   0x08005bfc   0x00000154   Code   RO         4272    x$fpl$dmul          fz_ws.l(dmul.o)
    0x08005d50   0x08005d50   0x0000009c   Code   RO         4477    x$fpl$dnaninf       fz_ws.l(dnaninf.o)
    0x08005dec   0x08005dec   0x0000000c   Code   RO         4479    x$fpl$dretinf       fz_ws.l(dretinf.o)
    0x08005df8   0x08005df8   0x00000016   Code   RO         4247    x$fpl$drsb          fz_ws.l(daddsub_clz.o)
    0x08005e0e   0x08005e0e   0x00000002   PAD
    0x08005e10   0x08005e10   0x000001d4   Code   RO         4248    x$fpl$dsub          fz_ws.l(daddsub_clz.o)
    0x08005fe4   0x08005fe4   0x00000056   Code   RO         4276    x$fpl$f2d           fz_ws.l(f2d.o)
    0x0800603a   0x0800603a   0x00000002   PAD
    0x0800603c   0x0800603c   0x000000c4   Code   RO         4278    x$fpl$fadd          fz_ws.l(faddsub_clz.o)
    0x08006100   0x08006100   0x00000018   Code   RO         4483    x$fpl$fcmpinf       fz_ws.l(fcmpi.o)
    0x08006118   0x08006118   0x00000184   Code   RO         4285    x$fpl$fdiv          fz_ws.l(fdiv.o)
    0x0800629c   0x0800629c   0x00000036   Code   RO         4288    x$fpl$ffix          fz_ws.l(ffix.o)
    0x080062d2   0x080062d2   0x00000002   PAD
    0x080062d4   0x080062d4   0x0000003e   Code   RO         4292    x$fpl$ffixu         fz_ws.l(ffixu.o)
    0x08006312   0x08006312   0x00000002   PAD
    0x08006314   0x08006314   0x00000030   Code   RO         4297    x$fpl$fflt          fz_ws.l(fflt_clz.o)
    0x08006344   0x08006344   0x00000026   Code   RO         4296    x$fpl$ffltu         fz_ws.l(fflt_clz.o)
    0x0800636a   0x0800636a   0x00000002   PAD
    0x0800636c   0x0800636c   0x00000068   Code   RO         4302    x$fpl$fleqf         fz_ws.l(fleqf.o)
    0x080063d4   0x080063d4   0x00000102   Code   RO         4304    x$fpl$fmul          fz_ws.l(fmul.o)
    0x080064d6   0x080064d6   0x0000008c   Code   RO         4485    x$fpl$fnaninf       fz_ws.l(fnaninf.o)
    0x08006562   0x08006562   0x0000000a   Code   RO         4487    x$fpl$fretinf       fz_ws.l(fretinf.o)
    0x0800656c   0x0800656c   0x00000062   Code   RO         4306    x$fpl$frleqf        fz_ws.l(frleqf.o)
    0x080065ce   0x080065ce   0x00000014   Code   RO         4279    x$fpl$frsb          fz_ws.l(faddsub_clz.o)
    0x080065e2   0x080065e2   0x00000002   PAD
    0x080065e4   0x080065e4   0x000000ea   Code   RO         4280    x$fpl$fsub          fz_ws.l(faddsub_clz.o)
    0x080066ce   0x080066ce   0x00000004   Code   RO         4489    x$fpl$printf1       fz_ws.l(printf1.o)
    0x080066d2   0x080066d2   0x00000004   Code   RO         4491    x$fpl$printf2       fz_ws.l(printf2.o)
    0x080066d6   0x080066d6   0x00000064   Code   RO         4656    x$fpl$retnan        fz_ws.l(retnan.o)
    0x0800673a   0x0800673a   0x0000005c   Code   RO         4579    x$fpl$scalbn        fz_ws.l(scalbn.o)
    0x08006796   0x08006796   0x00000030   Code   RO         4674    x$fpl$trapveneer    fz_ws.l(trapv.o)
    0x080067c6   0x080067c6   0x00000000   Code   RO         4497    x$fpl$usenofp       fz_ws.l(usenofp.o)
    0x080067c6   0x080067c6   0x00000030   Data   RO         3548    .constdata          game_snake.o
    0x080067f6   0x080067f6   0x000006c0   Data   RO         3903    .constdata          oled_data_hanzi.o
    0x08006eb6   0x08006eb6   0x00000c88   Data   RO         3916    .constdata          oled_data_image.o
    0x08007b3e   0x08007b3e   0x0000084a   Data   RO         3929    .constdata          oled_data_ascii.o
    0x08008388   0x08008388   0x00000008   Data   RO         4354    .constdata          c_w.l(_printf_wctomb.o)
    0x08008390   0x08008390   0x00000028   Data   RO         4383    .constdata          c_w.l(_printf_hex_int_ll_ptr.o)
    0x080083b8   0x080083b8   0x00000011   Data   RO         4403    .constdata          c_w.l(__printf_flags_ss_wp.o)
    0x080083c9   0x080083c9   0x00000007   PAD
    0x080083d0   0x080083d0   0x00000030   Data   RO         4509    .constdata          m_ws.l(cos_i.o)
    0x08008400   0x08008400   0x000000c8   Data   RO         4528    .constdata          m_ws.l(rred.o)
    0x080084c8   0x080084c8   0x00000028   Data   RO         4532    .constdata          m_ws.l(sin_i.o)
    0x080084f0   0x080084f0   0x00000026   Data   RO         4564    .constdata          c_w.l(_printf_fp_hex.o)
    0x08008516   0x08008516   0x00000002   PAD
    0x08008518   0x08008518   0x00000094   Data   RO         4600    .constdata          c_w.l(bigflt0.o)
    0x080085ac   0x080085ac   0x0000009e   Data   RO         4016    .conststring        menu_data.o
    0x0800864a   0x0800864a   0x00000002   PAD
    0x0800864c   0x0800864c   0x00000029   Data   RO         4051    .conststring        menu_setting.o
    0x08008675   0x08008675   0x00000003   PAD
    0x08008678   0x08008678   0x0000003a   Data   RO         4089    .conststring        tools.o
    0x080086b2   0x080086b2   0x00000002   PAD
    0x080086b4   0x080086b4   0x00000020   Data   RO         4721    Region$$Table       anon$$obj.o
    0x080086d4   0x080086d4   0x0000001c   Data   RO         4624    locale$$data        c_w.l(lc_numeric_c.o)
    0x080086f0   0x080086f0   0x00000110   Data   RO         4649    locale$$data        c_w.l(lc_ctype_c.o)


    Execution Region RW_IRAM1 (Exec base: 0x20000000, Load base: 0x08008800, Size: 0x00001200, Max: 0x00005000, ABSOLUTE, COMPRESSED[0x000000b0])

    Exec Addr    Load Addr    Size         Type   Attr      Idx    E Section Name        Object

    0x20000000   COMPRESSED   0x00000004   Data   RW         3225    .data               timer.o
    0x20000004   COMPRESSED   0x00000002   Data   RW         3264    .data               encoder.o
    0x20000006   COMPRESSED   0x00000004   Data   RW         3305    .data               key.o
    0x2000000a   COMPRESSED   0x00000002   Data   RW         3549    .data               game_snake.o
    0x2000000c   COMPRESSED   0x00000024   Data   RW         3951    .data               menu.o
    0x20000030   COMPRESSED   0x00000140   Data   RW         4017    .data               menu_data.o
    0x20000170   COMPRESSED   0x00000041   Data   RW         4052    .data               menu_setting.o
    0x200001b1   COMPRESSED   0x00000003   PAD
    0x200001b4   COMPRESSED   0x00000088   Data   RW         4090    .data               tools.o
    0x2000023c        -       0x00000400   Zero   RW         3489    .bss                game_of_life.o
    0x2000063c        -       0x00000080   Zero   RW         3547    .bss                game_snake.o
    0x200006bc        -       0x00000400   Zero   RW         3641    .bss                oled.o
    0x20000abc        -       0x000000e4   Zero   RW         4233    .bss                c_w.l(rand.o)
    0x20000ba0        -       0x00000060   Zero   RW         4586    .bss                c_w.l(libspace.o)
    0x20000c00        -       0x00000200   Zero   RW            2    HEAP                startup_stm32f10x_md.o
    0x20000e00        -       0x00000400   Zero   RW            1    STACK               startup_stm32f10x_md.o


==============================================================================

Image component sizes


      Code (inc. data)   RO Data    RW Data    ZI Data      Debug   Object Name

         0          0          0          0          0       4500   core_cm3.o
        70          0          0          0          0        946   delay.o
       292         24          0          2          0       1953   encoder.o
       700         24          0          0       1024       4180   game_of_life.o
      1156         92         48          2        128       5806   game_snake.o
       476         38          0          4          0       4235   key.o
        92          0          0          0          0       1973   main.o
      1116         22          0         36          0       6504   menu.o
       220         66        158        320          0       3048   menu_data.o
       404        196         41         65          0       1995   menu_setting.o
       132         22          0          0          0     206955   misc.o
      1736         56          0          0       1024      13779   oled.o
         0          0       2122          0          0        637   oled_data_ascii.o
         0          0       1728          0          0       1432   oled_data_hanzi.o
         0          0       3208          0          0        725   oled_data_image.o
      1942         38          0          0          0       5968   oled_patch_byadam.o
       192          6          0          0          0       2056   pwm.o
        64         26        236          0       1536        824   startup_stm32f10x_md.o
         0          0          0          0          0       1668   stm32f10x_adc.o
       200         18          0          0          0       4144   stm32f10x_exti.o
       370          4          0          0          0      11982   stm32f10x_gpio.o
        26          0          0          0          0       3830   stm32f10x_it.o
        76         16          0          0          0       1099   stm32f10x_pwr.o
        64         12          0          0          0       1090   stm32f10x_rcc.o
      1376        170          0          0          0      35036   stm32f10x_tim.o
       328         28          0          0          0      30545   system_stm32f10x.o
       172         14          0          4          0       1553   timer.o
      1554        274         58        136          0       7405   tools.o

    ----------------------------------------------------------------------
     12792       1146       7638        572       3712     365868   Object Totals
         0          0         32          0          0          0   (incl. Generated)
        34          0          7          3          0          0   (incl. Padding)

    ----------------------------------------------------------------------

      Code (inc. data)   RO Data    RW Data    ZI Data      Debug   Library Member Name

        90          0          0          0          0          0   __dczerorl2.o
         8          0          0          0          0         68   __main.o
       392          4         17          0          0         92   __printf_flags_ss_wp.o
        14          0          0          0          0         68   __printf_wp.o
         0          0          0          0          0          0   __rtentry.o
        12          0          0          0          0          0   __rtentry2.o
         6          0          0          0          0          0   __rtentry4.o
        52          8          0          0          0          0   __scatter.o
        28          0          0          0          0          0   __scatter_zi.o
         6          0          0          0          0          0   _printf_a.o
         6          0          0          0          0          0   _printf_c.o
        44          0          0          0          0        108   _printf_char.o
        48          6          0          0          0         96   _printf_char_common.o
        40          0          0          0          0         68   _printf_charcount.o
         6          0          0          0          0          0   _printf_d.o
       120         16          0          0          0         92   _printf_dec.o
         6          0          0          0          0          0   _printf_e.o
         6          0          0          0          0          0   _printf_f.o
      1054          0          0          0          0        216   _printf_fp_dec.o
       764          8         38          0          0        100   _printf_fp_hex.o
       128         16          0          0          0         84   _printf_fp_infnan.o
         6          0          0          0          0          0   _printf_g.o
       148          4         40          0          0        160   _printf_hex_int_ll_ptr.o
         6          0          0          0          0          0   _printf_i.o
       178          0          0          0          0         88   _printf_intcommon.o
        10          0          0          0          0          0   _printf_l.o
         6          0          0          0          0          0   _printf_lc.o
        10          0          0          0          0          0   _printf_ll.o
         6          0          0          0          0          0   _printf_lld.o
         6          0          0          0          0          0   _printf_lli.o
         6          0          0          0          0          0   _printf_llo.o
         6          0          0          0          0          0   _printf_llu.o
         6          0          0          0          0          0   _printf_llx.o
       124         16          0          0          0         92   _printf_longlong_dec.o
         6          0          0          0          0          0   _printf_ls.o
         6          0          0          0          0          0   _printf_n.o
         6          0          0          0          0          0   _printf_o.o
       112         10          0          0          0        124   _printf_oct_int_ll.o
         6          0          0          0          0          0   _printf_p.o
        78          0          0          0          0        108   _printf_pad.o
         0          0          0          0          0          0   _printf_percent.o
         4          0          0          0          0          0   _printf_percent_end.o
         6          0          0          0          0          0   _printf_s.o
        82          0          0          0          0         80   _printf_str.o
        36          0          0          0          0         84   _printf_truncate.o
         6          0          0          0          0          0   _printf_u.o
        44          0          0          0          0        108   _printf_wchar.o
       188          6          8          0          0         92   _printf_wctomb.o
         6          0          0          0          0          0   _printf_x.o
        22          0          0          0          0        100   _rserrno.o
        10          0          0          0          0         68   _sputc.o
        64          0          0          0          0         92   _wcrtomb.o
       228          4        148          0          0         96   bigflt0.o
      1936        128          0          0          0        672   btod.o
        18          0          0          0          0         80   exit.o
         6          0          0          0          0        152   heapauxi.o
         0          0          0          0          0          0   indicate_semi.o
        44         10        272          0          0         76   lc_ctype_c.o
        44         10         28          0          0         76   lc_numeric_c.o
         2          0          0          0          0          0   libinit.o
        34          0          0          0          0          0   libinit2.o
         2          0          0          0          0          0   libshutdown.o
         2          0          0          0          0          0   libshutdown2.o
         8          4          0          0         96         68   libspace.o
       138          0          0          0          0         80   lludiv10.o
       112         18          0          0        228        160   rand.o
        16          4          0          0          0         76   rt_ctype_table.o
         8          4          0          0          0         68   rt_errno_addr_intlibspace.o
         8          4          0          0          0         68   rt_locale_intlibspace.o
       138          0          0          0          0         68   rt_memcpy_v6.o
       100          0          0          0          0         80   rt_memcpy_w.o
         2          0          0          0          0          0   rtexit.o
        10          0          0          0          0          0   rtexit2.o
       128          0          0          0          0         68   strcmpv7m.o
        12          4          0          0          0         68   sys_exit.o
        74          0          0          0          0         80   sys_stackheap_outer.o
         2          0          0          0          0         68   use_no_semi.o
        36          4          0          0          0         76   vsprintf.o
        98          4          0          0          0         92   d2f.o
       826         16          0          0          0        348   daddsub_clz.o
        16          4          0          0          0         68   dcheck1.o
       688        140          0          0          0        208   ddiv.o
        94          4          0          0          0         92   dfix.o
        90          4          0          0          0         92   dfixu.o
        84          0          0          0          0        136   dflt_clz.o
       340         12          0          0          0        104   dmul.o
       156          4          0          0          0         92   dnaninf.o
        12          0          0          0          0         68   dretinf.o
        86          4          0          0          0         84   f2d.o
       450          8          0          0          0        236   faddsub_clz.o
        24          0          0          0          0         68   fcmpi.o
       388         76          0          0          0         96   fdiv.o
        54          4          0          0          0         84   ffix.o
        62          4          0          0          0         84   ffixu.o
        86          0          0          0          0        136   fflt_clz.o
       104          4          0          0          0         84   fleqf.o
       258          4          0          0          0         84   fmul.o
       140          4          0          0          0         84   fnaninf.o
        10          0          0          0          0         68   fretinf.o
        98          0          0          0          0         68   frleqf.o
         4          0          0          0          0         68   printf1.o
         4          0          0          0          0         68   printf2.o
       100          0          0          0          0         68   retnan.o
        92          0          0          0          0         68   scalbn.o
        48          0          0          0          0         68   trapv.o
         0          0          0          0          0          0   usenofp.o
       156          8          0          0          0        104   cos.o
       252         22         48          0          0        124   cos_i.o
        34          6          0          0          0        204   dunder.o
        40          0          0          0          0         68   fpclassify.o
       170          0          0          0          0         96   poly.o
       904         76        200          0          0        140   rred.o
       160         10          0          0          0        108   sin.o
       236         12         40          0          0        128   sin_i.o

    ----------------------------------------------------------------------
     13538        718        848          0        324       8156   Library Totals
        36          0          9          0          0          0   (incl. Padding)

    ----------------------------------------------------------------------

      Code (inc. data)   RO Data    RW Data    ZI Data      Debug   Library Name

      7138        288        551          0        324       4368   c_w.l
      4412        296          0          0          0       2816   fz_ws.l
      1952        134        288          0          0        972   m_ws.l

    ----------------------------------------------------------------------
     13538        718        848          0        324       8156   Library Totals

    ----------------------------------------------------------------------

==============================================================================


      Code (inc. data)   RO Data    RW Data    ZI Data      Debug   

     26330       1864       8486        572       4036     362580   Grand Totals
     26330       1864       8486        176       4036     362580   ELF Image Totals (compressed)
     26330       1864       8486        176          0          0   ROM Totals

==============================================================================

    Total RO  Size (Code + RO Data)                34816 (  34.00kB)
    Total RW  Size (RW Data + ZI Data)              4608 (   4.50kB)
    Total ROM Size (Code + RO Data + RW Data)      34992 (  34.17kB)

==============================================================================

