Component: ARM Compiler 5.05 update 2 (build 169) Tool: armlink [4d0f33]

==============================================================================

Section Cross References

    main.o(i.main) refers to misc.o(i.NVIC_PriorityGroupConfig) for NVIC_PriorityGroupConfig
    main.o(i.main) refers to delay.o(i.delay_init) for delay_init
    main.o(i.main) refers to oled.o(i.OLED_Init) for OLED_Init
    main.o(i.main) refers to motor.o(i.motor_init) for motor_init
    main.o(i.main) refers to mpu6050.o(i.MPU_Init) for MPU_Init
    main.o(i.main) refers to mpu6050.o(i.DMP_Init) for DMP_Init
    main.o(i.main) refers to usart.o(i.usart2_init) for usart2_init
    main.o(i.main) refers to mpuexti.o(i.MPU_exti_init) for MPU_exti_init
    main.o(i.main) refers to fleqf.o(x$fpl$fleqf) for __aeabi_cfcmple
    main.o(i.main) refers to frleqf.o(x$fpl$frleqf) for __aeabi_cfrcmple
    main.o(i.main) refers to oled.o(i.OLED_ShowAngle) for OLED_ShowAngle
    main.o(i.main) refers to oled.o(i.OLED_ShowPWM) for OLED_ShowPWM
    main.o(i.main) refers to mpuexti.o(.data) for roll
    main.o(i.main) refers to main.o(.data) for motor_flag
    main.o(i.main) refers to pid.o(.data) for velocity_sum
    system_stm32f10x.o(i.SetSysClock) refers to system_stm32f10x.o(i.SetSysClockTo72) for SetSysClockTo72
    system_stm32f10x.o(i.SystemCoreClockUpdate) refers to system_stm32f10x.o(.data) for SystemCoreClock
    system_stm32f10x.o(i.SystemInit) refers to system_stm32f10x.o(i.SetSysClock) for SetSysClock
    startup_stm32f10x_md.o(STACK) refers (Special) to heapauxi.o(.text) for __use_two_region_memory
    startup_stm32f10x_md.o(HEAP) refers (Special) to heapauxi.o(.text) for __use_two_region_memory
    startup_stm32f10x_md.o(RESET) refers (Special) to heapauxi.o(.text) for __use_two_region_memory
    startup_stm32f10x_md.o(RESET) refers to startup_stm32f10x_md.o(STACK) for __initial_sp
    startup_stm32f10x_md.o(RESET) refers to startup_stm32f10x_md.o(.text) for Reset_Handler
    startup_stm32f10x_md.o(RESET) refers to stm32f10x_it.o(i.NMI_Handler) for NMI_Handler
    startup_stm32f10x_md.o(RESET) refers to stm32f10x_it.o(i.HardFault_Handler) for HardFault_Handler
    startup_stm32f10x_md.o(RESET) refers to stm32f10x_it.o(i.MemManage_Handler) for MemManage_Handler
    startup_stm32f10x_md.o(RESET) refers to stm32f10x_it.o(i.BusFault_Handler) for BusFault_Handler
    startup_stm32f10x_md.o(RESET) refers to stm32f10x_it.o(i.UsageFault_Handler) for UsageFault_Handler
    startup_stm32f10x_md.o(RESET) refers to stm32f10x_it.o(i.SVC_Handler) for SVC_Handler
    startup_stm32f10x_md.o(RESET) refers to stm32f10x_it.o(i.DebugMon_Handler) for DebugMon_Handler
    startup_stm32f10x_md.o(RESET) refers to stm32f10x_it.o(i.PendSV_Handler) for PendSV_Handler
    startup_stm32f10x_md.o(RESET) refers to stm32f10x_it.o(i.SysTick_Handler) for SysTick_Handler
    startup_stm32f10x_md.o(RESET) refers to timer.o(i.TIM2_IRQHandler) for TIM2_IRQHandler
    startup_stm32f10x_md.o(RESET) refers to timer.o(i.TIM3_IRQHandler) for TIM3_IRQHandler
    startup_stm32f10x_md.o(RESET) refers to usart.o(i.USART2_IRQHandler) for USART2_IRQHandler
    startup_stm32f10x_md.o(RESET) refers to mpuexti.o(i.EXTI15_10_IRQHandler) for EXTI15_10_IRQHandler
    startup_stm32f10x_md.o(.text) refers (Special) to heapauxi.o(.text) for __use_two_region_memory
    startup_stm32f10x_md.o(.text) refers to system_stm32f10x.o(i.SystemInit) for SystemInit
    startup_stm32f10x_md.o(.text) refers to __main.o(!!!main) for __main
    startup_stm32f10x_md.o(.text) refers to startup_stm32f10x_md.o(HEAP) for Heap_Mem
    startup_stm32f10x_md.o(.text) refers to startup_stm32f10x_md.o(STACK) for Stack_Mem
    stm32f10x_tim.o(i.TIM_DeInit) refers to stm32f10x_rcc.o(i.RCC_APB2PeriphResetCmd) for RCC_APB2PeriphResetCmd
    stm32f10x_tim.o(i.TIM_DeInit) refers to stm32f10x_rcc.o(i.RCC_APB1PeriphResetCmd) for RCC_APB1PeriphResetCmd
    stm32f10x_tim.o(i.TIM_ETRClockMode1Config) refers to stm32f10x_tim.o(i.TIM_ETRConfig) for TIM_ETRConfig
    stm32f10x_tim.o(i.TIM_ETRClockMode2Config) refers to stm32f10x_tim.o(i.TIM_ETRConfig) for TIM_ETRConfig
    stm32f10x_tim.o(i.TIM_ICInit) refers to stm32f10x_tim.o(i.TI1_Config) for TI1_Config
    stm32f10x_tim.o(i.TIM_ICInit) refers to stm32f10x_tim.o(i.TIM_SetIC1Prescaler) for TIM_SetIC1Prescaler
    stm32f10x_tim.o(i.TIM_ICInit) refers to stm32f10x_tim.o(i.TI2_Config) for TI2_Config
    stm32f10x_tim.o(i.TIM_ICInit) refers to stm32f10x_tim.o(i.TIM_SetIC2Prescaler) for TIM_SetIC2Prescaler
    stm32f10x_tim.o(i.TIM_ICInit) refers to stm32f10x_tim.o(i.TI3_Config) for TI3_Config
    stm32f10x_tim.o(i.TIM_ICInit) refers to stm32f10x_tim.o(i.TIM_SetIC3Prescaler) for TIM_SetIC3Prescaler
    stm32f10x_tim.o(i.TIM_ICInit) refers to stm32f10x_tim.o(i.TI4_Config) for TI4_Config
    stm32f10x_tim.o(i.TIM_ICInit) refers to stm32f10x_tim.o(i.TIM_SetIC4Prescaler) for TIM_SetIC4Prescaler
[...]
    set_int_enable                           0x08005a79   Thumb Code   138  inv_mpu.o(i.set_int_enable)
    i.sqrt                                   0x08005b08   Section        0  sqrt.o(i.sqrt)
    i.turn_PID_value                         0x08005b54   Section        0  pid.o(i.turn_PID_value)
    i.usart2_init                            0x08005b84   Section        0  usart.o(i.usart2_init)
    i.velocity_PID_value                     0x08005c28   Section        0  pid.o(i.velocity_PID_value)
    i.vertical_PID_value                     0x08005cd4   Section        0  pid.o(i.vertical_PID_value)
    x$fpl$d2f                                0x08005d70   Section       98  d2f.o(x$fpl$d2f)
    x$fpl$dadd                               0x08005dd4   Section      336  daddsub_clz.o(x$fpl$dadd)
    _dadd1                                   0x08005de5   Thumb Code     0  daddsub_clz.o(x$fpl$dadd)
    x$fpl$dcheck1                            0x08005f24   Section       16  dcheck1.o(x$fpl$dcheck1)
    x$fpl$ddiv                               0x08005f34   Section      688  ddiv.o(x$fpl$ddiv)
    ddiv_entry                               0x08005f3b   Thumb Code     0  ddiv.o(x$fpl$ddiv)
    x$fpl$dmul                               0x080061e4   Section      340  dmul.o(x$fpl$dmul)
    x$fpl$dnaninf                            0x08006338   Section      156  dnaninf.o(x$fpl$dnaninf)
    x$fpl$dretinf                            0x080063d4   Section       12  dretinf.o(x$fpl$dretinf)
    x$fpl$drsb                               0x080063e0   Section       22  daddsub_clz.o(x$fpl$drsb)
    x$fpl$dsqrt                              0x080063f8   Section      460  dsqrt_noumaal.o(x$fpl$dsqrt)
    x$fpl$dsub                               0x080065c4   Section      468  daddsub_clz.o(x$fpl$dsub)
    _dsub1                                   0x080065d5   Thumb Code     0  daddsub_clz.o(x$fpl$dsub)
    x$fpl$f2d                                0x08006798   Section       86  f2d.o(x$fpl$f2d)
    x$fpl$fadd                               0x080067f0   Section      196  faddsub_clz.o(x$fpl$fadd)
    _fadd1                                   0x080067ff   Thumb Code     0  faddsub_clz.o(x$fpl$fadd)
    x$fpl$fcmpinf                            0x080068b4   Section       24  fcmpi.o(x$fpl$fcmpinf)
    x$fpl$fdiv                               0x080068cc   Section      388  fdiv.o(x$fpl$fdiv)
    _fdiv1                                   0x080068cd   Thumb Code     0  fdiv.o(x$fpl$fdiv)
    x$fpl$feqf                               0x08006a50   Section      104  feqf.o(x$fpl$feqf)
    x$fpl$ffix                               0x08006ab8   Section       54  ffix.o(x$fpl$ffix)
    x$fpl$ffixu                              0x08006af0   Section       62  ffixu.o(x$fpl$ffixu)
    x$fpl$fflt                               0x08006b30   Section       48  fflt_clz.o(x$fpl$fflt)
    x$fpl$ffltu                              0x08006b60   Section       38  fflt_clz.o(x$fpl$ffltu)
    x$fpl$fleqf                              0x08006b88   Section      104  fleqf.o(x$fpl$fleqf)
    x$fpl$fmul                               0x08006bf0   Section      258  fmul.o(x$fpl$fmul)
    x$fpl$fnaninf                            0x08006cf2   Section      140  fnaninf.o(x$fpl$fnaninf)
    x$fpl$fretinf                            0x08006d7e   Section       10  fretinf.o(x$fpl$fretinf)
    x$fpl$frleqf                             0x08006d88   Section       98  frleqf.o(x$fpl$frleqf)
    x$fpl$fsub                               0x08006dec   Section      234  faddsub_clz.o(x$fpl$fsub)
    _fsub1                                   0x08006dfb   Thumb Code     0  faddsub_clz.o(x$fpl$fsub)
    x$fpl$retnan                             0x08006ed6   Section      100  retnan.o(x$fpl$retnan)
    x$fpl$scalbn                             0x08006f3a   Section       92  scalbn.o(x$fpl$scalbn)
    x$fpl$trapveneer                         0x08006f96   Section       48  trapv.o(x$fpl$trapveneer)
    x$fpl$usenofp                            0x08006fc6   Section        0  usenofp.o(x$fpl$usenofp)
    .constdata                               0x08006fc8   Section       80  inv_mpu.o(.constdata)
    .constdata                               0x08007018   Section     3062  inv_mpu_dmp_motion_driver.o(.constdata)
    dmp_memory                               0x08007018   Data        3062  inv_mpu_dmp_motion_driver.o(.constdata)
    .constdata                               0x08007c0e   Section     2072  oled.o(.constdata)
    .constdata                               0x08008426   Section       17  __printf_flags_wp.o(.constdata)
    maptable                                 0x08008426   Data          17  __printf_flags_wp.o(.constdata)
    .constdata                               0x08008438   Section       80  asin.o(.constdata)
    pS                                       0x08008438   Data          48  asin.o(.constdata)
    qS                                       0x08008468   Data          32  asin.o(.constdata)
    .constdata                               0x08008488   Section      152  atan.o(.constdata)
    atanhi                                   0x08008488   Data          32  atan.o(.constdata)
    atanlo                                   0x080084a8   Data          32  atan.o(.constdata)
    aTodd                                    0x080084c8   Data          40  atan.o(.constdata)
    aTeven                                   0x080084f0   Data          48  atan.o(.constdata)
    .constdata                               0x08008520   Section        8  qnan.o(.constdata)
    .conststring                             0x08008528   Section       77  inv_mpu.o(.conststring)
    .data                                    0x20000000   Section       48  main.o(.data)
    .data                                    0x20000030   Section       20  system_stm32f10x.o(.data)
    .data                                    0x20000044   Section       20  stm32f10x_rcc.o(.data)
    APBAHBPrescTable                         0x20000044   Data          16  stm32f10x_rcc.o(.data)
    ADCPrescTable                            0x20000054   Data           4  stm32f10x_rcc.o(.data)
    .data                                    0x20000058   Section        4  delay.o(.data)
    fac_us                                   0x20000058   Data           1  delay.o(.data)
    fac_ms                                   0x2000005a   Data           2  delay.o(.data)
    .data                                    0x2000005c   Section        5  usart.o(.data)
    .data                                    0x20000064   Section       53  inv_mpu.o(.data)
    st                                       0x20000064   Data          44  inv_mpu.o(.data)
    gyro_orientation                         0x20000090   Data           9  inv_mpu.o(.data)
    .data                                    0x2000009c   Section       40  mpuexti.o(.data)
    .data                                    0x200000c4   Section       36  pid.o(.data)
    .bss                                     0x200000e8   Section       16  inv_mpu_dmp_motion_driver.o(.bss)
    dmp                                      0x200000e8   Data          16  inv_mpu_dmp_motion_driver.o(.bss)
    .bss                                     0x200000f8   Section       96  libspace.o(.bss)
    HEAP                                     0x20000158   Section      512  startup_stm32f10x_md.o(HEAP)
    Heap_Mem                                 0x20000158   Data         512  startup_stm32f10x_md.o(HEAP)
    STACK                                    0x20000358   Section     1024  startup_stm32f10x_md.o(STACK)
    Stack_Mem                                0x20000358   Data        1024  startup_stm32f10x_md.o(STACK)
    __initial_sp                             0x20000758   Data           0  startup_stm32f10x_md.o(STACK)

    Global Symbols

    Symbol Name                              Value     Ov Type        Size  Object(Section)

    BuildAttributes$$THM_ISAv4$P$D$K$B$S$PE$A:L22UL41UL21$X:L11$S22US41US21$IEEE1$IW$USESV6$~STKCKD$USESV7$~SHL$OTIME$ROPI$IEEEX$EBA8$UX$STANDARDLIB$REQ8$PRES8$EABIv2 0x00000000   Number         0  anon$$obj.o ABSOLUTE
    __ARM_use_no_argv                        0x00000000   Number         0  main.o ABSOLUTE
    _printf_flags                            0x00000000   Number         0  printf_stubs.o ABSOLUTE
    _printf_return_value                     0x00000000   Number         0  printf_stubs.o ABSOLUTE
    _printf_sizespec                         0x00000000   Number         0  printf_stubs.o ABSOLUTE
    _printf_widthprec                        0x00000000   Number         0  printf_stubs.o ABSOLUTE
    __ARM_exceptions_init                     - Undefined Weak Reference
    __alloca_initialize                       - Undefined Weak Reference
    __arm_preinit_                            - Undefined Weak Reference
    __cpp_initialize__aeabi_                  - Undefined Weak Reference
    __cxa_finalize                            - Undefined Weak Reference
    __rt_locale                               - Undefined Weak Reference
    __sigvec_lookup                           - Undefined Weak Reference
    _atexit_init                              - Undefined Weak Reference
    _call_atexit_fns                          - Undefined Weak Reference
    _clock_init                               - Undefined Weak Reference
    _fp_trap_init                             - Undefined Weak Reference
    _fp_trap_shutdown                         - Undefined Weak Reference
    _get_lc_collate                           - Undefined Weak Reference
    _get_lc_ctype                             - Undefined Weak Reference
    _get_lc_monetary                          - Undefined Weak Reference
    _get_lc_numeric                           - Undefined Weak Reference
    _get_lc_time                              - Undefined Weak Reference
    _getenv_init                              - Undefined Weak Reference
    _handle_redirection                       - Undefined Weak Reference
    _init_alloc                               - Undefined Weak Reference
    _init_user_alloc                          - Undefined Weak Reference
    _initio                                   - Undefined Weak Reference
    _mutex_acquire                            - Undefined Weak Reference
    _mutex_release                            - Undefined Weak Reference
    _printf_truncate_signed                   - Undefined Weak Reference
    _printf_truncate_unsigned                 - Undefined Weak Reference
    _rand_init                                - Undefined Weak Reference
    _signal_finish                            - Undefined Weak Reference
    _signal_init                              - Undefined Weak Reference
    _terminate_alloc                          - Undefined Weak Reference
    _terminate_user_alloc                     - Undefined Weak Reference
    _terminateio                              - Undefined Weak Reference
    __Vectors_Size                           0x000000ec   Number         0  startup_stm32f10x_md.o ABSOLUTE
    __Vectors                                0x08000000   Data           4  startup_stm32f10x_md.o(RESET)
    __Vectors_End                            0x080000ec   Data           0  startup_stm32f10x_md.o(RESET)
    __main                                   0x080000ed   Thumb Code     8  __main.o(!!!main)
    __scatterload                            0x080000f5   Thumb Code     0  __scatter.o(!!!scatter)
    __scatterload_rt2                        0x080000f5   Thumb Code    44  __scatter.o(!!!scatter)
    __scatterload_rt2_thumb_only             0x080000f5   Thumb Code     0  __scatter.o(!!!scatter)
    __scatterload_null                       0x08000103   Thumb Code     0  __scatter.o(!!!scatter)
    __scatterload_copy                       0x08000129   Thumb Code    26  __scatter_copy.o(!!handler_copy)
    __scatterload_zeroinit                   0x08000145   Thumb Code    28  __scatter_zi.o(!!handler_zi)
    _printf_d                                0x08000161   Thumb Code     0  _printf_d.o(.ARM.Collect$$_printf_percent$$00000009)
    _printf_percent                          0x08000161   Thumb Code     0  _printf_percent.o(.ARM.Collect$$_printf_percent$$00000000)
    _printf_percent_end                      0x08000167   Thumb Code     0  _printf_percent_end.o(.ARM.Collect$$_printf_percent$$00000017)
    __rt_lib_init                            0x0800016b   Thumb Code     0  libinit.o(.ARM.Collect$$libinit$$00000000)
    __rt_lib_init_alloca_1                   0x0800016d   Thumb Code     0  libinit2.o(.ARM.Collect$$libinit$$0000002E)
    __rt_lib_init_argv_1                     0x0800016d   Thumb Code     0  libinit2.o(.ARM.Collect$$libinit$$0000002C)
    __rt_lib_init_atexit_1                   0x0800016d   Thumb Code     0  libinit2.o(.ARM.Collect$$libinit$$0000001B)
    __rt_lib_init_clock_1                    0x0800016d   Thumb Code     0  libinit2.o(.ARM.Collect$$libinit$$00000021)
    __rt_lib_init_cpp_1                      0x0800016d   Thumb Code     0  libinit2.o(.ARM.Collect$$libinit$$00000032)
    __rt_lib_init_exceptions_1               0x0800016d   Thumb Code     0  libinit2.o(.ARM.Collect$$libinit$$00000030)
    __rt_lib_init_fp_1                       0x0800016d   Thumb Code     0  libinit2.o(.ARM.Collect$$libinit$$00000002)
    __rt_lib_init_fp_trap_1                  0x0800016d   Thumb Code     0  libinit2.o(.ARM.Collect$$libinit$$0000001F)
    __rt_lib_init_getenv_1                   0x0800016d   Thumb Code     0  libinit2.o(.ARM.Collect$$libinit$$00000023)
    __rt_lib_init_heap_1                     0x0800016d   Thumb Code     0  libinit2.o(.ARM.Collect$$libinit$$0000000A)
    __rt_lib_init_lc_collate_1               0x0800016d   Thumb Code     0  libinit2.o(.ARM.Collect$$libinit$$00000011)
    __rt_lib_init_lc_ctype_1                 0x0800016d   Thumb Code     0  libinit2.o(.ARM.Collect$$libinit$$00000013)
    __rt_lib_init_lc_monetary_1              0x0800016d   Thumb Code     0  libinit2.o(.ARM.Collect$$libinit$$00000015)
    __rt_lib_init_lc_numeric_1               0x0800016d   Thumb Code     0  libinit2.o(.ARM.Collect$$libinit$$00000017)
    __rt_lib_init_lc_time_1                  0x0800016d   Thumb Code     0  libinit2.o(.ARM.Collect$$libinit$$00000019)
    __rt_lib_init_preinit_1                  0x0800016d   Thumb Code     0  libinit2.o(.ARM.Collect$$libinit$$00000004)
    __rt_lib_init_rand_1                     0x0800016d   Thumb Code     0  libinit2.o(.ARM.Collect$$libinit$$0000000E)
    __rt_lib_init_return                     0x0800016d   Thumb Code     0  libinit2.o(.ARM.Collect$$libinit$$00000033)
    __rt_lib_init_signal_1                   0x0800016d   Thumb Code     0  libinit2.o(.ARM.Collect$$libinit$$0000001D)
    __rt_lib_init_stdio_1                    0x0800016d   Thumb Code     0  libinit2.o(.ARM.Collect$$libinit$$00000025)
    __rt_lib_init_user_alloc_1               0x0800016d   Thumb Code     0  libinit2.o(.ARM.Collect$$libinit$$0000000C)
    __rt_lib_shutdown                        0x0800016f   Thumb Code     0  libshutdown.o(.ARM.Collect$$libshutdown$$00000000)
    __rt_lib_shutdown_fp_trap_1              0x08000171   Thumb Code     0  libshutdown2.o(.ARM.Collect$$libshutdown$$00000006)
    __rt_lib_shutdown_heap_1                 0x08000171   Thumb Code     0  libshutdown2.o(.ARM.Collect$$libshutdown$$0000000E)
    __rt_lib_shutdown_return                 0x08000171   Thumb Code     0  libshutdown2.o(.ARM.Collect$$libshutdown$$0000000F)
    __rt_lib_shutdown_signal_1               0x08000171   Thumb Code     0  libshutdown2.o(.ARM.Collect$$libshutdown$$00000009)
    __rt_lib_shutdown_stdio_1                0x08000171   Thumb Code     0  libshutdown2.o(.ARM.Collect$$libshutdown$$00000003)
    __rt_lib_shutdown_user_alloc_1           0x08000171   Thumb Code     0  libshutdown2.o(.ARM.Collect$$libshutdown$$0000000B)
    __rt_entry                               0x08000173   Thumb Code     0  __rtentry.o(.ARM.Collect$$rtentry$$00000000)
    __rt_entry_presh_1                       0x08000173   Thumb Code     0  __rtentry2.o(.ARM.Collect$$rtentry$$00000002)
    __rt_entry_sh                            0x08000173   Thumb Code     0  __rtentry4.o(.ARM.Collect$$rtentry$$00000004)
    __rt_entry_li                            0x08000179   Thumb Code     0  __rtentry2.o(.ARM.Collect$$rtentry$$0000000A)
    __rt_entry_postsh_1                      0x08000179   Thumb Code     0  __rtentry2.o(.ARM.Collect$$rtentry$$00000009)
    __rt_entry_main                          0x0800017d   Thumb Code     0  __rtentry2.o(.ARM.Collect$$rtentry$$0000000D)
    __rt_entry_postli_1                      0x0800017d   Thumb Code     0  __rtentry2.o(.ARM.Collect$$rtentry$$0000000C)
    __rt_exit                                0x08000185   Thumb Code     0  rtexit.o(.ARM.Collect$$rtexit$$00000000)
    __rt_exit_ls                             0x08000187   Thumb Code     0  rtexit2.o(.ARM.Collect$$rtexit$$00000003)
    __rt_exit_prels_1                        0x08000187   Thumb Code     0  rtexit2.o(.ARM.Collect$$rtexit$$00000002)
    __rt_exit_exit                           0x0800018b   Thumb Code     0  rtexit2.o(.ARM.Collect$$rtexit$$00000004)
    Reset_Handler                            0x08000191   Thumb Code     8  startup_stm32f10x_md.o(.text)
    ADC1_2_IRQHandler                        0x080001ab   Thumb Code     0  startup_stm32f10x_md.o(.text)
    CAN1_RX1_IRQHandler                      0x080001ab   Thumb Code     0  startup_stm32f10x_md.o(.text)
    CAN1_SCE_IRQHandler                      0x080001ab   Thumb Code     0  startup_stm32f10x_md.o(.text)
    DMA1_Channel1_IRQHandler                 0x080001ab   Thumb Code     0  startup_stm32f10x_md.o(.text)
    DMA1_Channel2_IRQHandler                 0x080001ab   Thumb Code     0  startup_stm32f10x_md.o(.text)
    DMA1_Channel3_IRQHandler                 0x080001ab   Thumb Code     0  startup_stm32f10x_md.o(.text)
    DMA1_Channel4_IRQHandler                 0x080001ab   Thumb Code     0  startup_stm32f10x_md.o(.text)
    DMA1_Channel5_IRQHandler                 0x080001ab   Thumb Code     0  startup_stm32f10x_md.o(.text)
    DMA1_Channel6_IRQHandler                 0x080001ab   Thumb Code     0  startup_stm32f10x_md.o(.text)
    DMA1_Channel7_IRQHandler                 0x080001ab   Thumb Code     0  startup_stm32f10x_md.o(.text)
    EXTI0_IRQHandler                         0x080001ab   Thumb Code     0  startup_stm32f10x_md.o(.text)
    EXTI1_IRQHandler                         0x080001ab   Thumb Code     0  startup_stm32f10x_md.o(.text)
    EXTI2_IRQHandler                         0x080001ab   Thumb Code     0  startup_stm32f10x_md.o(.text)
    EXTI3_IRQHandler                         0x080001ab   Thumb Code     0  startup_stm32f10x_md.o(.text)
    EXTI4_IRQHandler                         0x080001ab   Thumb Code     0  startup_stm32f10x_md.o(.text)
    EXTI9_5_IRQHandler                       0x080001ab   Thumb Code     0  startup_stm32f10x_md.o(.text)
    FLASH_IRQHandler                         0x080001ab   Thumb Code     0  startup_stm32f10x_md.o(.text)
    I2C1_ER_IRQHandler                       0x080001ab   Thumb Code     0  startup_stm32f10x_md.o(.text)
    I2C1_EV_IRQHandler                       0x080001ab   Thumb Code     0  startup_stm32f10x_md.o(.text)
    I2C2_ER_IRQHandler                       0x080001ab   Thumb Code     0  startup_stm32f10x_md.o(.text)
    I2C2_EV_IRQHandler                       0x080001ab   Thumb Code     0  startup_stm32f10x_md.o(.text)
    PVD_IRQHandler                           0x080001ab   Thumb Code     0  startup_stm32f10x_md.o(.text)
    RCC_IRQHandler                           0x080001ab   Thumb Code     0  startup_stm32f10x_md.o(.text)
    RTCAlarm_IRQHandler                      0x080001ab   Thumb Code     0  startup_stm32f10x_md.o(.text)
    RTC_IRQHandler                           0x080001ab   Thumb Code     0  startup_stm32f10x_md.o(.text)
    SPI1_IRQHandler                          0x080001ab   Thumb Code     0  startup_stm32f10x_md.o(.text)
    SPI2_IRQHandler                          0x080001ab   Thumb Code     0  startup_stm32f10x_md.o(.text)
    TAMPER_IRQHandler                        0x080001ab   Thumb Code     0  startup_stm32f10x_md.o(.text)
    TIM1_BRK_IRQHandler                      0x080001ab   Thumb Code     0  startup_stm32f10x_md.o(.text)
    TIM1_CC_IRQHandler                       0x080001ab   Thumb Code     0  startup_stm32f10x_md.o(.text)
    TIM1_TRG_COM_IRQHandler                  0x080001ab   Thumb Code     0  startup_stm32f10x_md.o(.text)
    TIM1_UP_IRQHandler                       0x080001ab   Thumb Code     0  startup_stm32f10x_md.o(.text)
    TIM4_IRQHandler                          0x080001ab   Thumb Code     0  startup_stm32f10x_md.o(.text)
    USART1_IRQHandler                        0x080001ab   Thumb Code     0  startup_stm32f10x_md.o(.text)
    USART3_IRQHandler                        0x080001ab   Thumb Code     0  startup_stm32f10x_md.o(.text)
    USBWakeUp_IRQHandler                     0x080001ab   Thumb Code     0  startup_stm32f10x_md.o(.text)
    USB_HP_CAN1_TX_IRQHandler                0x080001ab   Thumb Code     0  startup_stm32f10x_md.o(.text)
    USB_LP_CAN1_RX0_IRQHandler               0x080001ab   Thumb Code     0  startup_stm32f10x_md.o(.text)
    WWDG_IRQHandler                          0x080001ab   Thumb Code     0  startup_stm32f10x_md.o(.text)
    __user_initial_stackheap                 0x080001ad   Thumb Code     0  startup_stm32f10x_md.o(.text)
    __use_no_semihosting                     0x080001d1   Thumb Code     2  use_no_semi_2.o(.text)
    __aeabi_ldivmod                          0x080001d3   Thumb Code     0  llsdiv.o(.text)
    _ll_sdiv                                 0x080001d3   Thumb Code    72  llsdiv.o(.text)
    __2printf                                0x0800021d   Thumb Code    20  noretval__2printf.o(.text)
    _printf_int_dec                          0x08000235   Thumb Code   104  _printf_dec.o(.text)
    __printf                                 0x080002ad   Thumb Code   308  __printf_flags_wp.o(.text)
    memcmp                                   0x080003e5   Thumb Code    88  memcmp.o(.text)
    __aeabi_memset                           0x0800043d   Thumb Code    16  aeabi_memset.o(.text)
    __use_two_region_memory                  0x0800044d   Thumb Code     2  heapauxi.o(.text)
    __rt_heap_escrow$2region                 0x0800044f   Thumb Code     2  heapauxi.o(.text)
    __rt_heap_expand$2region                 0x08000451   Thumb Code     2  heapauxi.o(.text)
    __I$use$semihosting                      0x08000453   Thumb Code     0  use_no_semi.o(.text)
    __use_no_semihosting_swi                 0x08000453   Thumb Code     2  use_no_semi.o(.text)
    __aeabi_uldivmod                         0x08000455   Thumb Code     0  lludivv7m.o(.text)
    _ll_udiv                                 0x08000455   Thumb Code   238  lludivv7m.o(.text)
    __read_errno                             0x08000543   Thumb Code    10  _rserrno.o(.text)
    __set_errno                              0x0800054d   Thumb Code    12  _rserrno.o(.text)
    _printf_int_common                       0x08000559   Thumb Code   178  _printf_intcommon.o(.text)
    _printf_char_file                        0x0800060d   Thumb Code    32  _printf_char_file.o(.text)
    __aeabi_memclr                           0x08000631   Thumb Code     0  rt_memclr.o(.text)
    __rt_memclr                              0x08000631   Thumb Code    68  rt_memclr.o(.text)
    _memset                                  0x08000635   Thumb Code     0  rt_memclr.o(.text)
    __aeabi_errno_addr                       0x08000675   Thumb Code     8  rt_errno_addr_intlibspace.o(.text)
    __errno$intlibspace                      0x08000675   Thumb Code     0  rt_errno_addr_intlibspace.o(.text)
    __rt_errno_addr$intlibspace              0x08000675   Thumb Code     0  rt_errno_addr_intlibspace.o(.text)
    _printf_char_common                      0x08000687   Thumb Code    32  _printf_char_common.o(.text)
    ferror                                   0x080006ad   Thumb Code     8  ferror.o(.text)
    __aeabi_memclr4                          0x080006b5   Thumb Code     0  rt_memclr_w.o(.text)
    __aeabi_memclr8                          0x080006b5   Thumb Code     0  rt_memclr_w.o(.text)
    __rt_memclr_w                            0x080006b5   Thumb Code    78  rt_memclr_w.o(.text)
    _memset_w                                0x080006b9   Thumb Code     0  rt_memclr_w.o(.text)
    __user_libspace                          0x08000705   Thumb Code     8  libspace.o(.text)
    __user_perproc_libspace                  0x08000705   Thumb Code     0  libspace.o(.text)
    __user_perthread_libspace                0x08000705   Thumb Code     0  libspace.o(.text)
    __user_setup_stackheap                   0x0800070d   Thumb Code    74  sys_stackheap_outer.o(.text)
    exit                                     0x08000757   Thumb Code    12  exit.o(.text)
    BusFault_Handler                         0x08000763   Thumb Code     4  stm32f10x_it.o(i.BusFault_Handler)
    DMP_Init                                 0x08000769   Thumb Code   110  mpu6050.o(i.DMP_Init)
    DebugMon_Handler                         0x08000805   Thumb Code     2  stm32f10x_it.o(i.DebugMon_Handler)
    EXTI15_10_IRQHandler                     0x08000809   Thumb Code   194  mpuexti.o(i.EXTI15_10_IRQHandler)
    EXTI_ClearITPendingBit                   0x08000909   Thumb Code     6  stm32f10x_exti.o(i.EXTI_ClearITPendingBit)
    EXTI_Init                                0x08000915   Thumb Code   142  stm32f10x_exti.o(i.EXTI_Init)
    GPIO_EXTILineConfig                      0x080009a9   Thumb Code    60  stm32f10x_gpio.o(i.GPIO_EXTILineConfig)
    GPIO_Init                                0x080009e9   Thumb Code   278  stm32f10x_gpio.o(i.GPIO_Init)
    GPIO_PinRemapConfig                      0x08000b01   Thumb Code   138  stm32f10x_gpio.o(i.GPIO_PinRemapConfig)
    GPIO_ResetBits                           0x08000b91   Thumb Code     4  stm32f10x_gpio.o(i.GPIO_ResetBits)
    GPIO_SetBits                             0x08000b95   Thumb Code     4  stm32f10x_gpio.o(i.GPIO_SetBits)
    HardFault_Handler                        0x08000b99   Thumb Code     4  stm32f10x_it.o(i.HardFault_Handler)
    IIC_Init                                 0x08000b9d   Thumb Code    62  oled_i2c.o(i.IIC_Init)
    IIC_Send_Byte                            0x08000be5   Thumb Code    90  oled_i2c.o(i.IIC_Send_Byte)
    IIC_Start                                0x08000c4d   Thumb Code    64  oled_i2c.o(i.IIC_Start)
    IIC_Stop                                 0x08000c99   Thumb Code    62  oled_i2c.o(i.IIC_Stop)
    IIC_Wait_Ack                             0x08000ce5   Thumb Code    86  oled_i2c.o(i.IIC_Wait_Ack)
    I_xianfu                                 0x08000d49   Thumb Code    66  pid.o(i.I_xianfu)
    MPU_IIC_Ack                              0x08000d91   Thumb Code    62  mpuiic.o(i.MPU_IIC_Ack)
    MPU_IIC_Delay                            0x08000ddd   Thumb Code    10  mpuiic.o(i.MPU_IIC_Delay)
    MPU_IIC_Init                             0x08000de9   Thumb Code    50  mpuiic.o(i.MPU_IIC_Init)
    MPU_IIC_NAck                             0x08000e21   Thumb Code    62  mpuiic.o(i.MPU_IIC_NAck)
    MPU_IIC_Read_Byte                        0x08000e6d   Thumb Code    94  mpuiic.o(i.MPU_IIC_Read_Byte)
    MPU_IIC_Send_Byte                        0x08000ed9   Thumb Code    80  mpuiic.o(i.MPU_IIC_Send_Byte)
    MPU_IIC_Start                            0x08000f35   Thumb Code    60  mpuiic.o(i.MPU_IIC_Start)
    MPU_IIC_Stop                             0x08000f7d   Thumb Code    58  mpuiic.o(i.MPU_IIC_Stop)
    MPU_IIC_Wait_Ack                         0x08000fc5   Thumb Code    86  mpuiic.o(i.MPU_IIC_Wait_Ack)
    MPU_Init                                 0x08001029   Thumb Code   210  mpu6050.o(i.MPU_Init)
    MPU_Read_Byte                            0x08001121   Thumb Code    58  mpu6050.o(i.MPU_Read_Byte)
    MPU_Read_Len                             0x0800115b   Thumb Code   116  mpu6050.o(i.MPU_Read_Len)
    MPU_Set_Accel_Fsr                        0x080011cf   Thumb Code    16  mpu6050.o(i.MPU_Set_Accel_Fsr)
    MPU_Set_Gyro_Fsr                         0x080011df   Thumb Code    16  mpu6050.o(i.MPU_Set_Gyro_Fsr)
    MPU_Set_LPF                              0x080011ef   Thumb Code    58  mpu6050.o(i.MPU_Set_LPF)
    MPU_Set_Rate                             0x08001229   Thumb Code    58  mpu6050.o(i.MPU_Set_Rate)
    MPU_Write_Byte                           0x08001263   Thumb Code    68  mpu6050.o(i.MPU_Write_Byte)
    MPU_Write_Len                            0x080012a7   Thumb Code    96  mpu6050.o(i.MPU_Write_Len)
    MPU_exti_init                            0x08001309   Thumb Code   108  mpuexti.o(i.MPU_exti_init)
    MemManage_Handler                        0x08001379   Thumb Code     4  stm32f10x_it.o(i.MemManage_Handler)
    NMI_Handler                              0x0800137d   Thumb Code     2  stm32f10x_it.o(i.NMI_Handler)
    NVIC_Init                                0x08001381   Thumb Code   100  misc.o(i.NVIC_Init)
    NVIC_PriorityGroupConfig                 0x080013f1   Thumb Code    10  misc.o(i.NVIC_PriorityGroupConfig)
    Num_Digit                                0x08001405   Thumb Code    64  oled.o(i.Num_Digit)
    OLED_Clear                               0x0800144d   Thumb Code    10  oled.o(i.OLED_Clear)
    OLED_Command                             0x08001457   Thumb Code    76  oled.o(i.OLED_Command)
    OLED_Data                                0x080014a3   Thumb Code    76  oled.o(i.OLED_Data)
    OLED_Fill                                0x080014ef   Thumb Code    58  oled.o(i.OLED_Fill)
    OLED_Init                                0x08001529   Thumb Code   200  oled.o(i.OLED_Init)
    OLED_SetPos                              0x080015fd   Thumb Code    40  oled.o(i.OLED_SetPos)
    OLED_ShowAngle                           0x08001625   Thumb Code   132  oled.o(i.OLED_ShowAngle)
    OLED_ShowNum                             0x080016b5   Thumb Code   598  oled.o(i.OLED_ShowNum)
    OLED_ShowPWM                             0x0800190d   Thumb Code    50  oled.o(i.OLED_ShowPWM)
    OLED_ShowSNum                            0x08001949   Thumb Code   246  oled.o(i.OLED_ShowSNum)
    OLED_ShowStr                             0x08001a49   Thumb Code   228  oled.o(i.OLED_ShowStr)
    OLED_Shownum1                            0x08001b35   Thumb Code   206  oled.o(i.OLED_Shownum1)
    OLED_Shownum3                            0x08001c05   Thumb Code   238  oled.o(i.OLED_Shownum3)
    PWM_Xianfu                               0x08001cf9   Thumb Code    44  motor.o(i.PWM_Xianfu)
    PendSV_Handler                           0x08001d25   Thumb Code     2  stm32f10x_it.o(i.PendSV_Handler)
    RCC_APB1PeriphClockCmd                   0x08001d29   Thumb Code    26  stm32f10x_rcc.o(i.RCC_APB1PeriphClockCmd)
    RCC_APB2PeriphClockCmd                   0x08001d49   Thumb Code    26  stm32f10x_rcc.o(i.RCC_APB2PeriphClockCmd)
    RCC_GetClocksFreq                        0x08001d69   Thumb Code   192  stm32f10x_rcc.o(i.RCC_GetClocksFreq)
    SETPWM                                   0x08001e3d   Thumb Code    80  motor.o(i.SETPWM)
    SVC_Handler                              0x08001e91   Thumb Code     2  stm32f10x_it.o(i.SVC_Handler)
    SysTick_CLKSourceConfig                  0x08001f7d   Thumb Code    40  misc.o(i.SysTick_CLKSourceConfig)
    SysTick_Handler                          0x08001fa5   Thumb Code     2  stm32f10x_it.o(i.SysTick_Handler)
    SystemInit                               0x08001fa9   Thumb Code    78  system_stm32f10x.o(i.SystemInit)
    TIM1_PWM_Init                            0x08002249   Thumb Code   130  timer.o(i.TIM1_PWM_Init)
    TIM2_IRQHandler                          0x080022d1   Thumb Code    22  timer.o(i.TIM2_IRQHandler)
    TIM2_encoder_init                        0x080022e9   Thumb Code   146  timer.o(i.TIM2_encoder_init)
    TIM3_IRQHandler                          0x08002381   Thumb Code    22  timer.o(i.TIM3_IRQHandler)
    TIM3_encoder_init                        0x0800239d   Thumb Code   140  timer.o(i.TIM3_encoder_init)
    TIM_ClearITPendingBit                    0x08002431   Thumb Code     6  stm32f10x_tim.o(i.TIM_ClearITPendingBit)
    TIM_Cmd                                  0x08002437   Thumb Code    24  stm32f10x_tim.o(i.TIM_Cmd)
    TIM_CtrlPWMOutputs                       0x0800244f   Thumb Code    30  stm32f10x_tim.o(i.TIM_CtrlPWMOutputs)
    TIM_EncoderInterfaceConfig               0x0800246d   Thumb Code    66  stm32f10x_tim.o(i.TIM_EncoderInterfaceConfig)
    TIM_GetCounter                           0x080024af   Thumb Code     6  stm32f10x_tim.o(i.TIM_GetCounter)
    TIM_GetITStatus                          0x080024b5   Thumb Code    34  stm32f10x_tim.o(i.TIM_GetITStatus)
    TIM_ICInit                               0x080024d9   Thumb Code   150  stm32f10x_tim.o(i.TIM_ICInit)
    TIM_ICStructInit                         0x08002585   Thumb Code    18  stm32f10x_tim.o(i.TIM_ICStructInit)
    TIM_ITConfig                             0x08002597   Thumb Code    18  stm32f10x_tim.o(i.TIM_ITConfig)
    TIM_OC1Init                              0x080025a9   Thumb Code   132  stm32f10x_tim.o(i.TIM_OC1Init)
    TIM_OC1PreloadConfig                     0x08002641   Thumb Code    18  stm32f10x_tim.o(i.TIM_OC1PreloadConfig)
    TIM_OC4Init                              0x08002655   Thumb Code   114  stm32f10x_tim.o(i.TIM_OC4Init)
    TIM_OC4PreloadConfig                     0x080026d1   Thumb Code    26  stm32f10x_tim.o(i.TIM_OC4PreloadConfig)
    TIM_SetCompare1                          0x080026eb   Thumb Code     4  stm32f10x_tim.o(i.TIM_SetCompare1)
    TIM_SetCompare4                          0x080026ef   Thumb Code     6  stm32f10x_tim.o(i.TIM_SetCompare4)
    TIM_SetCounter                           0x080026f5   Thumb Code     4  stm32f10x_tim.o(i.TIM_SetCounter)
    TIM_SetIC1Prescaler                      0x080026f9   Thumb Code    18  stm32f10x_tim.o(i.TIM_SetIC1Prescaler)
    TIM_SetIC2Prescaler                      0x0800270b   Thumb Code    26  stm32f10x_tim.o(i.TIM_SetIC2Prescaler)
    TIM_SetIC3Prescaler                      0x08002725   Thumb Code    18  stm32f10x_tim.o(i.TIM_SetIC3Prescaler)
    TIM_SetIC4Prescaler                      0x08002737   Thumb Code    26  stm32f10x_tim.o(i.TIM_SetIC4Prescaler)
    TIM_TimeBaseInit                         0x08002751   Thumb Code   122  stm32f10x_tim.o(i.TIM_TimeBaseInit)
    TIM_TimeBaseStructInit                   0x080027f5   Thumb Code    18  stm32f10x_tim.o(i.TIM_TimeBaseStructInit)
    USART2_IRQHandler                        0x08002809   Thumb Code   152  usart.o(i.USART2_IRQHandler)
    USART_Cmd                                0x080028bd   Thumb Code    24  stm32f10x_usart.o(i.USART_Cmd)
    USART_GetITStatus                        0x080028d5   Thumb Code    84  stm32f10x_usart.o(i.USART_GetITStatus)
    USART_ITConfig                           0x08002929   Thumb Code    74  stm32f10x_usart.o(i.USART_ITConfig)
    USART_Init                               0x08002975   Thumb Code   210  stm32f10x_usart.o(i.USART_Init)
    USART_ReceiveData                        0x08002a4d   Thumb Code    10  stm32f10x_usart.o(i.USART_ReceiveData)
    UsageFault_Handler                       0x08002a57   Thumb Code     4  stm32f10x_it.o(i.UsageFault_Handler)
    __ARM_fpclassify                         0x08002a5b   Thumb Code    40  fpclassify.o(i.__ARM_fpclassify)
    __kernel_poly                            0x08002a83   Thumb Code   170  poly.o(i.__kernel_poly)
    __mathlib_dbl_infnan                     0x08002b2d   Thumb Code     6  dunder.o(i.__mathlib_dbl_infnan)
    __mathlib_dbl_infnan2                    0x08002b33   Thumb Code     4  dunder.o(i.__mathlib_dbl_infnan2)
    __mathlib_dbl_invalid                    0x08002b37   Thumb Code    12  dunder.o(i.__mathlib_dbl_invalid)
    __mathlib_dbl_underflow                  0x08002b45   Thumb Code    10  dunder.o(i.__mathlib_dbl_underflow)
    _is_digit                                0x08002b55   Thumb Code    14  __printf_wp.o(i._is_digit)
    _sys_exit                                0x08002b63   Thumb Code     4  usart.o(i._sys_exit)
    asin                                     0x08002c11   Thumb Code   572  asin.o(i.asin)
    atan                                     0x08002e81   Thumb Code   474  atan.o(i.atan)
    atan2                                    0x080030a1   Thumb Code   346  atan2.o(i.atan2)
    delay_init                               0x08003285   Thumb Code    50  delay.o(i.delay_init)
    delay_ms                                 0x080032c9   Thumb Code    72  delay.o(i.delay_ms)
    delay_us                                 0x08003315   Thumb Code    72  delay.o(i.delay_us)
    dmp_enable_6x_lp_quat                    0x08003361   Thumb Code    60  inv_mpu_dmp_motion_driver.o(i.dmp_enable_6x_lp_quat)
    dmp_enable_feature                       0x0800339d   Thumb Code   530  inv_mpu_dmp_motion_driver.o(i.dmp_enable_feature)
    dmp_enable_gyro_cal                      0x080035b9   Thumb Code    62  inv_mpu_dmp_motion_driver.o(i.dmp_enable_gyro_cal)
    dmp_enable_lp_quat                       0x08003611   Thumb Code    60  inv_mpu_dmp_motion_driver.o(i.dmp_enable_lp_quat)
    dmp_load_motion_driver_firmware          0x0800364d   Thumb Code    20  inv_mpu_dmp_motion_driver.o(i.dmp_load_motion_driver_firmware)
    dmp_read_fifo                            0x08003665   Thumb Code   456  inv_mpu_dmp_motion_driver.o(i.dmp_read_fifo)
    dmp_set_accel_bias                       0x08003831   Thumb Code   300  inv_mpu_dmp_motion_driver.o(i.dmp_set_accel_bias)
    dmp_set_fifo_rate                        0x08003961   Thumb Code    96  inv_mpu_dmp_motion_driver.o(i.dmp_set_fifo_rate)
    dmp_set_gyro_bias                        0x080039d1   Thumb Code   294  inv_mpu_dmp_motion_driver.o(i.dmp_set_gyro_bias)
    dmp_set_orientation                      0x08003b01   Thumb Code   290  inv_mpu_dmp_motion_driver.o(i.dmp_set_orientation)
    dmp_set_shake_reject_thresh              0x08003c39   Thumb Code    56  inv_mpu_dmp_motion_driver.o(i.dmp_set_shake_reject_thresh)
    dmp_set_shake_reject_time                0x08003c71   Thumb Code    38  inv_mpu_dmp_motion_driver.o(i.dmp_set_shake_reject_time)
    dmp_set_shake_reject_timeout             0x08003c97   Thumb Code    38  inv_mpu_dmp_motion_driver.o(i.dmp_set_shake_reject_timeout)
    dmp_set_tap_axes                         0x08003cbd   Thumb Code    70  inv_mpu_dmp_motion_driver.o(i.dmp_set_tap_axes)
    dmp_set_tap_count                        0x08003d03   Thumb Code    38  inv_mpu_dmp_motion_driver.o(i.dmp_set_tap_count)
    dmp_set_tap_thresh                       0x08003d29   Thumb Code   396  inv_mpu_dmp_motion_driver.o(i.dmp_set_tap_thresh)
    dmp_set_tap_time                         0x08003ec9   Thumb Code    38  inv_mpu_dmp_motion_driver.o(i.dmp_set_tap_time)
    dmp_set_tap_time_multi                   0x08003eef   Thumb Code    38  inv_mpu_dmp_motion_driver.o(i.dmp_set_tap_time_multi)
    fputc                                    0x08003f15   Thumb Code    24  usart.o(i.fputc)
    inv_orientation_matrix_to_scalar         0x08004565   Thumb Code    40  inv_mpu.o(i.inv_orientation_matrix_to_scalar)
    inv_row_2_scale                          0x0800458d   Thumb Code    78  inv_mpu.o(i.inv_row_2_scale)
    left_negative                            0x080045dd   Thumb Code    24  motor.o(i.left_negative)
    left_positive                            0x080045f9   Thumb Code    24  motor.o(i.left_positive)
    main                                     0x08004615   Thumb Code   106  main.o(i.main)
    mget_ms                                  0x0800469d   Thumb Code     2  inv_mpu.o(i.mget_ms)
    motor_gpio_init                          0x080046a1   Thumb Code   104  motor.o(i.motor_gpio_init)
    motor_init                               0x08004711   Thumb Code    26  motor.o(i.motor_init)
    mpu_configure_fifo                       0x0800472d   Thumb Code   106  inv_mpu.o(i.mpu_configure_fifo)
    mpu_dmp_get_data                         0x0800479d   Thumb Code   544  inv_mpu.o(i.mpu_dmp_get_data)
    mpu_dmp_init                             0x080049c1   Thumb Code   154  inv_mpu.o(i.mpu_dmp_init)
    mpu_get_accel_fsr                        0x08004a61   Thumb Code    72  inv_mpu.o(i.mpu_get_accel_fsr)
    mpu_get_accel_sens                       0x08004aad   Thumb Code    78  inv_mpu.o(i.mpu_get_accel_sens)
    mpu_get_fifo_config                      0x08004b01   Thumb Code    12  inv_mpu.o(i.mpu_get_fifo_config)
    mpu_get_gyro_fsr                         0x08004b11   Thumb Code    64  inv_mpu.o(i.mpu_get_gyro_fsr)
    mpu_get_gyro_sens                        0x08004b55   Thumb Code    58  inv_mpu.o(i.mpu_get_gyro_sens)
    mpu_get_lpf                              0x08004ba5   Thumb Code    74  inv_mpu.o(i.mpu_get_lpf)
    mpu_get_sample_rate                      0x08004bf5   Thumb Code    26  inv_mpu.o(i.mpu_get_sample_rate)
    mpu_init                                 0x08004c15   Thumb Code   416  inv_mpu.o(i.mpu_init)
    mpu_load_firmware                        0x08004e05   Thumb Code   180  inv_mpu.o(i.mpu_load_firmware)
    mpu_lp_accel_mode                        0x08004ebd   Thumb Code   218  inv_mpu.o(i.mpu_lp_accel_mode)
    mpu_read_fifo_stream                     0x08004f9d   Thumb Code   186  inv_mpu.o(i.mpu_read_fifo_stream)
    mpu_read_mem                             0x0800505d   Thumb Code   122  inv_mpu.o(i.mpu_read_mem)
    mpu_reset_fifo                           0x080050dd   Thumb Code   450  inv_mpu.o(i.mpu_reset_fifo)
    mpu_run_self_test                        0x080052a5   Thumb Code   278  inv_mpu.o(i.mpu_run_self_test)
    mpu_set_accel_fsr                        0x080053c1   Thumb Code   126  inv_mpu.o(i.mpu_set_accel_fsr)
    mpu_set_bypass                           0x08005445   Thumb Code   328  inv_mpu.o(i.mpu_set_bypass)
    mpu_set_dmp_state                        0x08005591   Thumb Code   138  inv_mpu.o(i.mpu_set_dmp_state)
    mpu_set_gyro_fsr                         0x08005621   Thumb Code   132  inv_mpu.o(i.mpu_set_gyro_fsr)
    mpu_set_int_latched                      0x080056a9   Thumb Code   102  inv_mpu.o(i.mpu_set_int_latched)
    mpu_set_lpf                              0x08005715   Thumb Code   126  inv_mpu.o(i.mpu_set_lpf)
    mpu_set_sample_rate                      0x08005799   Thumb Code   152  inv_mpu.o(i.mpu_set_sample_rate)
    mpu_set_sensors                          0x08005835   Thumb Code   202  inv_mpu.o(i.mpu_set_sensors)
    mpu_write_mem                            0x08005905   Thumb Code   122  inv_mpu.o(i.mpu_write_mem)
    read_encoder2                            0x08005985   Thumb Code    26  motor.o(i.read_encoder2)
    read_encoder3                            0x080059a1   Thumb Code    22  motor.o(i.read_encoder3)
    right_negative                           0x080059bd   Thumb Code    24  motor.o(i.right_negative)
    right_positive                           0x080059d9   Thumb Code    24  motor.o(i.right_positive)
    run_self_test                            0x080059f5   Thumb Code   132  inv_mpu.o(i.run_self_test)
    sqrt                                     0x08005b09   Thumb Code    76  sqrt.o(i.sqrt)
    turn_PID_value                           0x08005b55   Thumb Code    38  pid.o(i.turn_PID_value)
    usart2_init                              0x08005b85   Thumb Code   156  usart.o(i.usart2_init)
    velocity_PID_value                       0x08005c29   Thumb Code   144  pid.o(i.velocity_PID_value)
    vertical_PID_value                       0x08005cd5   Thumb Code   126  pid.o(i.vertical_PID_value)
    __aeabi_d2f                              0x08005d71   Thumb Code     0  d2f.o(x$fpl$d2f)
    _d2f                                     0x08005d71   Thumb Code    98  d2f.o(x$fpl$d2f)
    __aeabi_dadd                             0x08005dd5   Thumb Code     0  daddsub_clz.o(x$fpl$dadd)
    _dadd                                    0x08005dd5   Thumb Code   332  daddsub_clz.o(x$fpl$dadd)
    __fpl_dcheck_NaN1                        0x08005f25   Thumb Code    10  dcheck1.o(x$fpl$dcheck1)
    __aeabi_ddiv                             0x08005f35   Thumb Code     0  ddiv.o(x$fpl$ddiv)
    _ddiv                                    0x08005f35   Thumb Code   552  ddiv.o(x$fpl$ddiv)
    __aeabi_dmul                             0x080061e5   Thumb Code     0  dmul.o(x$fpl$dmul)
    _dmul                                    0x080061e5   Thumb Code   332  dmul.o(x$fpl$dmul)
    __fpl_dnaninf                            0x08006339   Thumb Code   156  dnaninf.o(x$fpl$dnaninf)
    __fpl_dretinf                            0x080063d5   Thumb Code    12  dretinf.o(x$fpl$dretinf)
    __aeabi_drsub                            0x080063e1   Thumb Code     0  daddsub_clz.o(x$fpl$drsb)
    _drsb                                    0x080063e1   Thumb Code    22  daddsub_clz.o(x$fpl$drsb)
    _dsqrt                                   0x080063f9   Thumb Code   456  dsqrt_noumaal.o(x$fpl$dsqrt)
    __aeabi_dsub                             0x080065c5   Thumb Code     0  daddsub_clz.o(x$fpl$dsub)
    _dsub                                    0x080065c5   Thumb Code   464  daddsub_clz.o(x$fpl$dsub)
    __aeabi_f2d                              0x08006799   Thumb Code     0  f2d.o(x$fpl$f2d)
    _f2d                                     0x08006799   Thumb Code    86  f2d.o(x$fpl$f2d)
    __aeabi_fadd                             0x080067f1   Thumb Code     0  faddsub_clz.o(x$fpl$fadd)
    _fadd                                    0x080067f1   Thumb Code   196  faddsub_clz.o(x$fpl$fadd)
    __fpl_fcmp_Inf                           0x080068b5   Thumb Code    24  fcmpi.o(x$fpl$fcmpinf)
    __aeabi_fdiv                             0x080068cd   Thumb Code     0  fdiv.o(x$fpl$fdiv)
    _fdiv                                    0x080068cd   Thumb Code   384  fdiv.o(x$fpl$fdiv)
    __aeabi_cfcmpeq                          0x08006a51   Thumb Code     0  feqf.o(x$fpl$feqf)
    _fcmpeq                                  0x08006a51   Thumb Code   104  feqf.o(x$fpl$feqf)
    __aeabi_f2iz                             0x08006ab9   Thumb Code     0  ffix.o(x$fpl$ffix)
    _ffix                                    0x08006ab9   Thumb Code    54  ffix.o(x$fpl$ffix)
    __aeabi_f2uiz                            0x08006af1   Thumb Code     0  ffixu.o(x$fpl$ffixu)
    _ffixu                                   0x08006af1   Thumb Code    62  ffixu.o(x$fpl$ffixu)
    __aeabi_i2f                              0x08006b31   Thumb Code     0  fflt_clz.o(x$fpl$fflt)
    _fflt                                    0x08006b31   Thumb Code    48  fflt_clz.o(x$fpl$fflt)
    __aeabi_ui2f                             0x08006b61   Thumb Code     0  fflt_clz.o(x$fpl$ffltu)
    _ffltu                                   0x08006b61   Thumb Code    38  fflt_clz.o(x$fpl$ffltu)
    __aeabi_cfcmple                          0x08006b89   Thumb Code     0  fleqf.o(x$fpl$fleqf)
    _fcmple                                  0x08006b89   Thumb Code   104  fleqf.o(x$fpl$fleqf)
    __fpl_fcmple_InfNaN                      0x08006bdb   Thumb Code     0  fleqf.o(x$fpl$fleqf)
    __aeabi_fmul                             0x08006bf1   Thumb Code     0  fmul.o(x$fpl$fmul)
    _fmul                                    0x08006bf1   Thumb Code   258  fmul.o(x$fpl$fmul)
    __fpl_fnaninf                            0x08006cf3   Thumb Code   140  fnaninf.o(x$fpl$fnaninf)
    __fpl_fretinf                            0x08006d7f   Thumb Code    10  fretinf.o(x$fpl$fretinf)
    __aeabi_cfrcmple                         0x08006d89   Thumb Code     0  frleqf.o(x$fpl$frleqf)
    _frcmple                                 0x08006d89   Thumb Code    98  frleqf.o(x$fpl$frleqf)
    __aeabi_fsub                             0x08006ded   Thumb Code     0  faddsub_clz.o(x$fpl$fsub)
    _fsub                                    0x08006ded   Thumb Code   234  faddsub_clz.o(x$fpl$fsub)
    __fpl_return_NaN                         0x08006ed7   Thumb Code   100  retnan.o(x$fpl$retnan)
    __ARM_scalbn                             0x08006f3b   Thumb Code    92  scalbn.o(x$fpl$scalbn)
    __fpl_cmpreturn                          0x08006f97   Thumb Code    48  trapv.o(x$fpl$trapveneer)
    __I$use$fp                               0x08006fc6   Number         0  usenofp.o(x$fpl$usenofp)
    reg                                      0x08006fc8   Data          27  inv_mpu.o(.constdata)
    hw                                       0x08006fe4   Data          12  inv_mpu.o(.constdata)
    test                                     0x08006ff0   Data          40  inv_mpu.o(.constdata)
    F6x8                                     0x08007c0e   Data         552  oled.o(.constdata)
    F8X16                                    0x08007e36   Data        1520  oled.o(.constdata)
    __mathlib_zero                           0x08008520   Data           8  qnan.o(.constdata)
    Region$$Table$$Base                      0x08008578   Number         0  anon$$obj.o(Region$$Table)
    Region$$Table$$Limit                     0x08008598   Number         0  anon$$obj.o(Region$$Table)
    i                                        0x20000000   Data           4  main.o(.data)
    zhongzhi                                 0x20000004   Data           4  main.o(.data)
    motor_flag                               0x20000008   Data           4  main.o(.data)
    motor                                    0x2000000c   Data           4  main.o(.data)
    velocity_calcu                           0x20000010   Data           4  main.o(.data)
    yaw_calcu                                0x20000014   Data           4  main.o(.data)
    Kp                                       0x20000018   Data           4  main.o(.data)
    Ki                                       0x2000001c   Data           4  main.o(.data)
    Kd                                       0x20000020   Data           4  main.o(.data)
    VKp                                      0x20000024   Data           4  main.o(.data)
    VKi                                      0x20000028   Data           4  main.o(.data)
    TKp                                      0x2000002c   Data           4  main.o(.data)
    SystemCoreClock                          0x20000030   Data           4  system_stm32f10x.o(.data)
    AHBPrescTable                            0x20000034   Data          16  system_stm32f10x.o(.data)
    __stdout                                 0x2000005c   Data           4  usart.o(.data)
    bluetooth                                0x20000060   Data           1  usart.o(.data)
    pitch                                    0x2000009c   Data           4  mpuexti.o(.data)
    roll                                     0x200000a0   Data           4  mpuexti.o(.data)
    yaw                                      0x200000a4   Data           4  mpuexti.o(.data)
    measure                                  0x200000a8   Data           4  mpuexti.o(.data)
    calcu                                    0x200000ac   Data           4  mpuexti.o(.data)
    velocity_measure                         0x200000b0   Data           4  mpuexti.o(.data)
    yaw_measure                              0x200000b4   Data           4  mpuexti.o(.data)
    PWM0                                     0x200000b8   Data           4  mpuexti.o(.data)
    PWM1                                     0x200000bc   Data           4  mpuexti.o(.data)
    PWM2                                     0x200000c0   Data           4  mpuexti.o(.data)
    err                                      0x200000c4   Data           4  pid.o(.data)
    last_err                                 0x200000c8   Data           4  pid.o(.data)
    err_sum                                  0x200000cc   Data           4  pid.o(.data)
    err_difference                           0x200000d0   Data           4  pid.o(.data)
    velocity                                 0x200000d4   Data           4  pid.o(.data)
    filt_velocity                            0x200000d8   Data           4  pid.o(.data)
    last_filt_velocity                       0x200000dc   Data           4  pid.o(.data)
    velocity_sum                             0x200000e0   Data           4  pid.o(.data)
    yaw_err                                  0x200000e4   Data           4  pid.o(.data)
    __libspace_start                         0x200000f8   Data          96  libspace.o(.bss)
    __temporary_stack_top$libspace           0x20000158   Data           0  libspace.o(.bss)



==============================================================================

Memory Map of the image

  Image Entry point : 0x08000191

  Load Region LR_1 (Base: 0x08000000, Size: 0x00008680, Max: 0xffffffff, ABSOLUTE)

    Execution Region ER_RO (Base: 0x08000000, Size: 0x00008598, Max: 0xffffffff, ABSOLUTE)

    Base Addr    Size         Type   Attr      Idx    E Section Name        Object

    0x08000000   0x000000ec   Data   RO          278    RESET               startup_stm32f10x_md.o
    0x080000ec   0x00000008   Code   RO         4418  * !!!main             c_w.l(__main.o)
    0x080000f4   0x00000034   Code   RO         4742    !!!scatter          c_w.l(__scatter.o)
    0x08000128   0x0000001a   Code   RO         4744    !!handler_copy      c_w.l(__scatter_copy.o)
    0x08000142   0x00000002   PAD
    0x08000144   0x0000001c   Code   RO         4746    !!handler_zi        c_w.l(__scatter_zi.o)
    0x08000160   0x00000000   Code   RO         4411    .ARM.Collect$$_printf_percent$$00000000  c_w.l(_printf_percent.o)
    0x08000160   0x00000006   Code   RO         4410    .ARM.Collect$$_printf_percent$$00000009  c_w.l(_printf_d.o)
    0x08000166   0x00000004   Code   RO         4503    .ARM.Collect$$_printf_percent$$00000017  c_w.l(_printf_percent_end.o)
    0x0800016a   0x00000002   Code   RO         4610    .ARM.Collect$$libinit$$00000000  c_w.l(libinit.o)
    0x0800016c   0x00000000   Code   RO         4622    .ARM.Collect$$libinit$$00000002  c_w.l(libinit2.o)
    0x0800016c   0x00000000   Code   RO         4624    .ARM.Collect$$libinit$$00000004  c_w.l(libinit2.o)
    0x0800016c   0x00000000   Code   RO         4627    .ARM.Collect$$libinit$$0000000A  c_w.l(libinit2.o)
    0x0800016c   0x00000000   Code   RO         4629    .ARM.Collect$$libinit$$0000000C  c_w.l(libinit2.o)
    0x0800016c   0x00000000   Code   RO         4631    .ARM.Collect$$libinit$$0000000E  c_w.l(libinit2.o)
    0x0800016c   0x00000000   Code   RO         4634    .ARM.Collect$$libinit$$00000011  c_w.l(libinit2.o)
    0x0800016c   0x00000000   Code   RO         4636    .ARM.Collect$$libinit$$00000013  c_w.l(libinit2.o)
    0x0800016c   0x00000000   Code   RO         4638    .ARM.Collect$$libinit$$00000015  c_w.l(libinit2.o)
    0x0800016c   0x00000000   Code   RO         4640    .ARM.Collect$$libinit$$00000017  c_w.l(libinit2.o)
    0x0800016c   0x00000000   Code   RO         4642    .ARM.Collect$$libinit$$00000019  c_w.l(libinit2.o)
    0x0800016c   0x00000000   Code   RO         4644    .ARM.Collect$$libinit$$0000001B  c_w.l(libinit2.o)
    0x0800016c   0x00000000   Code   RO         4646    .ARM.Collect$$libinit$$0000001D  c_w.l(libinit2.o)
    0x0800016c   0x00000000   Code   RO         4648    .ARM.Collect$$libinit$$0000001F  c_w.l(libinit2.o)
    0x0800016c   0x00000000   Code   RO         4650    .ARM.Collect$$libinit$$00000021  c_w.l(libinit2.o)
    0x0800016c   0x00000000   Code   RO         4652    .ARM.Collect$$libinit$$00000023  c_w.l(libinit2.o)
    0x0800016c   0x00000000   Code   RO         4654    .ARM.Collect$$libinit$$00000025  c_w.l(libinit2.o)
    0x0800016c   0x00000000   Code   RO         4658    .ARM.Collect$$libinit$$0000002C  c_w.l(libinit2.o)
    0x0800016c   0x00000000   Code   RO         4660    .ARM.Collect$$libinit$$0000002E  c_w.l(libinit2.o)
    0x0800016c   0x00000000   Code   RO         4662    .ARM.Collect$$libinit$$00000030  c_w.l(libinit2.o)
    0x0800016c   0x00000000   Code   RO         4664    .ARM.Collect$$libinit$$00000032  c_w.l(libinit2.o)
    0x0800016c   0x00000002   Code   RO         4665    .ARM.Collect$$libinit$$00000033  c_w.l(libinit2.o)
    0x0800016e   0x00000002   Code   RO         4695    .ARM.Collect$$libshutdown$$00000000  c_w.l(libshutdown.o)
    0x08000170   0x00000000   Code   RO         4710    .ARM.Collect$$libshutdown$$00000003  c_w.l(libshutdown2.o)
    0x08000170   0x00000000   Code   RO         4713    .ARM.Collect$$libshutdown$$00000006  c_w.l(libshutdown2.o)
    0x08000170   0x00000000   Code   RO         4716    .ARM.Collect$$libshutdown$$00000009  c_w.l(libshutdown2.o)
    0x08000170   0x00000000   Code   RO         4718    .ARM.Collect$$libshutdown$$0000000B  c_w.l(libshutdown2.o)
    0x08000170   0x00000000   Code   RO         4721    .ARM.Collect$$libshutdown$$0000000E  c_w.l(libshutdown2.o)
    0x08000170   0x00000002   Code   RO         4722    .ARM.Collect$$libshutdown$$0000000F  c_w.l(libshutdown2.o)
    0x08000172   0x00000000   Code   RO         4494    .ARM.Collect$$rtentry$$00000000  c_w.l(__rtentry.o)
    0x08000172   0x00000000   Code   RO         4557    .ARM.Collect$$rtentry$$00000002  c_w.l(__rtentry2.o)
    0x08000172   0x00000006   Code   RO         4569    .ARM.Collect$$rtentry$$00000004  c_w.l(__rtentry4.o)
    0x08000178   0x00000000   Code   RO         4559    .ARM.Collect$$rtentry$$00000009  c_w.l(__rtentry2.o)
    0x08000178   0x00000004   Code   RO         4560    .ARM.Collect$$rtentry$$0000000A  c_w.l(__rtentry2.o)
    0x0800017c   0x00000000   Code   RO         4562    .ARM.Collect$$rtentry$$0000000C  c_w.l(__rtentry2.o)
    0x0800017c   0x00000008   Code   RO         4563    .ARM.Collect$$rtentry$$0000000D  c_w.l(__rtentry2.o)
    0x08000184   0x00000002   Code   RO         4615    .ARM.Collect$$rtexit$$00000000  c_w.l(rtexit.o)
    0x08000186   0x00000000   Code   RO         4669    .ARM.Collect$$rtexit$$00000002  c_w.l(rtexit2.o)
    0x08000186   0x00000004   Code   RO         4670    .ARM.Collect$$rtexit$$00000003  c_w.l(rtexit2.o)
    0x0800018a   0x00000006   Code   RO         4671    .ARM.Collect$$rtexit$$00000004  c_w.l(rtexit2.o)
    0x08000190   0x00000040   Code   RO          279  * .text               startup_stm32f10x_md.o
    0x080001d0   0x00000002   Code   RO         4354    .text               c_w.l(use_no_semi_2.o)
    0x080001d2   0x00000048   Code   RO         4356    .text               c_w.l(llsdiv.o)
    0x0800021a   0x00000002   PAD
    0x0800021c   0x00000018   Code   RO         4360    .text               c_w.l(noretval__2printf.o)
    0x08000234   0x00000078   Code   RO         4366    .text               c_w.l(_printf_dec.o)
    0x080002ac   0x00000138   Code   RO         4401    .text               c_w.l(__printf_flags_wp.o)
    0x080003e4   0x00000058   Code   RO         4412    .text               c_w.l(memcmp.o)
    0x0800043c   0x00000010   Code   RO         4414    .text               c_w.l(aeabi_memset.o)
    0x0800044c   0x00000006   Code   RO         4416    .text               c_w.l(heapauxi.o)
    0x08000452   0x00000002   Code   RO         4492    .text               c_w.l(use_no_semi.o)
    0x08000454   0x000000ee   Code   RO         4495    .text               c_w.l(lludivv7m.o)
    0x08000542   0x00000016   Code   RO         4497    .text               c_w.l(_rserrno.o)
    0x08000558   0x000000b2   Code   RO         4499    .text               c_w.l(_printf_intcommon.o)
    0x0800060a   0x00000002   PAD
    0x0800060c   0x00000024   Code   RO         4501    .text               c_w.l(_printf_char_file.o)
    0x08000630   0x00000044   Code   RO         4504    .text               c_w.l(rt_memclr.o)
    0x08000674   0x00000008   Code   RO         4578    .text               c_w.l(rt_errno_addr_intlibspace.o)
    0x0800067c   0x00000030   Code   RO         4580    .text               c_w.l(_printf_char_common.o)
    0x080006ac   0x00000008   Code   RO         4582    .text               c_w.l(ferror.o)
    0x080006b4   0x0000004e   Code   RO         4586    .text               c_w.l(rt_memclr_w.o)
    0x08000702   0x00000002   PAD
    0x08000704   0x00000008   Code   RO         4594    .text               c_w.l(libspace.o)
    0x0800070c   0x0000004a   Code   RO         4597    .text               c_w.l(sys_stackheap_outer.o)
    0x08000756   0x0000000c   Code   RO         4603    .text               c_w.l(exit.o)
    0x08000762   0x00000004   Code   RO          142    i.BusFault_Handler  stm32f10x_it.o
    0x08000766   0x00000002   PAD
    0x08000768   0x0000009c   Code   RO         3898    i.DMP_Init          mpu6050.o
    0x08000804   0x00000002   Code   RO          143    i.DebugMon_Handler  stm32f10x_it.o
    0x08000806   0x00000002   PAD
    0x08000808   0x00000100   Code   RO         4224    i.EXTI15_10_IRQHandler  mpuexti.o
    0x08000908   0x0000000c   Code   RO         1629    i.EXTI_ClearITPendingBit  stm32f10x_exti.o
    0x08000914   0x00000094   Code   RO         1634    i.EXTI_Init         stm32f10x_exti.o
    0x080009a8   0x00000040   Code   RO         1979    i.GPIO_EXTILineConfig  stm32f10x_gpio.o
    0x080009e8   0x00000116   Code   RO         1982    i.GPIO_Init         stm32f10x_gpio.o
    0x08000afe   0x00000002   PAD
    0x08000b00   0x00000090   Code   RO         1984    i.GPIO_PinRemapConfig  stm32f10x_gpio.o
    0x08000b90   0x00000004   Code   RO         1989    i.GPIO_ResetBits    stm32f10x_gpio.o
    0x08000b94   0x00000004   Code   RO         1990    i.GPIO_SetBits      stm32f10x_gpio.o
    0x08000b98   0x00000004   Code   RO          144    i.HardFault_Handler  stm32f10x_it.o
    0x08000b9c   0x00000048   Code   RO         4171    i.IIC_Init          oled_i2c.o
    0x08000be4   0x00000068   Code   RO         4174    i.IIC_Send_Byte     oled_i2c.o
    0x08000c4c   0x0000004c   Code   RO         4175    i.IIC_Start         oled_i2c.o
    0x08000c98   0x0000004c   Code   RO         4176    i.IIC_Stop          oled_i2c.o
    0x08000ce4   0x00000064   Code   RO         4177    i.IIC_Wait_Ack      oled_i2c.o
    0x08000d48   0x00000048   Code   RO         4318    i.I_xianfu          pid.o
    0x08000d90   0x0000004c   Code   RO         3983    i.MPU_IIC_Ack       mpuiic.o
    0x08000ddc   0x0000000a   Code   RO         3984    i.MPU_IIC_Delay     mpuiic.o
    0x08000de6   0x00000002   PAD
    0x08000de8   0x00000038   Code   RO         3985    i.MPU_IIC_Init      mpuiic.o
    0x08000e20   0x0000004c   Code   RO         3986    i.MPU_IIC_NAck      mpuiic.o
    0x08000e6c   0x0000006c   Code   RO         3987    i.MPU_IIC_Read_Byte  mpuiic.o
    0x08000ed8   0x0000005c   Code   RO         3988    i.MPU_IIC_Send_Byte  mpuiic.o
    0x08000f34   0x00000048   Code   RO         3989    i.MPU_IIC_Start     mpuiic.o
    0x08000f7c   0x00000048   Code   RO         3990    i.MPU_IIC_Stop      mpuiic.o
    0x08000fc4   0x00000064   Code   RO         3991    i.MPU_IIC_Wait_Ack  mpuiic.o
    0x08001028   0x000000f8   Code   RO         3902    i.MPU_Init          mpu6050.o
    0x08001120   0x0000003a   Code   RO         3903    i.MPU_Read_Byte     mpu6050.o
    0x0800115a   0x00000074   Code   RO         3904    i.MPU_Read_Len      mpu6050.o
    0x080011ce   0x00000010   Code   RO         3905    i.MPU_Set_Accel_Fsr  mpu6050.o
    0x080011de   0x00000010   Code   RO         3906    i.MPU_Set_Gyro_Fsr  mpu6050.o
    0x080011ee   0x0000003a   Code   RO         3907    i.MPU_Set_LPF       mpu6050.o
    0x08001228   0x0000003a   Code   RO         3908    i.MPU_Set_Rate      mpu6050.o
    0x08001262   0x00000044   Code   RO         3909    i.MPU_Write_Byte    mpu6050.o
    0x080012a6   0x00000060   Code   RO         3910    i.MPU_Write_Len     mpu6050.o
    0x08001306   0x00000002   PAD
    0x08001308   0x00000070   Code   RO         4225    i.MPU_exti_init     mpuexti.o
    0x08001378   0x00000004   Code   RO          145    i.MemManage_Handler  stm32f10x_it.o
    0x0800137c   0x00000002   Code   RO          146    i.NMI_Handler       stm32f10x_it.o
    0x0800137e   0x00000002   PAD
    0x08001380   0x00000070   Code   RO          831    i.NVIC_Init         misc.o
    0x080013f0   0x00000014   Code   RO          832    i.NVIC_PriorityGroupConfig  misc.o
    0x08001404   0x00000048   Code   RO         4043    i.Num_Digit         oled.o
    0x0800144c   0x0000000a   Code   RO         4044    i.OLED_Clear        oled.o
    0x08001456   0x0000004c   Code   RO         4045    i.OLED_Command      oled.o
    0x080014a2   0x0000004c   Code   RO         4046    i.OLED_Data         oled.o
    0x080014ee   0x0000003a   Code   RO         4048    i.OLED_Fill         oled.o
    0x08001528   0x000000d4   Code   RO         4049    i.OLED_Init         oled.o
    0x080015fc   0x00000028   Code   RO         4052    i.OLED_SetPos       oled.o
    0x08001624   0x00000090   Code   RO         4053    i.OLED_ShowAngle    oled.o
    0x080016b4   0x00000256   Code   RO         4055    i.OLED_ShowNum      oled.o
    0x0800190a   0x00000002   PAD
    0x0800190c   0x0000003c   Code   RO         4056    i.OLED_ShowPWM      oled.o
    0x08001948   0x00000100   Code   RO         4057    i.OLED_ShowSNum     oled.o
    0x08001a48   0x000000ec   Code   RO         4058    i.OLED_ShowStr      oled.o
    0x08001b34   0x000000ce   Code   RO         4059    i.OLED_Shownum1     oled.o
    0x08001c02   0x00000002   PAD
    0x08001c04   0x000000f4   Code   RO         4061    i.OLED_Shownum3     oled.o
    0x08001cf8   0x0000002c   Code   RO         4252    i.PWM_Xianfu        motor.o
    0x08001d24   0x00000002   Code   RO          147    i.PendSV_Handler    stm32f10x_it.o
    0x08001d26   0x00000002   PAD
    0x08001d28   0x00000020   Code   RO         2398    i.RCC_APB1PeriphClockCmd  stm32f10x_rcc.o
    0x08001d48   0x00000020   Code   RO         2400    i.RCC_APB2PeriphClockCmd  stm32f10x_rcc.o
    0x08001d68   0x000000d4   Code   RO         2408    i.RCC_GetClocksFreq  stm32f10x_rcc.o
    0x08001e3c   0x00000054   Code   RO         4253    i.SETPWM            motor.o
    0x08001e90   0x00000002   Code   RO          148    i.SVC_Handler       stm32f10x_it.o
    0x08001e92   0x00000008   Code   RO          231    i.SetSysClock       system_stm32f10x.o
    0x08001e9a   0x00000002   PAD
    0x08001e9c   0x000000e0   Code   RO          232    i.SetSysClockTo72   system_stm32f10x.o
    0x08001f7c   0x00000028   Code   RO          835    i.SysTick_CLKSourceConfig  misc.o
    0x08001fa4   0x00000002   Code   RO          149    i.SysTick_Handler   stm32f10x_it.o
    0x08001fa6   0x00000002   PAD
    0x08001fa8   0x00000060   Code   RO          234    i.SystemInit        system_stm32f10x.o
    0x08002008   0x00000080   Code   RO          283    i.TI1_Config        stm32f10x_tim.o
    0x08002088   0x00000098   Code   RO          284    i.TI2_Config        stm32f10x_tim.o
    0x08002120   0x00000090   Code   RO          285    i.TI3_Config        stm32f10x_tim.o
    0x080021b0   0x00000098   Code   RO          286    i.TI4_Config        stm32f10x_tim.o
    0x08002248   0x00000088   Code   RO         3342    i.TIM1_PWM_Init     timer.o
    0x080022d0   0x00000016   Code   RO         3343    i.TIM2_IRQHandler   timer.o
    0x080022e6   0x00000002   PAD
    0x080022e8   0x00000098   Code   RO         3344    i.TIM2_encoder_init  timer.o
    0x08002380   0x0000001c   Code   RO         3345    i.TIM3_IRQHandler   timer.o
    0x0800239c   0x00000094   Code   RO         3346    i.TIM3_encoder_init  timer.o
    0x08002430   0x00000006   Code   RO          294    i.TIM_ClearITPendingBit  stm32f10x_tim.o
    0x08002436   0x00000018   Code   RO          299    i.TIM_Cmd           stm32f10x_tim.o
    0x0800244e   0x0000001e   Code   RO          301    i.TIM_CtrlPWMOutputs  stm32f10x_tim.o
    0x0800246c   0x00000042   Code   RO          308    i.TIM_EncoderInterfaceConfig  stm32f10x_tim.o
    0x080024ae   0x00000006   Code   RO          318    i.TIM_GetCounter    stm32f10x_tim.o
    0x080024b4   0x00000022   Code   RO          320    i.TIM_GetITStatus   stm32f10x_tim.o
    0x080024d6   0x00000002   PAD
    0x080024d8   0x000000ac   Code   RO          322    i.TIM_ICInit        stm32f10x_tim.o
    0x08002584   0x00000012   Code   RO          323    i.TIM_ICStructInit  stm32f10x_tim.o
    0x08002596   0x00000012   Code   RO          324    i.TIM_ITConfig      stm32f10x_tim.o
    0x080025a8   0x00000098   Code   RO          328    i.TIM_OC1Init       stm32f10x_tim.o
    0x08002640   0x00000012   Code   RO          331    i.TIM_OC1PreloadConfig  stm32f10x_tim.o
    0x08002652   0x00000002   PAD
    0x08002654   0x0000007c   Code   RO          343    i.TIM_OC4Init       stm32f10x_tim.o
    0x080026d0   0x0000001a   Code   RO          345    i.TIM_OC4PreloadConfig  stm32f10x_tim.o
    0x080026ea   0x00000004   Code   RO          360    i.TIM_SetCompare1   stm32f10x_tim.o
    0x080026ee   0x00000006   Code   RO          363    i.TIM_SetCompare4   stm32f10x_tim.o
    0x080026f4   0x00000004   Code   RO          364    i.TIM_SetCounter    stm32f10x_tim.o
    0x080026f8   0x00000012   Code   RO          365    i.TIM_SetIC1Prescaler  stm32f10x_tim.o
    0x0800270a   0x0000001a   Code   RO          366    i.TIM_SetIC2Prescaler  stm32f10x_tim.o
    0x08002724   0x00000012   Code   RO          367    i.TIM_SetIC3Prescaler  stm32f10x_tim.o
    0x08002736   0x0000001a   Code   RO          368    i.TIM_SetIC4Prescaler  stm32f10x_tim.o
    0x08002750   0x000000a4   Code   RO          370    i.TIM_TimeBaseInit  stm32f10x_tim.o
    0x080027f4   0x00000012   Code   RO          371    i.TIM_TimeBaseStructInit  stm32f10x_tim.o
    0x08002806   0x00000002   PAD
    0x08002808   0x000000b4   Code   RO         3304    i.USART2_IRQHandler  usart.o
    0x080028bc   0x00000018   Code   RO         3020    i.USART_Cmd         stm32f10x_usart.o
    0x080028d4   0x00000054   Code   RO         3024    i.USART_GetITStatus  stm32f10x_usart.o
    0x08002928   0x0000004a   Code   RO         3026    i.USART_ITConfig    stm32f10x_usart.o
    0x08002972   0x00000002   PAD
    0x08002974   0x000000d8   Code   RO         3027    i.USART_Init        stm32f10x_usart.o
    0x08002a4c   0x0000000a   Code   RO         3034    i.USART_ReceiveData  stm32f10x_usart.o
    0x08002a56   0x00000004   Code   RO          150    i.UsageFault_Handler  stm32f10x_it.o
    0x08002a5a   0x00000028   Code   RO         4543    i.__ARM_fpclassify  m_ws.l(fpclassify.o)
    0x08002a82   0x000000aa   Code   RO         4545    i.__kernel_poly     m_ws.l(poly.o)
    0x08002b2c   0x00000006   Code   RO         4530    i.__mathlib_dbl_infnan  m_ws.l(dunder.o)
    0x08002b32   0x00000004   Code   RO         4531    i.__mathlib_dbl_infnan2  m_ws.l(dunder.o)
    0x08002b36   0x0000000c   Code   RO         4532    i.__mathlib_dbl_invalid  m_ws.l(dunder.o)
    0x08002b42   0x00000002   PAD
    0x08002b44   0x00000010   Code   RO         4535    i.__mathlib_dbl_underflow  m_ws.l(dunder.o)
    0x08002b54   0x0000000e   Code   RO         4399    i._is_digit         c_w.l(__printf_wp.o)
    0x08002b62   0x00000004   Code   RO         3305    i._sys_exit         usart.o
    0x08002b66   0x00000002   PAD
    0x08002b68   0x000000a8   Code   RO         3381    i.accel_self_test   inv_mpu.o
    0x08002c10   0x00000270   Code   RO         4475    i.asin              m_ws.l(asin.o)
    0x08002e80   0x00000220   Code   RO         4520    i.atan              m_ws.l(atan.o)
    0x080030a0   0x00000180   Code   RO         4485    i.atan2             m_ws.l(atan2.o)
    0x08003220   0x00000064   Code   RO         3712    i.decode_gesture    inv_mpu_dmp_motion_driver.o
    0x08003284   0x00000044   Code   RO         3250    i.delay_init        delay.o
    0x080032c8   0x0000004c   Code   RO         3251    i.delay_ms          delay.o
    0x08003314   0x0000004c   Code   RO         3252    i.delay_us          delay.o
    0x08003360   0x0000003c   Code   RO         3713    i.dmp_enable_6x_lp_quat  inv_mpu_dmp_motion_driver.o
    0x0800339c   0x0000021c   Code   RO         3714    i.dmp_enable_feature  inv_mpu_dmp_motion_driver.o
    0x080035b8   0x00000058   Code   RO         3715    i.dmp_enable_gyro_cal  inv_mpu_dmp_motion_driver.o
    0x08003610   0x0000003c   Code   RO         3716    i.dmp_enable_lp_quat  inv_mpu_dmp_motion_driver.o
    0x0800364c   0x00000018   Code   RO         3721    i.dmp_load_motion_driver_firmware  inv_mpu_dmp_motion_driver.o
    0x08003664   0x000001cc   Code   RO         3722    i.dmp_read_fifo     inv_mpu_dmp_motion_driver.o
    0x08003830   0x00000130   Code   RO         3725    i.dmp_set_accel_bias  inv_mpu_dmp_motion_driver.o
    0x08003960   0x00000070   Code   RO         3726    i.dmp_set_fifo_rate  inv_mpu_dmp_motion_driver.o
    0x080039d0   0x00000130   Code   RO         3727    i.dmp_set_gyro_bias  inv_mpu_dmp_motion_driver.o
    0x08003b00   0x00000138   Code   RO         3729    i.dmp_set_orientation  inv_mpu_dmp_motion_driver.o
    0x08003c38   0x00000038   Code   RO         3732    i.dmp_set_shake_reject_thresh  inv_mpu_dmp_motion_driver.o
    0x08003c70   0x00000026   Code   RO         3733    i.dmp_set_shake_reject_time  inv_mpu_dmp_motion_driver.o
    0x08003c96   0x00000026   Code   RO         3734    i.dmp_set_shake_reject_timeout  inv_mpu_dmp_motion_driver.o
    0x08003cbc   0x00000046   Code   RO         3735    i.dmp_set_tap_axes  inv_mpu_dmp_motion_driver.o
    0x08003d02   0x00000026   Code   RO         3736    i.dmp_set_tap_count  inv_mpu_dmp_motion_driver.o
    0x08003d28   0x000001a0   Code   RO         3737    i.dmp_set_tap_thresh  inv_mpu_dmp_motion_driver.o
    0x08003ec8   0x00000026   Code   RO         3738    i.dmp_set_tap_time  inv_mpu_dmp_motion_driver.o
    0x08003eee   0x00000026   Code   RO         3739    i.dmp_set_tap_time_multi  inv_mpu_dmp_motion_driver.o
    0x08003f14   0x0000001c   Code   RO         3306    i.fputc             usart.o
    0x08003f30   0x000000b4   Code   RO         3382    i.get_accel_prod_shift  inv_mpu.o
    0x08003fe4   0x00000470   Code   RO         3383    i.get_st_biases     inv_mpu.o
    0x08004454   0x00000110   Code   RO         3384    i.gyro_self_test    inv_mpu.o
    0x08004564   0x00000028   Code   RO         3385    i.inv_orientation_matrix_to_scalar  inv_mpu.o
    0x0800458c   0x0000004e   Code   RO         3386    i.inv_row_2_scale   inv_mpu.o
    0x080045da   0x00000002   PAD
    0x080045dc   0x0000001c   Code   RO         4254    i.left_negative     motor.o
    0x080045f8   0x0000001c   Code   RO         4255    i.left_positive     motor.o
    0x08004614   0x00000088   Code   RO            1    i.main              main.o
    0x0800469c   0x00000002   Code   RO         3387    i.mget_ms           inv_mpu.o
    0x0800469e   0x00000002   PAD
    0x080046a0   0x00000070   Code   RO         4256    i.motor_gpio_init   motor.o
    0x08004710   0x0000001a   Code   RO         4257    i.motor_init        motor.o
    0x0800472a   0x00000002   PAD
    0x0800472c   0x00000070   Code   RO         3388    i.mpu_configure_fifo  inv_mpu.o
    0x0800479c   0x00000224   Code   RO         3389    i.mpu_dmp_get_data  inv_mpu.o
    0x080049c0   0x000000a0   Code   RO         3390    i.mpu_dmp_init      inv_mpu.o
    0x08004a60   0x0000004c   Code   RO         3391    i.mpu_get_accel_fsr  inv_mpu.o
    0x08004aac   0x00000054   Code   RO         3393    i.mpu_get_accel_sens  inv_mpu.o
    0x08004b00   0x00000010   Code   RO         3398    i.mpu_get_fifo_config  inv_mpu.o
    0x08004b10   0x00000044   Code   RO         3399    i.mpu_get_gyro_fsr  inv_mpu.o
    0x08004b54   0x00000050   Code   RO         3401    i.mpu_get_gyro_sens  inv_mpu.o
    0x08004ba4   0x00000050   Code   RO         3403    i.mpu_get_lpf       inv_mpu.o
    0x08004bf4   0x00000020   Code   RO         3405    i.mpu_get_sample_rate  inv_mpu.o
    0x08004c14   0x000001f0   Code   RO         3407    i.mpu_init          inv_mpu.o
    0x08004e04   0x000000b8   Code   RO         3408    i.mpu_load_firmware  inv_mpu.o
    0x08004ebc   0x000000e0   Code   RO         3409    i.mpu_lp_accel_mode  inv_mpu.o
    0x08004f9c   0x000000c0   Code   RO         3412    i.mpu_read_fifo_stream  inv_mpu.o
    0x0800505c   0x00000080   Code   RO         3413    i.mpu_read_mem      inv_mpu.o
    0x080050dc   0x000001c8   Code   RO         3416    i.mpu_reset_fifo    inv_mpu.o
    0x080052a4   0x0000011c   Code   RO         3417    i.mpu_run_self_test  inv_mpu.o
    0x080053c0   0x00000084   Code   RO         3419    i.mpu_set_accel_fsr  inv_mpu.o
    0x08005444   0x0000014c   Code   RO         3420    i.mpu_set_bypass    inv_mpu.o
    0x08005590   0x00000090   Code   RO         3422    i.mpu_set_dmp_state  inv_mpu.o
    0x08005620   0x00000088   Code   RO         3423    i.mpu_set_gyro_fsr  inv_mpu.o
    0x080056a8   0x0000006c   Code   RO         3424    i.mpu_set_int_latched  inv_mpu.o
    0x08005714   0x00000084   Code   RO         3426    i.mpu_set_lpf       inv_mpu.o
    0x08005798   0x0000009c   Code   RO         3427    i.mpu_set_sample_rate  inv_mpu.o
    0x08005834   0x000000d0   Code   RO         3428    i.mpu_set_sensors   inv_mpu.o
    0x08005904   0x00000080   Code   RO         3429    i.mpu_write_mem     inv_mpu.o
    0x08005984   0x0000001a   Code   RO         4258    i.read_encoder2     motor.o
    0x0800599e   0x00000002   PAD
    0x080059a0   0x0000001c   Code   RO         4259    i.read_encoder3     motor.o
    0x080059bc   0x0000001c   Code   RO         4260    i.right_negative    motor.o
    0x080059d8   0x0000001c   Code   RO         4261    i.right_positive    motor.o
    0x080059f4   0x00000084   Code   RO         3430    i.run_self_test     inv_mpu.o
    0x08005a78   0x00000090   Code   RO         3431    i.set_int_enable    inv_mpu.o
    0x08005b08   0x0000004c   Code   RO         4549    i.sqrt              m_ws.l(sqrt.o)
    0x08005b54   0x00000030   Code   RO         4319    i.turn_PID_value    pid.o
    0x08005b84   0x000000a4   Code   RO         3307    i.usart2_init       usart.o
    0x08005c28   0x000000ac   Code   RO         4320    i.velocity_PID_value  pid.o
    0x08005cd4   0x0000009c   Code   RO         4321    i.vertical_PID_value  pid.o
    0x08005d70   0x00000062   Code   RO         4420    x$fpl$d2f           fz_ws.l(d2f.o)
    0x08005dd2   0x00000002   PAD
    0x08005dd4   0x00000150   Code   RO         4422    x$fpl$dadd          fz_ws.l(daddsub_clz.o)
    0x08005f24   0x00000010   Code   RO         4588    x$fpl$dcheck1       fz_ws.l(dcheck1.o)
    0x08005f34   0x000002b0   Code   RO         4429    x$fpl$ddiv          fz_ws.l(ddiv.o)
    0x080061e4   0x00000154   Code   RO         4438    x$fpl$dmul          fz_ws.l(dmul.o)
    0x08006338   0x0000009c   Code   RO         4506    x$fpl$dnaninf       fz_ws.l(dnaninf.o)
    0x080063d4   0x0000000c   Code   RO         4508    x$fpl$dretinf       fz_ws.l(dretinf.o)
    0x080063e0   0x00000016   Code   RO         4423    x$fpl$drsb          fz_ws.l(daddsub_clz.o)
    0x080063f6   0x00000002   PAD
    0x080063f8   0x000001cc   Code   RO         4592    x$fpl$dsqrt         fz_ws.l(dsqrt_noumaal.o)
    0x080065c4   0x000001d4   Code   RO         4424    x$fpl$dsub          fz_ws.l(daddsub_clz.o)
    0x08006798   0x00000056   Code   RO         4440    x$fpl$f2d           fz_ws.l(f2d.o)
    0x080067ee   0x00000002   PAD
    0x080067f0   0x000000c4   Code   RO         4442    x$fpl$fadd          fz_ws.l(faddsub_clz.o)
    0x080068b4   0x00000018   Code   RO         4510    x$fpl$fcmpinf       fz_ws.l(fcmpi.o)
    0x080068cc   0x00000184   Code   RO         4449    x$fpl$fdiv          fz_ws.l(fdiv.o)
    0x08006a50   0x00000068   Code   RO         4452    x$fpl$feqf          fz_ws.l(feqf.o)
    0x08006ab8   0x00000036   Code   RO         4454    x$fpl$ffix          fz_ws.l(ffix.o)
    0x08006aee   0x00000002   PAD
    0x08006af0   0x0000003e   Code   RO         4458    x$fpl$ffixu         fz_ws.l(ffixu.o)
    0x08006b2e   0x00000002   PAD
    0x08006b30   0x00000030   Code   RO         4463    x$fpl$fflt          fz_ws.l(fflt_clz.o)
    0x08006b60   0x00000026   Code   RO         4462    x$fpl$ffltu         fz_ws.l(fflt_clz.o)
    0x08006b86   0x00000002   PAD
    0x08006b88   0x00000068   Code   RO         4468    x$fpl$fleqf         fz_ws.l(fleqf.o)
    0x08006bf0   0x00000102   Code   RO         4470    x$fpl$fmul          fz_ws.l(fmul.o)
    0x08006cf2   0x0000008c   Code   RO         4512    x$fpl$fnaninf       fz_ws.l(fnaninf.o)
    0x08006d7e   0x0000000a   Code   RO         4514    x$fpl$fretinf       fz_ws.l(fretinf.o)
    0x08006d88   0x00000062   Code   RO         4472    x$fpl$frleqf        fz_ws.l(frleqf.o)
    0x08006dea   0x00000002   PAD
    0x08006dec   0x000000ea   Code   RO         4444    x$fpl$fsub          fz_ws.l(faddsub_clz.o)
    0x08006ed6   0x00000064   Code   RO         4613    x$fpl$retnan        fz_ws.l(retnan.o)
    0x08006f3a   0x0000005c   Code   RO         4516    x$fpl$scalbn        fz_ws.l(scalbn.o)
    0x08006f96   0x00000030   Code   RO         4666    x$fpl$trapveneer    fz_ws.l(trapv.o)
    0x08006fc6   0x00000000   Code   RO         4518    x$fpl$usenofp       fz_ws.l(usenofp.o)
    0x08006fc6   0x00000002   PAD
    0x08006fc8   0x00000050   Data   RO         3433    .constdata          inv_mpu.o
    0x08007018   0x00000bf6   Data   RO         3741    .constdata          inv_mpu_dmp_motion_driver.o
    0x08007c0e   0x00000818   Data   RO         4062    .constdata          oled.o
    0x08008426   0x00000011   Data   RO         4402    .constdata          c_w.l(__printf_flags_wp.o)
    0x08008437   0x00000001   PAD
    0x08008438   0x00000050   Data   RO         4476    .constdata          m_ws.l(asin.o)
    0x08008488   0x00000098   Data   RO         4521    .constdata          m_ws.l(atan.o)
    0x08008520   0x00000008   Data   RO         4547    .constdata          m_ws.l(qnan.o)
    0x08008528   0x0000004d   Data   RO         3434    .conststring        inv_mpu.o
    0x08008575   0x00000003   PAD
    0x08008578   0x00000020   Data   RO         4740    Region$$Table       anon$$obj.o


    Execution Region ER_RW (Base: 0x20000000, Size: 0x000000e8, Max: 0xffffffff, ABSOLUTE)

    Base Addr    Size         Type   Attr      Idx    E Section Name        Object

    0x20000000   0x00000030   Data   RW            2    .data               main.o
    0x20000030   0x00000014   Data   RW          235    .data               system_stm32f10x.o
    0x20000044   0x00000014   Data   RW         2428    .data               stm32f10x_rcc.o
    0x20000058   0x00000004   Data   RW         3253    .data               delay.o
    0x2000005c   0x00000005   Data   RW         3308    .data               usart.o
    0x20000061   0x00000003   PAD
    0x20000064   0x00000035   Data   RW         3435    .data               inv_mpu.o
    0x20000099   0x00000003   PAD
    0x2000009c   0x00000028   Data   RW         4226    .data               mpuexti.o
    0x200000c4   0x00000024   Data   RW         4322    .data               pid.o


    Execution Region ER_ZI (Base: 0x200000e8, Size: 0x00000670, Max: 0xffffffff, ABSOLUTE)

    Base Addr    Size         Type   Attr      Idx    E Section Name        Object

    0x200000e8   0x00000010   Zero   RW         3740    .bss                inv_mpu_dmp_motion_driver.o
    0x200000f8   0x00000060   Zero   RW         4595    .bss                c_w.l(libspace.o)
    0x20000158   0x00000200   Zero   RW          277    HEAP                startup_stm32f10x_md.o
    0x20000358   0x00000400   Zero   RW          276    STACK               startup_stm32f10x_md.o


==============================================================================

Image component sizes


      Code (inc. data)   RO Data    RW Data    ZI Data      Debug   Object Name

         0          0          0          0          0         32   core_cm3.o
       220         26          0          4          0       2059   delay.o
      6848        290        157         53          0      34248   inv_mpu.o
      3096        122       3062          0         16      22530   inv_mpu_dmp_motion_driver.o
       136         30          0         48          0     255447   main.o
       172         22          0          0          0       2433   misc.o
       432         34          0          0          0       5987   motor.o
       890         84          0          0          0       7963   mpu6050.o
       368         66          0         40          0       1966   mpuexti.o
       662        100          0          0          0       5674   mpuiic.o
      2288         78       2072          0          0      11719   oled.o
       428         64          0          0          0       3145   oled_i2c.o
       448         74          0         36          0       3327   pid.o
        64         26        236          0       1536        856   startup_stm32f10x_md.o
       160         12          0          0          0       1785   stm32f10x_exti.o
       494         10          0          0          0       5040   stm32f10x_gpio.o
        26          0          0          0          0       4558   stm32f10x_it.o
       276         32          0         20          0       4910   stm32f10x_rcc.o
      1554        180          0          0          0      19065   stm32f10x_tim.o
       408          6          0          0          0       5522   stm32f10x_usart.o
       328         28          0         20          0       2557   system_stm32f10x.o
       486         26          0          0          0       3404   timer.o
       376         40          0          5          0       4689   usart.o

    ----------------------------------------------------------------------
     20202       1350       5562        232       1552     408916   Object Totals
         0          0         32          0          0          0   (incl. Generated)
        42          0          3          6          0          0   (incl. Padding)

    ----------------------------------------------------------------------

      Code (inc. data)   RO Data    RW Data    ZI Data      Debug   Library Member Name

         8          0          0          0          0         68   __main.o
       312          4         17          0          0         92   __printf_flags_wp.o
        14          0          0          0          0         68   __printf_wp.o
         0          0          0          0          0          0   __rtentry.o
        12          0          0          0          0          0   __rtentry2.o
         6          0          0          0          0          0   __rtentry4.o
        52          8          0          0          0          0   __scatter.o
        26          0          0          0          0          0   __scatter_copy.o
        28          0          0          0          0          0   __scatter_zi.o
        48          6          0          0          0         96   _printf_char_common.o
        36          4          0          0          0         80   _printf_char_file.o
         6          0          0          0          0          0   _printf_d.o
       120         16          0          0          0         92   _printf_dec.o
       178          0          0          0          0         88   _printf_intcommon.o
         0          0          0          0          0          0   _printf_percent.o
         4          0          0          0          0          0   _printf_percent_end.o
        22          0          0          0          0        100   _rserrno.o
        16          0          0          0          0         68   aeabi_memset.o
        12          0          0          0          0         72   exit.o
         8          0          0          0          0         68   ferror.o
         6          0          0          0          0        152   heapauxi.o
         2          0          0          0          0          0   libinit.o
         2          0          0          0          0          0   libinit2.o
         2          0          0          0          0          0   libshutdown.o
         2          0          0          0          0          0   libshutdown2.o
         8          4          0          0         96         68   libspace.o
        72          0          0          0          0         76   llsdiv.o
       238          0          0          0          0        100   lludivv7m.o
        88          0          0          0          0         76   memcmp.o
        24          4          0          0          0         84   noretval__2printf.o
         8          4          0          0          0         68   rt_errno_addr_intlibspace.o
        68          0          0          0          0         68   rt_memclr.o
        78          0          0          0          0         80   rt_memclr_w.o
         2          0          0          0          0          0   rtexit.o
        10          0          0          0          0          0   rtexit2.o
        74          0          0          0          0         80   sys_stackheap_outer.o
         2          0          0          0          0         68   use_no_semi.o
         2          0          0          0          0         68   use_no_semi_2.o
        98          4          0          0          0         92   d2f.o
       826         16          0          0          0        348   daddsub_clz.o
        16          4          0          0          0         68   dcheck1.o
       688        140          0          0          0        208   ddiv.o
       340         12          0          0          0        104   dmul.o
       156          4          0          0          0         92   dnaninf.o
        12          0          0          0          0         68   dretinf.o
       460         56          0          0          0        120   dsqrt_noumaal.o
        86          4          0          0          0         84   f2d.o
       430          8          0          0          0        168   faddsub_clz.o
        24          0          0          0          0         68   fcmpi.o
       388         76          0          0          0         96   fdiv.o
       104          4          0          0          0         84   feqf.o
        54          4          0          0          0         84   ffix.o
        62          4          0          0          0         84   ffixu.o
        86          0          0          0          0        136   fflt_clz.o
       104          4          0          0          0         84   fleqf.o
       258          4          0          0          0         84   fmul.o
       140          4          0          0          0         84   fnaninf.o
        10          0          0          0          0         68   fretinf.o
        98          0          0          0          0         68   frleqf.o
       100          0          0          0          0         68   retnan.o
        92          0          0          0          0         68   scalbn.o
        48          0          0          0          0         68   trapv.o
         0          0          0          0          0          0   usenofp.o
       624         52         80          0          0        168   asin.o
       544         70        152          0          0        124   atan.o
       384         38          0          0          0        144   atan2.o
        38          6          0          0          0        272   dunder.o
        40          0          0          0          0         68   fpclassify.o
       170          0          0          0          0         96   poly.o
         0          0          8          0          0          0   qnan.o
        76          0          0          0          0         84   sqrt.o

    ----------------------------------------------------------------------
      8178        564        258          0         96       5332   Library Totals
        26          0          1          0          0          0   (incl. Padding)

    ----------------------------------------------------------------------

      Code (inc. data)   RO Data    RW Data    ZI Data      Debug   Library Name

      1596         50         17          0         96       1880   c_w.l
      4680        348          0          0          0       2496   fz_ws.l
      1876        166        240          0          0        956   m_ws.l

    ----------------------------------------------------------------------
      8178        564        258          0         96       5332   Library Totals

    ----------------------------------------------------------------------

==============================================================================


      Code (inc. data)   RO Data    RW Data    ZI Data      Debug   

     28380       1914       5820        232       1648     402336   Grand Totals
     28380       1914       5820        232       1648     402336   ELF Image Totals
     28380       1914       5820        232          0          0   ROM Totals

==============================================================================

    Total RO  Size (Code + RO Data)                34200 (  33.40kB)
    Total RW  Size (RW Data + ZI Data)              1880 (   1.84kB)
    Total ROM Size (Code + RO Data + RW Data)      34432 (  33.63kB)

==============================================================================

