Component: ARM Compiler 5.06 update 5 (build 528) Tool: armlink [4d35e2]

==============================================================================

Section Cross References

    startup_stm32f10x_md.o(RESET) refers to startup_stm32f10x_md.o(STACK) for __initial_sp
    startup_stm32f10x_md.o(RESET) refers to startup_stm32f10x_md.o(.text) for Reset_Handler
    startup_stm32f10x_md.o(RESET) refers to stm32f10x_it.o(i.NMI_Handler) for NMI_Handler
    startup_stm32f10x_md.o(RESET) refers to stm32f10x_it.o(i.HardFault_Handler) for HardFault_Handler
    startup_stm32f10x_md.o(RESET) refers to stm32f10x_it.o(i.MemManage_Handler) for MemManage_Handler
    startup_stm32f10x_md.o(RESET) refers to stm32f10x_it.o(i.BusFault_Handler) for BusFault_Handler
    startup_stm32f10x_md.o(RESET) refers to stm32f10x_it.o(i.UsageFault_Handler) for UsageFault_Handler
    startup_stm32f10x_md.o(RESET) refers to stm32f10x_it.o(i.SVC_Handler) for SVC_Handler
    startup_stm32f10x_md.o(RESET) refers to stm32f10x_it.o(i.DebugMon_Handler) for DebugMon_Handler
    startup_stm32f10x_md.o(RESET) refers to stm32f10x_it.o(i.PendSV_Handler) for PendSV_Handler
    startup_stm32f10x_md.o(RESET) refers to stm32f10x_it.o(i.SysTick_Handler) for SysTick_Handler
    startup_stm32f10x_md.o(RESET) refers to timer.o(i.TIM4_IRQHandler) for TIM4_IRQHandler
    startup_stm32f10x_md.o(RESET) refers to key.o(i.EXTI15_10_IRQHandler) for EXTI15_10_IRQHandler
    startup_stm32f10x_md.o(.text) refers to system_stm32f10x.o(i.SystemInit) for SystemInit
    startup_stm32f10x_md.o(.text) refers to entry.o(.ARM.Collect$$$$00000000) for __main
    system_stm32f10x.o(i.SetSysClock) refers to system_stm32f10x.o(i.SetSysClockTo72) for SetSysClockTo72
    system_stm32f10x.o(i.SystemCoreClockUpdate) refers to system_stm32f10x.o(.data) for SystemCoreClock
    system_stm32f10x.o(i.SystemInit) refers to system_stm32f10x.o(i.SetSysClock) for SetSysClock
    stm32f10x_adc.o(i.ADC_DeInit) refers to stm32f10x_rcc.o(i.RCC_APB2PeriphResetCmd) for RCC_APB2PeriphResetCmd
    stm32f10x_bkp.o(i.BKP_DeInit) refers to stm32f10x_rcc.o(i.RCC_BackupResetCmd) for RCC_BackupResetCmd
    stm32f10x_can.o(i.CAN_DeInit) refers to stm32f10x_rcc.o(i.RCC_APB1PeriphResetCmd) for RCC_APB1PeriphResetCmd
    stm32f10x_can.o(i.CAN_GetITStatus) refers to stm32f10x_can.o(i.CheckITStatus) for CheckITStatus
    stm32f10x_cec.o(i.CEC_DeInit) refers to stm32f10x_rcc.o(i.RCC_APB1PeriphResetCmd) for RCC_APB1PeriphResetCmd
    stm32f10x_dac.o(i.DAC_DeInit) refers to stm32f10x_rcc.o(i.RCC_APB1PeriphResetCmd) for RCC_APB1PeriphResetCmd
    stm32f10x_flash.o(i.FLASH_EnableWriteProtection) refers to stm32f10x_flash.o(i.FLASH_WaitForLastOperation) for FLASH_WaitForLastOperation
    stm32f10x_flash.o(i.FLASH_EraseAllBank1Pages) refers to stm32f10x_flash.o(i.FLASH_WaitForLastBank1Operation) for FLASH_WaitForLastBank1Operation
    stm32f10x_flash.o(i.FLASH_EraseAllPages) refers to stm32f10x_flash.o(i.FLASH_WaitForLastOperation) for FLASH_WaitForLastOperation
    stm32f10x_flash.o(i.FLASH_EraseOptionBytes) refers to stm32f10x_flash.o(i.FLASH_GetReadOutProtectionStatus) for FLASH_GetReadOutProtectionStatus
    stm32f10x_flash.o(i.FLASH_EraseOptionBytes) refers to stm32f10x_flash.o(i.FLASH_WaitForLastOperation) for FLASH_WaitForLastOperation
    stm32f10x_flash.o(i.FLASH_ErasePage) refers to stm32f10x_flash.o(i.FLASH_WaitForLastOperation) for FLASH_WaitForLastOperation
    stm32f10x_flash.o(i.FLASH_ProgramHalfWord) refers to stm32f10x_flash.o(i.FLASH_WaitForLastOperation) for FLASH_WaitForLastOperation
    stm32f10x_flash.o(i.FLASH_ProgramOptionByteData) refers to stm32f10x_flash.o(i.FLASH_WaitForLastOperation) for FLASH_WaitForLastOperation
    stm32f10x_flash.o(i.FLASH_ProgramWord) refers to stm32f10x_flash.o(i.FLASH_WaitForLastOperation) for FLASH_WaitForLastOperation
    stm32f10x_flash.o(i.FLASH_ReadOutProtection) refers to stm32f10x_flash.o(i.FLASH_WaitForLastOperation) for FLASH_WaitForLastOperation
    stm32f10x_flash.o(i.FLASH_UserOptionByteConfig) refers to stm32f10x_flash.o(i.FLASH_WaitForLastOperation) for FLASH_WaitForLastOperation
    stm32f10x_flash.o(i.FLASH_WaitForLastBank1Operation) refers to stm32f10x_flash.o(i.FLASH_GetBank1Status) for FLASH_GetBank1Status
    stm32f10x_flash.o(i.FLASH_WaitForLastOperation) refers to stm32f10x_flash.o(i.FLASH_GetBank1Status) for FLASH_GetBank1Status
    stm32f10x_gpio.o(i.GPIO_AFIODeInit) refers to stm32f10x_rcc.o(i.RCC_APB2PeriphResetCmd) for RCC_APB2PeriphResetCmd
    stm32f10x_gpio.o(i.GPIO_DeInit) refers to stm32f10x_rcc.o(i.RCC_APB2PeriphResetCmd) for RCC_APB2PeriphResetCmd
    stm32f10x_i2c.o(i.I2C_DeInit) refers to stm32f10x_rcc.o(i.RCC_APB1PeriphResetCmd) for RCC_APB1PeriphResetCmd
    stm32f10x_i2c.o(i.I2C_Init) refers to stm32f10x_rcc.o(i.RCC_GetClocksFreq) for RCC_GetClocksFreq
    stm32f10x_pwr.o(i.PWR_DeInit) refers to stm32f10x_rcc.o(i.RCC_APB1PeriphResetCmd) for RCC_APB1PeriphResetCmd
[...]
    Tools\Tools.c                            0x00000000   Number         0  tools.o ABSOLUTE
    Tools\Tools_PWM_Output.c                 0x00000000   Number         0  tools_pwm_output.o ABSOLUTE
    Tools\Tools_Servo.c                      0x00000000   Number         0  tools_servo.o ABSOLUTE
    User\main.c                              0x00000000   Number         0  main.o ABSOLUTE
    User\stm32f10x_it.c                      0x00000000   Number         0  stm32f10x_it.o ABSOLUTE
    cdcmple.s                                0x00000000   Number         0  cdcmple.o ABSOLUTE
    cdrcmple.s                               0x00000000   Number         0  cdrcmple.o ABSOLUTE
    cfcmple.s                                0x00000000   Number         0  cfcmple.o ABSOLUTE
    cfrcmple.s                               0x00000000   Number         0  cfrcmple.o ABSOLUTE
    dc.s                                     0x00000000   Number         0  dc.o ABSOLUTE
    handlers.s                               0x00000000   Number         0  handlers.o ABSOLUTE
    init.s                                   0x00000000   Number         0  init.o ABSOLUTE
    RESET                                    0x08000000   Section      236  startup_stm32f10x_md.o(RESET)
    .ARM.Collect$$$$00000000                 0x080000ec   Section        0  entry.o(.ARM.Collect$$$$00000000)
    .ARM.Collect$$$$00000001                 0x080000ec   Section        4  entry2.o(.ARM.Collect$$$$00000001)
    .ARM.Collect$$$$00000004                 0x080000f0   Section        4  entry5.o(.ARM.Collect$$$$00000004)
    .ARM.Collect$$$$00000008                 0x080000f4   Section        0  entry7b.o(.ARM.Collect$$$$00000008)
    .ARM.Collect$$$$0000000A                 0x080000f4   Section        0  entry8b.o(.ARM.Collect$$$$0000000A)
    .ARM.Collect$$$$0000000B                 0x080000f4   Section        8  entry9a.o(.ARM.Collect$$$$0000000B)
    .ARM.Collect$$$$0000000D                 0x080000fc   Section        0  entry10a.o(.ARM.Collect$$$$0000000D)
    .ARM.Collect$$$$0000000F                 0x080000fc   Section        0  entry11a.o(.ARM.Collect$$$$0000000F)
    .ARM.Collect$$$$00002712                 0x080000fc   Section        4  entry2.o(.ARM.Collect$$$$00002712)
    __lit__00000000                          0x080000fc   Data           4  entry2.o(.ARM.Collect$$$$00002712)
    .text                                    0x08000100   Section       36  startup_stm32f10x_md.o(.text)
    .text                                    0x08000124   Section        0  rand.o(.text)
    .text                                    0x08000148   Section        0  memcpya.o(.text)
    .text                                    0x0800016c   Section        0  strcmp.o(.text)
    .text                                    0x08000188   Section        0  fadd.o(.text)
    .text                                    0x08000238   Section        0  fmul.o(.text)
    .text                                    0x0800029c   Section        0  fdiv.o(.text)
    .text                                    0x08000318   Section        0  dadd.o(.text)
    .text                                    0x08000466   Section        0  dmul.o(.text)
    .text                                    0x0800054a   Section        0  ddiv.o(.text)
    .text                                    0x08000628   Section        0  fflti.o(.text)
    .text                                    0x0800063a   Section        0  ffltui.o(.text)
    .text                                    0x08000644   Section        0  dflti.o(.text)
    .text                                    0x08000666   Section        0  dfltui.o(.text)
    .text                                    0x08000680   Section        0  ffixi.o(.text)
    .text                                    0x080006b2   Section        0  ffixui.o(.text)
    .text                                    0x080006da   Section        0  dfixi.o(.text)
    .text                                    0x08000718   Section        0  dfixui.o(.text)
    .text                                    0x0800074a   Section        0  f2d.o(.text)
    .text                                    0x08000770   Section       48  cdrcmple.o(.text)
    .text                                    0x080007a0   Section        0  d2f.o(.text)
    .text                                    0x080007d8   Section       20  cfcmple.o(.text)
    .text                                    0x080007ec   Section       20  cfrcmple.o(.text)
    .text                                    0x08000800   Section        0  uidiv.o(.text)
    .text                                    0x0800082c   Section        0  uldiv.o(.text)
    .text                                    0x0800088e   Section        0  llshl.o(.text)
    .text                                    0x080008ac   Section        0  llushr.o(.text)
    .text                                    0x080008cc   Section        0  llsshr.o(.text)
    .text                                    0x080008f0   Section        0  fepilogue.o(.text)
    .text                                    0x080008f0   Section        0  iusefp.o(.text)
    .text                                    0x0800095e   Section        0  depilogue.o(.text)
    .text                                    0x08000a18   Section        0  dfixul.o(.text)
    .text                                    0x08000a48   Section       36  init.o(.text)
    .text                                    0x08000a6c   Section        0  dscalb.o(.text)
    .text                                    0x08000a9a   Section        0  __dczerorl2.o(.text)
    i.BusFault_Handler                       0x08000af0   Section        0  stm32f10x_it.o(i.BusFault_Handler)
    i.CountPointRound                        0x08000af4   Section        0  game_of_life.o(i.CountPointRound)
    i.DebugMon_Handler                       0x08000b66   Section        0  stm32f10x_it.o(i.DebugMon_Handler)
    i.Delay_ms                               0x08000b68   Section        0  delay.o(i.Delay_ms)
    i.Delay_us                               0x08000b80   Section        0  delay.o(i.Delay_us)
    i.Disable_MUReadKey                      0x08000bb0   Section        0  tools_pwm_output.o(i.Disable_MUReadKey)
    i.EXTI15_10_IRQHandler                   0x08000bc0   Section        0  key.o(i.EXTI15_10_IRQHandler)
    i.EXTI_ClearITPendingBit                 0x08000c90   Section        0  stm32f10x_exti.o(i.EXTI_ClearITPendingBit)
    i.EXTI_GetITStatus                       0x08000c9c   Section        0  stm32f10x_exti.o(i.EXTI_GetITStatus)
    i.EXTI_Init                              0x08000cc4   Section        0  stm32f10x_exti.o(i.EXTI_Init)
    i.Encoder_Get                            0x08000d58   Section        0  encoder.o(i.Encoder_Get)
    i.Encoder_Get_Div4                       0x08000d74   Section        0  encoder.o(i.Encoder_Get_Div4)
    i.Encoder_Init                           0x08000dd0   Section        0  encoder.o(i.Encoder_Init)
    i.GPIO_EXTILineConfig                    0x08000e7c   Section        0  stm32f10x_gpio.o(i.GPIO_EXTILineConfig)
    i.GPIO_Init                              0x08000ebc   Section        0  stm32f10x_gpio.o(i.GPIO_Init)
    i.GPIO_ReadInputDataBit                  0x08000fd2   Section        0  stm32f10x_gpio.o(i.GPIO_ReadInputDataBit)
    i.GPIO_WriteBit                          0x08000fe4   Section        0  stm32f10x_gpio.o(i.GPIO_WriteBit)
    i.Game_Of_Life_Play                      0x08000ff0   Section        0  game_of_life.o(i.Game_Of_Life_Play)
    i.Game_Of_Life_Turn                      0x08001150   Section        0  game_of_life.o(i.Game_Of_Life_Turn)
    i.Game_Snake_Advance                     0x080011a4   Section        0  game_snake.o(i.Game_Snake_Advance)
    i.Game_Snake_Init                        0x0800131c   Section        0  game_snake.o(i.Game_Snake_Init)
    i.Game_Snake_Play                        0x080013c4   Section        0  game_snake.o(i.Game_Snake_Play)
    i.Game_Snake_Show_Tile_8x8               0x08001514   Section        0  game_snake.o(i.Game_Snake_Show_Tile_8x8)
    i.HardFault_Handler                      0x08001544   Section        0  stm32f10x_it.o(i.HardFault_Handler)
    i.IC_GetDuty                             0x08001548   Section        0  ic.o(i.IC_GetDuty)
    i.IC_GetFreq                             0x08001590   Section        0  ic.o(i.IC_GetFreq)
    i.IC_Init                                0x080015ac   Section        0  ic.o(i.IC_Init)
    i.Key_Back_Get                           0x08001650   Section        0  key.o(i.Key_Back_Get)
    i.Key_Down_Get                           0x08001668   Section        0  key.o(i.Key_Down_Get)
    i.Key_Enter_Get                          0x08001680   Section        0  key.o(i.Key_Enter_Get)
    i.Key_Init                               0x08001698   Section        0  key.o(i.Key_Init)
    i.Key_Reset_All                          0x08001730   Section        0  key.o(i.Key_Reset_All)
    i.Key_Up_Get                             0x08001744   Section        0  key.o(i.Key_Up_Get)
    i.Map_Clear                              0x0800175c   Section        0  game_snake.o(i.Map_Clear)
    i.Map_Update                             0x08001784   Section        0  game_snake.o(i.Map_Update)
    i.MemManage_Handler                      0x080017c4   Section        0  stm32f10x_it.o(i.MemManage_Handler)
    i.Menu_BackEvent                         0x080017c8   Section        0  menu.o(i.Menu_BackEvent)
    i.Menu_CurveMigration                    0x080017d0   Section        0  menu.o(i.Menu_CurveMigration)
    i.Menu_EnterEvent                        0x08001858   Section        0  menu.o(i.Menu_EnterEvent)
    i.Menu_GetOptionStrLen                   0x08001860   Section        0  menu.o(i.Menu_GetOptionStrLen)
    i.Menu_Information                       0x08001888   Section        0  menu_data.o(i.Menu_Information)
    i.Menu_MenuClassInit                     0x080019a0   Section        0  menu.o(i.Menu_MenuClassInit)
    i.Menu_PrintfOptionStr                   0x08001b54   Section        0  menu.o(i.Menu_PrintfOptionStr)
    i.Menu_RollEvent                         0x08001b90   Section        0  menu.o(i.Menu_RollEvent)
    i.Menu_RunGamesMenu                      0x08001bb0   Section        0  menu_data.o(i.Menu_RunGamesMenu)
    i.Menu_RunMainMenu                       0x08001bd0   Section        0  menu_data.o(i.Menu_RunMainMenu)
    i.Menu_RunSettingMenu                    0x08001c0c   Section        0  menu_setting.o(i.Menu_RunSettingMenu)
    i.Menu_RunToolsMenu                      0x08001c2c   Section        0  menu_data.o(i.Menu_RunToolsMenu)
    i.Menu_RunWindow                         0x08001c4c   Section        0  menu.o(i.Menu_RunWindow)
    i.Menu_ShowCursor                        0x08001f84   Section        0  menu.o(i.Menu_ShowCursor)
    i.Menu_Start                             0x080020b4   Section        0  menu_data.o(i.Menu_Start)
    i.NMI_Handler                            0x080020ec   Section        0  stm32f10x_it.o(i.NMI_Handler)
    i.NVIC_Init                              0x080020f0   Section        0  misc.o(i.NVIC_Init)
    i.NVIC_PriorityGroupConfig               0x08002160   Section        0  misc.o(i.NVIC_PriorityGroupConfig)
    i.OLED_Clear                             0x08002174   Section        0  oled.o(i.OLED_Clear)
    i.OLED_ClearArea                         0x0800219c   Section        0  oled.o(i.OLED_ClearArea)
    i.OLED_DrawLine                          0x08002244   Section        0  oled.o(i.OLED_DrawLine)
    i.OLED_DrawPoint                         0x080023bc   Section        0  oled.o(i.OLED_DrawPoint)
    i.OLED_DrawRectangle                     0x0800240c   Section        0  oled.o(i.OLED_DrawRectangle)
    i.OLED_GPIO_Init                         0x0800249c   Section        0  oled.o(i.OLED_GPIO_Init)
    i.OLED_GetPoint                          0x080024fc   Section        0  oled.o(i.OLED_GetPoint)
    i.OLED_I2C_SendByte                      0x08002540   Section        0  oled.o(i.OLED_I2C_SendByte)
    i.OLED_I2C_Start                         0x0800257e   Section        0  oled.o(i.OLED_I2C_Start)
    i.OLED_I2C_Stop                          0x0800259a   Section        0  oled.o(i.OLED_I2C_Stop)
    i.OLED_Init                              0x080025b0   Section        0  oled.o(i.OLED_Init)
    i.OLED_MyShowChinese                     0x0800264c   Section        0  oled_patch_byadam.o(i.OLED_MyShowChinese)
    i.OLED_Printf                            0x08002774   Section        0  oled.o(i.OLED_Printf)
    i.OLED_ReverseArea                       0x080027a8   Section        0  oled.o(i.OLED_ReverseArea)
    i.OLED_Rotation_Block                    0x08002850   Section        0  oled_patch_byadam.o(i.OLED_Rotation_Block)
    i.OLED_Rotation_C_P                      0x08002a3c   Section        0  oled_patch_byadam.o(i.OLED_Rotation_C_P)
    i.OLED_SetCursor                         0x08002b7c   Section        0  oled.o(i.OLED_SetCursor)
    i.OLED_ShowChar                          0x08002ba0   Section        0  oled.o(i.OLED_ShowChar)
    i.OLED_ShowImage                         0x08002bf4   Section        0  oled_patch_byadam.o(i.OLED_ShowImage)
    i.OLED_ShowString                        0x08002e10   Section        0  oled_patch_byadam.o(i.OLED_ShowString)
    i.OLED_ShowStringArea                    0x08002ece   Section        0  oled_patch_byadam.o(i.OLED_ShowStringArea)
    i.OLED_Update                            0x08002fc4   Section        0  oled.o(i.OLED_Update)
    i.OLED_W_SCL                             0x08003008   Section        0  oled.o(i.OLED_W_SCL)
    i.OLED_W_SDA                             0x08003020   Section        0  oled.o(i.OLED_W_SDA)
    i.OLED_WriteCommand                      0x08003038   Section        0  oled.o(i.OLED_WriteCommand)
    i.OLED_WriteData                         0x08003058   Section        0  oled.o(i.OLED_WriteData)
    i.PWM_Init                               0x08003088   Section        0  pwm.o(i.PWM_Init)
    i.PWM_SetCompare1                        0x08003120   Section        0  pwm.o(i.PWM_SetCompare1)
    i.PWM_SetPeriod                          0x08003130   Section        0  pwm.o(i.PWM_SetPeriod)
    i.PWM_SetPrescaler                       0x08003138   Section        0  pwm.o(i.PWM_SetPrescaler)
    i.PWR_EnterSTOPMode                      0x0800314c   Section        0  stm32f10x_pwr.o(i.PWR_EnterSTOPMode)
    i.PWR_WakeUpPinCmd                       0x0800318c   Section        0  stm32f10x_pwr.o(i.PWR_WakeUpPinCmd)
    i.PendSV_Handler                         0x08003198   Section        0  stm32f10x_it.o(i.PendSV_Handler)
    i.Point_death                            0x0800319c   Section        0  game_of_life.o(i.Point_death)
    i.Point_life                             0x080031dc   Section        0  game_of_life.o(i.Point_life)
    i.Power_Off                              0x0800321c   Section        0  main.o(i.Power_Off)
    i.RCC_APB1PeriphClockCmd                 0x0800325c   Section        0  stm32f10x_rcc.o(i.RCC_APB1PeriphClockCmd)
    i.RCC_APB2PeriphClockCmd                 0x0800327c   Section        0  stm32f10x_rcc.o(i.RCC_APB2PeriphClockCmd)
    i.RandFood                               0x0800329c   Section        0  game_snake.o(i.RandFood)
    i.SVC_Handler                            0x08003318   Section        0  stm32f10x_it.o(i.SVC_Handler)
    i.SetSysClock                            0x0800331a   Section        0  system_stm32f10x.o(i.SetSysClock)
    SetSysClock                              0x0800331b   Thumb Code     8  system_stm32f10x.o(i.SetSysClock)
    i.SetSysClockTo72                        0x08003324   Section        0  system_stm32f10x.o(i.SetSysClockTo72)
    SetSysClockTo72                          0x08003325   Thumb Code   214  system_stm32f10x.o(i.SetSysClockTo72)
    i.Set_CursorStyle                        0x08003404   Section        0  menu_setting.o(i.Set_CursorStyle)
    i.Set_animation_speed                    0x080034b0   Section        0  menu_setting.o(i.Set_animation_speed)
    i.SysTick_Handler                        0x080035c0   Section        0  stm32f10x_it.o(i.SysTick_Handler)
    i.SystemInit                             0x080035c4   Section        0  system_stm32f10x.o(i.SystemInit)
    i.TI1_Config                             0x08003624   Section        0  stm32f10x_tim.o(i.TI1_Config)
    TI1_Config                               0x08003625   Thumb Code   108  stm32f10x_tim.o(i.TI1_Config)
    i.TI2_Config                             0x080036a4   Section        0  stm32f10x_tim.o(i.TI2_Config)
    TI2_Config                               0x080036a5   Thumb Code   130  stm32f10x_tim.o(i.TI2_Config)
    i.TI3_Config                             0x0800373c   Section        0  stm32f10x_tim.o(i.TI3_Config)
    TI3_Config                               0x0800373d   Thumb Code   122  stm32f10x_tim.o(i.TI3_Config)
    i.TI4_Config                             0x080037cc   Section        0  stm32f10x_tim.o(i.TI4_Config)
    TI4_Config                               0x080037cd   Thumb Code   130  stm32f10x_tim.o(i.TI4_Config)
    i.TIM4_IRQHandler                        0x08003864   Section        0  timer.o(i.TIM4_IRQHandler)
    i.TIM_ClearFlag                          0x08003890   Section        0  stm32f10x_tim.o(i.TIM_ClearFlag)
    i.TIM_ClearITPendingBit                  0x08003896   Section        0  stm32f10x_tim.o(i.TIM_ClearITPendingBit)
    i.TIM_Cmd                                0x0800389c   Section        0  stm32f10x_tim.o(i.TIM_Cmd)
    i.TIM_EncoderInterfaceConfig             0x080038b4   Section        0  stm32f10x_tim.o(i.TIM_EncoderInterfaceConfig)
    i.TIM_GetCapture1                        0x080038f6   Section        0  stm32f10x_tim.o(i.TIM_GetCapture1)
    i.TIM_GetCapture2                        0x080038fc   Section        0  stm32f10x_tim.o(i.TIM_GetCapture2)
    i.TIM_GetCounter                         0x08003902   Section        0  stm32f10x_tim.o(i.TIM_GetCounter)
    i.TIM_GetITStatus                        0x08003908   Section        0  stm32f10x_tim.o(i.TIM_GetITStatus)
    i.TIM_ICInit                             0x0800392c   Section        0  stm32f10x_tim.o(i.TIM_ICInit)
    i.TIM_ICStructInit                       0x080039d8   Section        0  stm32f10x_tim.o(i.TIM_ICStructInit)
    i.TIM_ITConfig                           0x080039ea   Section        0  stm32f10x_tim.o(i.TIM_ITConfig)
    i.TIM_InternalClockConfig                0x080039fc   Section        0  stm32f10x_tim.o(i.TIM_InternalClockConfig)
    i.TIM_OC1Init                            0x08003a08   Section        0  stm32f10x_tim.o(i.TIM_OC1Init)
    i.TIM_OCStructInit                       0x08003aa0   Section        0  stm32f10x_tim.o(i.TIM_OCStructInit)
    i.TIM_PWMIConfig                         0x08003ab4   Section        0  stm32f10x_tim.o(i.TIM_PWMIConfig)
    i.TIM_PrescalerConfig                    0x08003b30   Section        0  stm32f10x_tim.o(i.TIM_PrescalerConfig)
    i.TIM_SelectInputTrigger                 0x08003b36   Section        0  stm32f10x_tim.o(i.TIM_SelectInputTrigger)
    i.TIM_SelectSlaveMode                    0x08003b48   Section        0  stm32f10x_tim.o(i.TIM_SelectSlaveMode)
    i.TIM_SetCompare1                        0x08003b5a   Section        0  stm32f10x_tim.o(i.TIM_SetCompare1)
    i.TIM_SetCounter                         0x08003b5e   Section        0  stm32f10x_tim.o(i.TIM_SetCounter)
    i.TIM_SetIC1Prescaler                    0x08003b62   Section        0  stm32f10x_tim.o(i.TIM_SetIC1Prescaler)
    i.TIM_SetIC2Prescaler                    0x08003b74   Section        0  stm32f10x_tim.o(i.TIM_SetIC2Prescaler)
    i.TIM_SetIC3Prescaler                    0x08003b8e   Section        0  stm32f10x_tim.o(i.TIM_SetIC3Prescaler)
    i.TIM_SetIC4Prescaler                    0x08003ba0   Section        0  stm32f10x_tim.o(i.TIM_SetIC4Prescaler)
    i.TIM_TimeBaseInit                       0x08003bbc   Section        0  stm32f10x_tim.o(i.TIM_TimeBaseInit)
    i.Timer_GetFPS                           0x08003c60   Section        0  timer.o(i.Timer_GetFPS)
    i.Timer_Init                             0x08003c74   Section        0  timer.o(i.Timer_Init)
    i.Tools_PWM_Output                       0x08003cf4   Section        0  tools_pwm_output.o(i.Tools_PWM_Output)
    i.Tools_PWM_OutputUpdate                 0x08003f28   Section        0  tools_pwm_output.o(i.Tools_PWM_OutputUpdate)
    i.Tools_PWM_Output_SetARR                0x08003fb8   Section        0  tools_pwm_output.o(i.Tools_PWM_Output_SetARR)
    i.Tools_PWM_Output_SetCCR                0x08004034   Section        0  tools_pwm_output.o(i.Tools_PWM_Output_SetCCR)
    i.Tools_PWM_Output_SetDuty               0x08004078   Section        0  tools_pwm_output.o(i.Tools_PWM_Output_SetDuty)
    i.Tools_PWM_Output_SetFreq               0x080040f0   Section        0  tools_pwm_output.o(i.Tools_PWM_Output_SetFreq)
    i.Tools_PWM_Output_SetPSC                0x0800419c   Section        0  tools_pwm_output.o(i.Tools_PWM_Output_SetPSC)
    i.Update_Display                         0x080041f0   Section        0  game_of_life.o(i.Update_Display)
    i.UsageFault_Handler                     0x08004208   Section        0  stm32f10x_it.o(i.UsageFault_Handler)
    i.__0vsprintf                            0x0800420c   Section        0  printfa.o(i.__0vsprintf)
    i.__ARM_fpclassify                       0x08004230   Section        0  fpclassify.o(i.__ARM_fpclassify)
    i.__ieee754_rem_pio2                     0x08004258   Section        0  rred.o(i.__ieee754_rem_pio2)
    i.__kernel_cos                           0x080045e0   Section        0  cos_i.o(i.__kernel_cos)
    i.__kernel_poly                          0x080046dc   Section        0  poly.o(i.__kernel_poly)
    i.__kernel_sin                           0x08004788   Section        0  sin_i.o(i.__kernel_sin)
    i.__mathlib_dbl_infnan                   0x08004874   Section        0  dunder.o(i.__mathlib_dbl_infnan)
    i.__mathlib_dbl_invalid                  0x0800487a   Section        0  dunder.o(i.__mathlib_dbl_invalid)
    i.__mathlib_dbl_underflow                0x08004888   Section        0  dunder.o(i.__mathlib_dbl_underflow)
    i.__scatterload_copy                     0x08004898   Section       14  handlers.o(i.__scatterload_copy)
    i.__scatterload_null                     0x080048a6   Section        2  handlers.o(i.__scatterload_null)
    i.__scatterload_zeroinit                 0x080048a8   Section       14  handlers.o(i.__scatterload_zeroinit)
    i.__set_errno                            0x080048b8   Section        0  errno.o(i.__set_errno)
    i._fp_digits                             0x080048c4   Section        0  printfa.o(i._fp_digits)
    _fp_digits                               0x080048c5   Thumb Code   366  printfa.o(i._fp_digits)
    i._printf_core                           0x08004a48   Section        0  printfa.o(i._printf_core)
    _printf_core                             0x08004a49   Thumb Code  1744  printfa.o(i._printf_core)
    i._printf_post_padding                   0x08005124   Section        0  printfa.o(i._printf_post_padding)
    _printf_post_padding                     0x08005125   Thumb Code    36  printfa.o(i._printf_post_padding)
    i._printf_pre_padding                    0x08005148   Section        0  printfa.o(i._printf_pre_padding)
    _printf_pre_padding                      0x08005149   Thumb Code    46  printfa.o(i._printf_pre_padding)
    i._sputc                                 0x08005176   Section        0  printfa.o(i._sputc)
    _sputc                                   0x08005177   Thumb Code    10  printfa.o(i._sputc)
    i.cos                                    0x08005180   Section        0  cos.o(i.cos)
    i.main                                   0x0800521c   Section        0  main.o(i.main)
    i.sin                                    0x080052ac   Section        0  sin.o(i.sin)
    .constdata                               0x0800534c   Section       48  game_snake.o(.constdata)
    .constdata                               0x0800537c   Section     1728  oled_data_hanzi.o(.constdata)
    .constdata                               0x08005a3c   Section     3008  oled_data_hanzi_12x12.o(.constdata)
    .constdata                               0x080065fc   Section     9865  oled_data_image.o(.constdata)
    .constdata                               0x08008c85   Section     2122  oled_data_ascii.o(.constdata)
    .constdata                               0x080094d0   Section       48  cos_i.o(.constdata)
    C                                        0x080094d0   Data          48  cos_i.o(.constdata)
    .constdata                               0x08009500   Section      200  rred.o(.constdata)
    pio2s                                    0x08009500   Data          48  rred.o(.constdata)
    twooverpi                                0x08009530   Data         152  rred.o(.constdata)
    .constdata                               0x080095c8   Section       40  sin_i.o(.constdata)
    S                                        0x080095c8   Data          40  sin_i.o(.constdata)
    .conststring                             0x080095f0   Section      166  menu_data.o(.conststring)
    .conststring                             0x08009698   Section       41  menu_setting.o(.conststring)
    .conststring                             0x080096c4   Section       58  tools_pwm_output.o(.conststring)
    .data                                    0x20000000   Section        4  timer.o(.data)
    .data                                    0x20000004   Section        2  encoder.o(.data)
    .data                                    0x20000006   Section        4  key.o(.data)
    .data                                    0x2000000a   Section        2  game_snake.o(.data)
    .data                                    0x2000000c   Section       41  menu.o(.data)
    count                                    0x20000034   Data           1  menu.o(.data)
    .data                                    0x20000038   Section      528  menu_data.o(.data)
    Menu_ToolsOptionList                     0x200000d4   Data         200  menu_data.o(.data)
    Menu_ToolsMenu                           0x2000019c   Data          36  menu_data.o(.data)
    Menu_GamesOptionList                     0x200001c0   Data         100  menu_data.o(.data)
    Menu_GamesMenu                           0x20000224   Data          36  menu_data.o(.data)
    .data                                    0x20000248   Section      120  menu_setting.o(.data)
    State                                    0x20000298   Data           1  menu_setting.o(.data)
    State                                    0x20000299   Data           1  menu_setting.o(.data)
    Menu                                     0x2000029c   Data          36  menu_setting.o(.data)
    .data                                    0x200002c0   Section      204  tools_pwm_output.o(.data)
    NumPow                                   0x20000388   Data           4  tools_pwm_output.o(.data)
    .data                                    0x2000038c   Section        4  rand.o(.data)
    _rand_state                              0x2000038c   Data           4  rand.o(.data)
    .data                                    0x20000390   Section        4  errno.o(.data)
    _errno                                   0x20000390   Data           4  errno.o(.data)
    .bss                                     0x20000394   Section     1024  game_of_life.o(.bss)
    .bss                                     0x20000794   Section      128  game_snake.o(.bss)
    .bss                                     0x20000814   Section     1024  oled.o(.bss)
    STACK                                    0x20000c18   Section     1024  startup_stm32f10x_md.o(STACK)

    Global Symbols

    Symbol Name                              Value     Ov Type        Size  Object(Section)

    BuildAttributes$$THM_ISAv4$P$D$K$B$S$PE$A:L22UL41UL21$X:L11$S22US41US21$IEEE1$IW$USESV6$~STKCKD$USESV7$~SHL$OTIME$ROPI$IEEEX$EBA8$MICROLIB$REQ8$PRES8$EABIv2 0x00000000   Number         0  anon$$obj.o ABSOLUTE
    __ARM_use_no_argv                        0x00000000   Number         0  main.o ABSOLUTE
    __cpp_initialize__aeabi_                  - Undefined Weak Reference
    __cxa_finalize                            - Undefined Weak Reference
    _clock_init                               - Undefined Weak Reference
    _microlib_exit                            - Undefined Weak Reference
    __Vectors_Size                           0x000000ec   Number         0  startup_stm32f10x_md.o ABSOLUTE
    __Vectors                                0x08000000   Data           4  startup_stm32f10x_md.o(RESET)
    __Vectors_End                            0x080000ec   Data           0  startup_stm32f10x_md.o(RESET)
    __main                                   0x080000ed   Thumb Code     0  entry.o(.ARM.Collect$$$$00000000)
    _main_stk                                0x080000ed   Thumb Code     0  entry2.o(.ARM.Collect$$$$00000001)
    _main_scatterload                        0x080000f1   Thumb Code     0  entry5.o(.ARM.Collect$$$$00000004)
    __main_after_scatterload                 0x080000f5   Thumb Code     0  entry5.o(.ARM.Collect$$$$00000004)
    _main_clock                              0x080000f5   Thumb Code     0  entry7b.o(.ARM.Collect$$$$00000008)
    _main_cpp_init                           0x080000f5   Thumb Code     0  entry8b.o(.ARM.Collect$$$$0000000A)
    _main_init                               0x080000f5   Thumb Code     0  entry9a.o(.ARM.Collect$$$$0000000B)
    __rt_final_cpp                           0x080000fd   Thumb Code     0  entry10a.o(.ARM.Collect$$$$0000000D)
    __rt_final_exit                          0x080000fd   Thumb Code     0  entry11a.o(.ARM.Collect$$$$0000000F)
    Reset_Handler                            0x08000101   Thumb Code     8  startup_stm32f10x_md.o(.text)
    ADC1_2_IRQHandler                        0x0800011b   Thumb Code     0  startup_stm32f10x_md.o(.text)
    CAN1_RX1_IRQHandler                      0x0800011b   Thumb Code     0  startup_stm32f10x_md.o(.text)
    CAN1_SCE_IRQHandler                      0x0800011b   Thumb Code     0  startup_stm32f10x_md.o(.text)
    DMA1_Channel1_IRQHandler                 0x0800011b   Thumb Code     0  startup_stm32f10x_md.o(.text)
    DMA1_Channel2_IRQHandler                 0x0800011b   Thumb Code     0  startup_stm32f10x_md.o(.text)
    DMA1_Channel3_IRQHandler                 0x0800011b   Thumb Code     0  startup_stm32f10x_md.o(.text)
    DMA1_Channel4_IRQHandler                 0x0800011b   Thumb Code     0  startup_stm32f10x_md.o(.text)
    DMA1_Channel5_IRQHandler                 0x0800011b   Thumb Code     0  startup_stm32f10x_md.o(.text)
    DMA1_Channel6_IRQHandler                 0x0800011b   Thumb Code     0  startup_stm32f10x_md.o(.text)
    DMA1_Channel7_IRQHandler                 0x0800011b   Thumb Code     0  startup_stm32f10x_md.o(.text)
    EXTI0_IRQHandler                         0x0800011b   Thumb Code     0  startup_stm32f10x_md.o(.text)
    EXTI1_IRQHandler                         0x0800011b   Thumb Code     0  startup_stm32f10x_md.o(.text)
    EXTI2_IRQHandler                         0x0800011b   Thumb Code     0  startup_stm32f10x_md.o(.text)
    EXTI3_IRQHandler                         0x0800011b   Thumb Code     0  startup_stm32f10x_md.o(.text)
    EXTI4_IRQHandler                         0x0800011b   Thumb Code     0  startup_stm32f10x_md.o(.text)
    EXTI9_5_IRQHandler                       0x0800011b   Thumb Code     0  startup_stm32f10x_md.o(.text)
    FLASH_IRQHandler                         0x0800011b   Thumb Code     0  startup_stm32f10x_md.o(.text)
    I2C1_ER_IRQHandler                       0x0800011b   Thumb Code     0  startup_stm32f10x_md.o(.text)
    I2C1_EV_IRQHandler                       0x0800011b   Thumb Code     0  startup_stm32f10x_md.o(.text)
    I2C2_ER_IRQHandler                       0x0800011b   Thumb Code     0  startup_stm32f10x_md.o(.text)
    I2C2_EV_IRQHandler                       0x0800011b   Thumb Code     0  startup_stm32f10x_md.o(.text)
    PVD_IRQHandler                           0x0800011b   Thumb Code     0  startup_stm32f10x_md.o(.text)
    RCC_IRQHandler                           0x0800011b   Thumb Code     0  startup_stm32f10x_md.o(.text)
    RTCAlarm_IRQHandler                      0x0800011b   Thumb Code     0  startup_stm32f10x_md.o(.text)
    RTC_IRQHandler                           0x0800011b   Thumb Code     0  startup_stm32f10x_md.o(.text)
    SPI1_IRQHandler                          0x0800011b   Thumb Code     0  startup_stm32f10x_md.o(.text)
    SPI2_IRQHandler                          0x0800011b   Thumb Code     0  startup_stm32f10x_md.o(.text)
    TAMPER_IRQHandler                        0x0800011b   Thumb Code     0  startup_stm32f10x_md.o(.text)
    TIM1_BRK_IRQHandler                      0x0800011b   Thumb Code     0  startup_stm32f10x_md.o(.text)
    TIM1_CC_IRQHandler                       0x0800011b   Thumb Code     0  startup_stm32f10x_md.o(.text)
    TIM1_TRG_COM_IRQHandler                  0x0800011b   Thumb Code     0  startup_stm32f10x_md.o(.text)
    TIM1_UP_IRQHandler                       0x0800011b   Thumb Code     0  startup_stm32f10x_md.o(.text)
    TIM2_IRQHandler                          0x0800011b   Thumb Code     0  startup_stm32f10x_md.o(.text)
    TIM3_IRQHandler                          0x0800011b   Thumb Code     0  startup_stm32f10x_md.o(.text)
    USART1_IRQHandler                        0x0800011b   Thumb Code     0  startup_stm32f10x_md.o(.text)
    USART2_IRQHandler                        0x0800011b   Thumb Code     0  startup_stm32f10x_md.o(.text)
    USART3_IRQHandler                        0x0800011b   Thumb Code     0  startup_stm32f10x_md.o(.text)
    USBWakeUp_IRQHandler                     0x0800011b   Thumb Code     0  startup_stm32f10x_md.o(.text)
    USB_HP_CAN1_TX_IRQHandler                0x0800011b   Thumb Code     0  startup_stm32f10x_md.o(.text)
    USB_LP_CAN1_RX0_IRQHandler               0x0800011b   Thumb Code     0  startup_stm32f10x_md.o(.text)
    WWDG_IRQHandler                          0x0800011b   Thumb Code     0  startup_stm32f10x_md.o(.text)
    rand                                     0x08000125   Thumb Code    20  rand.o(.text)
    srand                                    0x08000139   Thumb Code     6  rand.o(.text)
    __aeabi_memcpy                           0x08000149   Thumb Code    36  memcpya.o(.text)
    __aeabi_memcpy4                          0x08000149   Thumb Code     0  memcpya.o(.text)
    __aeabi_memcpy8                          0x08000149   Thumb Code     0  memcpya.o(.text)
    strcmp                                   0x0800016d   Thumb Code    28  strcmp.o(.text)
    __aeabi_fadd                             0x08000189   Thumb Code   164  fadd.o(.text)
    __aeabi_fsub                             0x0800022d   Thumb Code     6  fadd.o(.text)
    __aeabi_frsub                            0x08000233   Thumb Code     6  fadd.o(.text)
    __aeabi_fmul                             0x08000239   Thumb Code   100  fmul.o(.text)
    __aeabi_fdiv                             0x0800029d   Thumb Code   124  fdiv.o(.text)
    __aeabi_dadd                             0x08000319   Thumb Code   322  dadd.o(.text)
    __aeabi_dsub                             0x0800045b   Thumb Code     6  dadd.o(.text)
    __aeabi_drsub                            0x08000461   Thumb Code     6  dadd.o(.text)
    __aeabi_dmul                             0x08000467   Thumb Code   228  dmul.o(.text)
    __aeabi_ddiv                             0x0800054b   Thumb Code   222  ddiv.o(.text)
    __aeabi_i2f                              0x08000629   Thumb Code    18  fflti.o(.text)
    __aeabi_ui2f                             0x0800063b   Thumb Code    10  ffltui.o(.text)
    __aeabi_i2d                              0x08000645   Thumb Code    34  dflti.o(.text)
    __aeabi_ui2d                             0x08000667   Thumb Code    26  dfltui.o(.text)
    __aeabi_f2iz                             0x08000681   Thumb Code    50  ffixi.o(.text)
    __aeabi_f2uiz                            0x080006b3   Thumb Code    40  ffixui.o(.text)
    __aeabi_d2iz                             0x080006db   Thumb Code    62  dfixi.o(.text)
    __aeabi_d2uiz                            0x08000719   Thumb Code    50  dfixui.o(.text)
    __aeabi_f2d                              0x0800074b   Thumb Code    38  f2d.o(.text)
    __aeabi_cdrcmple                         0x08000771   Thumb Code    48  cdrcmple.o(.text)
    __aeabi_d2f                              0x080007a1   Thumb Code    56  d2f.o(.text)
    __aeabi_cfcmpeq                          0x080007d9   Thumb Code     0  cfcmple.o(.text)
    __aeabi_cfcmple                          0x080007d9   Thumb Code    20  cfcmple.o(.text)
    __aeabi_cfrcmple                         0x080007ed   Thumb Code    20  cfrcmple.o(.text)
    __aeabi_uidiv                            0x08000801   Thumb Code     0  uidiv.o(.text)
    __aeabi_uidivmod                         0x08000801   Thumb Code    44  uidiv.o(.text)
    __aeabi_uldivmod                         0x0800082d   Thumb Code    98  uldiv.o(.text)
    __aeabi_llsl                             0x0800088f   Thumb Code    30  llshl.o(.text)
    _ll_shift_l                              0x0800088f   Thumb Code     0  llshl.o(.text)
    __aeabi_llsr                             0x080008ad   Thumb Code    32  llushr.o(.text)
    _ll_ushift_r                             0x080008ad   Thumb Code     0  llushr.o(.text)
    __aeabi_lasr                             0x080008cd   Thumb Code    36  llsshr.o(.text)
    _ll_sshift_r                             0x080008cd   Thumb Code     0  llsshr.o(.text)
    __I$use$fp                               0x080008f1   Thumb Code     0  iusefp.o(.text)
    _float_round                             0x080008f1   Thumb Code    18  fepilogue.o(.text)
    _float_epilogue                          0x08000903   Thumb Code    92  fepilogue.o(.text)
    _double_round                            0x0800095f   Thumb Code    30  depilogue.o(.text)
    _double_epilogue                         0x0800097d   Thumb Code   156  depilogue.o(.text)
    __aeabi_d2ulz                            0x08000a19   Thumb Code    48  dfixul.o(.text)
    __scatterload                            0x08000a49   Thumb Code    28  init.o(.text)
    __scatterload_rt2                        0x08000a49   Thumb Code     0  init.o(.text)
    __ARM_scalbn                             0x08000a6d   Thumb Code    46  dscalb.o(.text)
    scalbn                                   0x08000a6d   Thumb Code     0  dscalb.o(.text)
    __decompress                             0x08000a9b   Thumb Code     0  __dczerorl2.o(.text)
    __decompress1                            0x08000a9b   Thumb Code    86  __dczerorl2.o(.text)
    BusFault_Handler                         0x08000af1   Thumb Code     4  stm32f10x_it.o(i.BusFault_Handler)
    CountPointRound                          0x08000af5   Thumb Code   114  game_of_life.o(i.CountPointRound)
    DebugMon_Handler                         0x08000b67   Thumb Code     2  stm32f10x_it.o(i.DebugMon_Handler)
    Delay_ms                                 0x08000b69   Thumb Code    24  delay.o(i.Delay_ms)
    Delay_us                                 0x08000b81   Thumb Code    46  delay.o(i.Delay_us)
    Disable_MUReadKey                        0x08000bb1   Thumb Code    12  tools_pwm_output.o(i.Disable_MUReadKey)
    EXTI15_10_IRQHandler                     0x08000bc1   Thumb Code   196  key.o(i.EXTI15_10_IRQHandler)
    EXTI_ClearITPendingBit                   0x08000c91   Thumb Code     6  stm32f10x_exti.o(i.EXTI_ClearITPendingBit)
    EXTI_GetITStatus                         0x08000c9d   Thumb Code    34  stm32f10x_exti.o(i.EXTI_GetITStatus)
    EXTI_Init                                0x08000cc5   Thumb Code   142  stm32f10x_exti.o(i.EXTI_Init)
    Encoder_Get                              0x08000d59   Thumb Code    22  encoder.o(i.Encoder_Get)
    Encoder_Get_Div4                         0x08000d75   Thumb Code    84  encoder.o(i.Encoder_Get_Div4)
    Encoder_Init                             0x08000dd1   Thumb Code   162  encoder.o(i.Encoder_Init)
    GPIO_EXTILineConfig                      0x08000e7d   Thumb Code    60  stm32f10x_gpio.o(i.GPIO_EXTILineConfig)
    GPIO_Init                                0x08000ebd   Thumb Code   278  stm32f10x_gpio.o(i.GPIO_Init)
    GPIO_ReadInputDataBit                    0x08000fd3   Thumb Code    18  stm32f10x_gpio.o(i.GPIO_ReadInputDataBit)
    GPIO_WriteBit                            0x08000fe5   Thumb Code    10  stm32f10x_gpio.o(i.GPIO_WriteBit)
    Game_Of_Life_Play                        0x08000ff1   Thumb Code   344  game_of_life.o(i.Game_Of_Life_Play)
    Game_Of_Life_Turn                        0x08001151   Thumb Code    82  game_of_life.o(i.Game_Of_Life_Turn)
    Game_Snake_Advance                       0x080011a5   Thumb Code   364  game_snake.o(i.Game_Snake_Advance)
    Game_Snake_Init                          0x0800131d   Thumb Code   156  game_snake.o(i.Game_Snake_Init)
    Game_Snake_Play                          0x080013c5   Thumb Code   294  game_snake.o(i.Game_Snake_Play)
    Game_Snake_Show_Tile_8x8                 0x08001515   Thumb Code    38  game_snake.o(i.Game_Snake_Show_Tile_8x8)
    HardFault_Handler                        0x08001545   Thumb Code     4  stm32f10x_it.o(i.HardFault_Handler)
    IC_GetDuty                               0x08001549   Thumb Code    62  ic.o(i.IC_GetDuty)
    IC_GetFreq                               0x08001591   Thumb Code    18  ic.o(i.IC_GetFreq)
    IC_Init                                  0x080015ad   Thumb Code   154  ic.o(i.IC_Init)
    Key_Back_Get                             0x08001651   Thumb Code    20  key.o(i.Key_Back_Get)
    Key_Down_Get                             0x08001669   Thumb Code    20  key.o(i.Key_Down_Get)
    Key_Enter_Get                            0x08001681   Thumb Code    20  key.o(i.Key_Enter_Get)
    Key_Init                                 0x08001699   Thumb Code   148  key.o(i.Key_Init)
    Key_Reset_All                            0x08001731   Thumb Code    14  key.o(i.Key_Reset_All)
    Key_Up_Get                               0x08001745   Thumb Code    20  key.o(i.Key_Up_Get)
    Map_Clear                                0x0800175d   Thumb Code    36  game_snake.o(i.Map_Clear)
    Map_Update                               0x08001785   Thumb Code    58  game_snake.o(i.Map_Update)
    MemManage_Handler                        0x080017c5   Thumb Code     4  stm32f10x_it.o(i.MemManage_Handler)
    Menu_BackEvent                           0x080017c9   Thumb Code     8  menu.o(i.Menu_BackEvent)
    Menu_CurveMigration                      0x080017d1   Thumb Code   132  menu.o(i.Menu_CurveMigration)
    Menu_EnterEvent                          0x08001859   Thumb Code     8  menu.o(i.Menu_EnterEvent)
    Menu_GetOptionStrLen                     0x08001861   Thumb Code    40  menu.o(i.Menu_GetOptionStrLen)
    Menu_Information                         0x08001889   Thumb Code   214  menu_data.o(i.Menu_Information)
    Menu_MenuClassInit                       0x080019a1   Thumb Code   430  menu.o(i.Menu_MenuClassInit)
    Menu_PrintfOptionStr                     0x08001b55   Thumb Code    60  menu.o(i.Menu_PrintfOptionStr)
    Menu_RollEvent                           0x08001b91   Thumb Code    32  menu.o(i.Menu_RollEvent)
    Menu_RunGamesMenu                        0x08001bb1   Thumb Code    24  menu_data.o(i.Menu_RunGamesMenu)
    Menu_RunMainMenu                         0x08001bd1   Thumb Code    48  menu_data.o(i.Menu_RunMainMenu)
    Menu_RunSettingMenu                      0x08001c0d   Thumb Code    24  menu_setting.o(i.Menu_RunSettingMenu)
    Menu_RunToolsMenu                        0x08001c2d   Thumb Code    24  menu_data.o(i.Menu_RunToolsMenu)
    Menu_RunWindow                           0x08001c4d   Thumb Code   818  menu.o(i.Menu_RunWindow)
    Menu_ShowCursor                          0x08001f85   Thumb Code   290  menu.o(i.Menu_ShowCursor)
    Menu_Start                               0x080020b5   Thumb Code    52  menu_data.o(i.Menu_Start)
    NMI_Handler                              0x080020ed   Thumb Code     2  stm32f10x_it.o(i.NMI_Handler)
    NVIC_Init                                0x080020f1   Thumb Code   100  misc.o(i.NVIC_Init)
    NVIC_PriorityGroupConfig                 0x08002161   Thumb Code    10  misc.o(i.NVIC_PriorityGroupConfig)
    OLED_Clear                               0x08002175   Thumb Code    36  oled.o(i.OLED_Clear)
    OLED_ClearArea                           0x0800219d   Thumb Code   162  oled.o(i.OLED_ClearArea)
    OLED_DrawLine                            0x08002245   Thumb Code   374  oled.o(i.OLED_DrawLine)
    OLED_DrawPoint                           0x080023bd   Thumb Code    74  oled.o(i.OLED_DrawPoint)
    OLED_DrawRectangle                       0x0800240d   Thumb Code   142  oled.o(i.OLED_DrawRectangle)
    OLED_GPIO_Init                           0x0800249d   Thumb Code    92  oled.o(i.OLED_GPIO_Init)
    OLED_GetPoint                            0x080024fd   Thumb Code    64  oled.o(i.OLED_GetPoint)
    OLED_I2C_SendByte                        0x08002541   Thumb Code    62  oled.o(i.OLED_I2C_SendByte)
    OLED_I2C_Start                           0x0800257f   Thumb Code    28  oled.o(i.OLED_I2C_Start)
    OLED_I2C_Stop                            0x0800259b   Thumb Code    22  oled.o(i.OLED_I2C_Stop)
    OLED_Init                                0x080025b1   Thumb Code   154  oled.o(i.OLED_Init)
    OLED_MyShowChinese                       0x0800264d   Thumb Code   280  oled_patch_byadam.o(i.OLED_MyShowChinese)
    OLED_Printf                              0x08002775   Thumb Code    50  oled.o(i.OLED_Printf)
    OLED_ReverseArea                         0x080027a9   Thumb Code   162  oled.o(i.OLED_ReverseArea)
    OLED_Rotation_Block                      0x08002851   Thumb Code   480  oled_patch_byadam.o(i.OLED_Rotation_Block)
    OLED_Rotation_C_P                        0x08002a3d   Thumb Code   310  oled_patch_byadam.o(i.OLED_Rotation_C_P)
    OLED_SetCursor                           0x08002b7d   Thumb Code    34  oled.o(i.OLED_SetCursor)
    OLED_ShowChar                            0x08002ba1   Thumb Code    74  oled.o(i.OLED_ShowChar)
    OLED_ShowImage                           0x08002bf5   Thumb Code   534  oled_patch_byadam.o(i.OLED_ShowImage)
    OLED_ShowString                          0x08002e11   Thumb Code   190  oled_patch_byadam.o(i.OLED_ShowString)
    OLED_ShowStringArea                      0x08002ecf   Thumb Code   246  oled_patch_byadam.o(i.OLED_ShowStringArea)
    OLED_Update                              0x08002fc5   Thumb Code    56  oled.o(i.OLED_Update)
    OLED_W_SCL                               0x08003009   Thumb Code    18  oled.o(i.OLED_W_SCL)
    OLED_W_SDA                               0x08003021   Thumb Code    18  oled.o(i.OLED_W_SDA)
    OLED_WriteCommand                        0x08003039   Thumb Code    32  oled.o(i.OLED_WriteCommand)
    OLED_WriteData                           0x08003059   Thumb Code    46  oled.o(i.OLED_WriteData)
    PWM_Init                                 0x08003089   Thumb Code   146  pwm.o(i.PWM_Init)
    PWM_SetCompare1                          0x08003121   Thumb Code    16  pwm.o(i.PWM_SetCompare1)
    PWM_SetPeriod                            0x08003131   Thumb Code     8  pwm.o(i.PWM_SetPeriod)
    PWM_SetPrescaler                         0x08003139   Thumb Code    18  pwm.o(i.PWM_SetPrescaler)
    PWR_EnterSTOPMode                        0x0800314d   Thumb Code    54  stm32f10x_pwr.o(i.PWR_EnterSTOPMode)
    PWR_WakeUpPinCmd                         0x0800318d   Thumb Code     6  stm32f10x_pwr.o(i.PWR_WakeUpPinCmd)
    PendSV_Handler                           0x08003199   Thumb Code     2  stm32f10x_it.o(i.PendSV_Handler)
    Point_death                              0x0800319d   Thumb Code    60  game_of_life.o(i.Point_death)
    Point_life                               0x080031dd   Thumb Code    60  game_of_life.o(i.Point_life)
    Power_Off                                0x0800321d   Thumb Code    64  main.o(i.Power_Off)
    RCC_APB1PeriphClockCmd                   0x0800325d   Thumb Code    26  stm32f10x_rcc.o(i.RCC_APB1PeriphClockCmd)
    RCC_APB2PeriphClockCmd                   0x0800327d   Thumb Code    26  stm32f10x_rcc.o(i.RCC_APB2PeriphClockCmd)
    RandFood                                 0x0800329d   Thumb Code   118  game_snake.o(i.RandFood)
    SVC_Handler                              0x08003319   Thumb Code     2  stm32f10x_it.o(i.SVC_Handler)
    Set_CursorStyle                          0x08003405   Thumb Code    86  menu_setting.o(i.Set_CursorStyle)
    Set_animation_speed                      0x080034b1   Thumb Code   164  menu_setting.o(i.Set_animation_speed)
    SysTick_Handler                          0x080035c1   Thumb Code     2  stm32f10x_it.o(i.SysTick_Handler)
    SystemInit                               0x080035c5   Thumb Code    78  system_stm32f10x.o(i.SystemInit)
    TIM4_IRQHandler                          0x08003865   Thumb Code    36  timer.o(i.TIM4_IRQHandler)
    TIM_ClearFlag                            0x08003891   Thumb Code     6  stm32f10x_tim.o(i.TIM_ClearFlag)
    TIM_ClearITPendingBit                    0x08003897   Thumb Code     6  stm32f10x_tim.o(i.TIM_ClearITPendingBit)
    TIM_Cmd                                  0x0800389d   Thumb Code    24  stm32f10x_tim.o(i.TIM_Cmd)
    TIM_EncoderInterfaceConfig               0x080038b5   Thumb Code    66  stm32f10x_tim.o(i.TIM_EncoderInterfaceConfig)
    TIM_GetCapture1                          0x080038f7   Thumb Code     6  stm32f10x_tim.o(i.TIM_GetCapture1)
    TIM_GetCapture2                          0x080038fd   Thumb Code     6  stm32f10x_tim.o(i.TIM_GetCapture2)
    TIM_GetCounter                           0x08003903   Thumb Code     6  stm32f10x_tim.o(i.TIM_GetCounter)
    TIM_GetITStatus                          0x08003909   Thumb Code    34  stm32f10x_tim.o(i.TIM_GetITStatus)
    TIM_ICInit                               0x0800392d   Thumb Code   150  stm32f10x_tim.o(i.TIM_ICInit)
    TIM_ICStructInit                         0x080039d9   Thumb Code    18  stm32f10x_tim.o(i.TIM_ICStructInit)
    TIM_ITConfig                             0x080039eb   Thumb Code    18  stm32f10x_tim.o(i.TIM_ITConfig)
    TIM_InternalClockConfig                  0x080039fd   Thumb Code    12  stm32f10x_tim.o(i.TIM_InternalClockConfig)
    TIM_OC1Init                              0x08003a09   Thumb Code   132  stm32f10x_tim.o(i.TIM_OC1Init)
    TIM_OCStructInit                         0x08003aa1   Thumb Code    20  stm32f10x_tim.o(i.TIM_OCStructInit)
    TIM_PWMIConfig                           0x08003ab5   Thumb Code   124  stm32f10x_tim.o(i.TIM_PWMIConfig)
    TIM_PrescalerConfig                      0x08003b31   Thumb Code     6  stm32f10x_tim.o(i.TIM_PrescalerConfig)
    TIM_SelectInputTrigger                   0x08003b37   Thumb Code    18  stm32f10x_tim.o(i.TIM_SelectInputTrigger)
    TIM_SelectSlaveMode                      0x08003b49   Thumb Code    18  stm32f10x_tim.o(i.TIM_SelectSlaveMode)
    TIM_SetCompare1                          0x08003b5b   Thumb Code     4  stm32f10x_tim.o(i.TIM_SetCompare1)
    TIM_SetCounter                           0x08003b5f   Thumb Code     4  stm32f10x_tim.o(i.TIM_SetCounter)
    TIM_SetIC1Prescaler                      0x08003b63   Thumb Code    18  stm32f10x_tim.o(i.TIM_SetIC1Prescaler)
    TIM_SetIC2Prescaler                      0x08003b75   Thumb Code    26  stm32f10x_tim.o(i.TIM_SetIC2Prescaler)
    TIM_SetIC3Prescaler                      0x08003b8f   Thumb Code    18  stm32f10x_tim.o(i.TIM_SetIC3Prescaler)
    TIM_SetIC4Prescaler                      0x08003ba1   Thumb Code    26  stm32f10x_tim.o(i.TIM_SetIC4Prescaler)
    TIM_TimeBaseInit                         0x08003bbd   Thumb Code   122  stm32f10x_tim.o(i.TIM_TimeBaseInit)
    Timer_GetFPS                             0x08003c61   Thumb Code    16  timer.o(i.Timer_GetFPS)
    Timer_Init                               0x08003c75   Thumb Code   122  timer.o(i.Timer_Init)
    Tools_PWM_Output                         0x08003cf5   Thumb Code   504  tools_pwm_output.o(i.Tools_PWM_Output)
    Tools_PWM_OutputUpdate                   0x08003f29   Thumb Code   132  tools_pwm_output.o(i.Tools_PWM_OutputUpdate)
    Tools_PWM_Output_SetARR                  0x08003fb9   Thumb Code   110  tools_pwm_output.o(i.Tools_PWM_Output_SetARR)
    Tools_PWM_Output_SetCCR                  0x08004035   Thumb Code    60  tools_pwm_output.o(i.Tools_PWM_Output_SetCCR)
    Tools_PWM_Output_SetDuty                 0x08004079   Thumb Code   112  tools_pwm_output.o(i.Tools_PWM_Output_SetDuty)
    Tools_PWM_Output_SetFreq                 0x080040f1   Thumb Code   160  tools_pwm_output.o(i.Tools_PWM_Output_SetFreq)
    Tools_PWM_Output_SetPSC                  0x0800419d   Thumb Code    76  tools_pwm_output.o(i.Tools_PWM_Output_SetPSC)
    Update_Display                           0x080041f1   Thumb Code    16  game_of_life.o(i.Update_Display)
    UsageFault_Handler                       0x08004209   Thumb Code     4  stm32f10x_it.o(i.UsageFault_Handler)
    __0vsprintf                              0x0800420d   Thumb Code    30  printfa.o(i.__0vsprintf)
    __1vsprintf                              0x0800420d   Thumb Code     0  printfa.o(i.__0vsprintf)
    __2vsprintf                              0x0800420d   Thumb Code     0  printfa.o(i.__0vsprintf)
    __c89vsprintf                            0x0800420d   Thumb Code     0  printfa.o(i.__0vsprintf)
    vsprintf                                 0x0800420d   Thumb Code     0  printfa.o(i.__0vsprintf)
    __ARM_fpclassify                         0x08004231   Thumb Code    40  fpclassify.o(i.__ARM_fpclassify)
    __ieee754_rem_pio2                       0x08004259   Thumb Code   828  rred.o(i.__ieee754_rem_pio2)
    __kernel_cos                             0x080045e1   Thumb Code   230  cos_i.o(i.__kernel_cos)
    __kernel_poly                            0x080046dd   Thumb Code   170  poly.o(i.__kernel_poly)
    __kernel_sin                             0x08004789   Thumb Code   224  sin_i.o(i.__kernel_sin)
    __mathlib_dbl_infnan                     0x08004875   Thumb Code     6  dunder.o(i.__mathlib_dbl_infnan)
    __mathlib_dbl_invalid                    0x0800487b   Thumb Code    12  dunder.o(i.__mathlib_dbl_invalid)
    __mathlib_dbl_underflow                  0x08004889   Thumb Code    10  dunder.o(i.__mathlib_dbl_underflow)
    __scatterload_copy                       0x08004899   Thumb Code    14  handlers.o(i.__scatterload_copy)
    __scatterload_null                       0x080048a7   Thumb Code     2  handlers.o(i.__scatterload_null)
    __scatterload_zeroinit                   0x080048a9   Thumb Code    14  handlers.o(i.__scatterload_zeroinit)
    __set_errno                              0x080048b9   Thumb Code     6  errno.o(i.__set_errno)
    cos                                      0x08005181   Thumb Code   148  cos.o(i.cos)
    main                                     0x0800521d   Thumb Code   138  main.o(i.main)
    sin                                      0x080052ad   Thumb Code   150  sin.o(i.sin)
    Game_Snake_Tile_8x8                      0x0800534c   Data          48  game_snake.o(.constdata)
    OLED_CF16x16                             0x0800537c   Data        1728  oled_data_hanzi.o(.constdata)
    OLED_CF12x12                             0x08005a3c   Data        1316  oled_data_hanzi_12x12.o(.constdata)
    OLED_CF10x10                             0x08005f60   Data        1128  oled_data_hanzi_12x12.o(.constdata)
    OLED_CF8x8                               0x080063c8   Data         564  oled_data_hanzi_12x12.o(.constdata)
    Cursor                                   0x080065fc   Data           9  oled_data_image.o(.constdata)
    goutou                                   0x08006605   Data         128  oled_data_image.o(.constdata)
    XpWallpaper                              0x08006685   Data        1024  oled_data_image.o(.constdata)
    Win11Wallpaper                           0x08006a85   Data        1024  oled_data_image.o(.constdata)
    Wallpaper                                0x08006e85   Data        1024  oled_data_image.o(.constdata)
    kunkun                                   0x08007285   Data        6656  oled_data_image.o(.constdata)
    OLED_F8x16                               0x08008c85   Data        1520  oled_data_ascii.o(.constdata)
    OLED_F6x8                                0x08009275   Data         570  oled_data_ascii.o(.constdata)
    Diode                                    0x080094af   Data          32  oled_data_ascii.o(.constdata)
    Region$$Table$$Base                      0x08009700   Number         0  anon$$obj.o(Region$$Table)
    Region$$Table$$Limit                     0x08009720   Number         0  anon$$obj.o(Region$$Table)
    FreqCounter                              0x20000000   Data           4  timer.o(.data)
    d0                                       0x20000004   Data           1  encoder.o(.data)
    daytemp                                  0x20000005   Data           1  encoder.o(.data)
    Key                                      0x20000006   Data           4  key.o(.data)
    Game_Speed                               0x2000000a   Data           1  game_snake.o(.data)
    Game_Credits                             0x2000000b   Data           1  game_snake.o(.data)
    Menu_Global                              0x2000000c   Data          40  menu.o(.data)
    Menu_StartOptionList                     0x20000038   Data         120  menu_data.o(.data)
    Menu_StartMenu                           0x200000b0   Data          36  menu_data.o(.data)
    Menu_SettingOptionList                   0x20000248   Data          80  menu_setting.o(.data)
    PWM_Output                               0x200002c0   Data          60  tools_pwm_output.o(.data)
    PWM_Output_Option_List                   0x200002fc   Data         140  tools_pwm_output.o(.data)
    Nodes_Cache                              0x20000394   Data        1024  game_of_life.o(.bss)
    Map                                      0x20000794   Data         128  game_snake.o(.bss)
    OLED_DisplayBuf                          0x20000814   Data        1024  oled.o(.bss)
    __initial_sp                             0x20001018   Data           0  startup_stm32f10x_md.o(STACK)



==============================================================================

Memory Map of the image

  Image Entry point : 0x080000ed

  Load Region LR_IROM1 (Base: 0x08000000, Size: 0x00009ab4, Max: 0x00010000, ABSOLUTE, COMPRESSED[0x00009814])

    Execution Region ER_IROM1 (Exec base: 0x08000000, Load base: 0x08000000, Size: 0x00009720, Max: 0x00010000, ABSOLUTE)

    Exec Addr    Load Addr    Size         Type   Attr      Idx    E Section Name        Object

    0x08000000   0x08000000   0x000000ec   Data   RO            3    RESET               startup_stm32f10x_md.o
    0x080000ec   0x080000ec   0x00000000   Code   RO         4275  * .ARM.Collect$$$$00000000  mc_w.l(entry.o)
    0x080000ec   0x080000ec   0x00000004   Code   RO         4394    .ARM.Collect$$$$00000001  mc_w.l(entry2.o)
    0x080000f0   0x080000f0   0x00000004   Code   RO         4397    .ARM.Collect$$$$00000004  mc_w.l(entry5.o)
    0x080000f4   0x080000f4   0x00000000   Code   RO         4399    .ARM.Collect$$$$00000008  mc_w.l(entry7b.o)
    0x080000f4   0x080000f4   0x00000000   Code   RO         4401    .ARM.Collect$$$$0000000A  mc_w.l(entry8b.o)
    0x080000f4   0x080000f4   0x00000008   Code   RO         4402    .ARM.Collect$$$$0000000B  mc_w.l(entry9a.o)
    0x080000fc   0x080000fc   0x00000000   Code   RO         4404    .ARM.Collect$$$$0000000D  mc_w.l(entry10a.o)
    0x080000fc   0x080000fc   0x00000000   Code   RO         4406    .ARM.Collect$$$$0000000F  mc_w.l(entry11a.o)
    0x080000fc   0x080000fc   0x00000004   Code   RO         4395    .ARM.Collect$$$$00002712  mc_w.l(entry2.o)
    0x08000100   0x08000100   0x00000024   Code   RO            4    .text               startup_stm32f10x_md.o
    0x08000124   0x08000124   0x00000024   Code   RO         4278    .text               mc_w.l(rand.o)
    0x08000148   0x08000148   0x00000024   Code   RO         4281    .text               mc_w.l(memcpya.o)
    0x0800016c   0x0800016c   0x0000001c   Code   RO         4283    .text               mc_w.l(strcmp.o)
    0x08000188   0x08000188   0x000000b0   Code   RO         4315    .text               mf_w.l(fadd.o)
    0x08000238   0x08000238   0x00000064   Code   RO         4317    .text               mf_w.l(fmul.o)
    0x0800029c   0x0800029c   0x0000007c   Code   RO         4319    .text               mf_w.l(fdiv.o)
    0x08000318   0x08000318   0x0000014e   Code   RO         4321    .text               mf_w.l(dadd.o)
    0x08000466   0x08000466   0x000000e4   Code   RO         4323    .text               mf_w.l(dmul.o)
    0x0800054a   0x0800054a   0x000000de   Code   RO         4325    .text               mf_w.l(ddiv.o)
    0x08000628   0x08000628   0x00000012   Code   RO         4327    .text               mf_w.l(fflti.o)
    0x0800063a   0x0800063a   0x0000000a   Code   RO         4329    .text               mf_w.l(ffltui.o)
    0x08000644   0x08000644   0x00000022   Code   RO         4331    .text               mf_w.l(dflti.o)
    0x08000666   0x08000666   0x0000001a   Code   RO         4333    .text               mf_w.l(dfltui.o)
    0x08000680   0x08000680   0x00000032   Code   RO         4335    .text               mf_w.l(ffixi.o)
    0x080006b2   0x080006b2   0x00000028   Code   RO         4337    .text               mf_w.l(ffixui.o)
    0x080006da   0x080006da   0x0000003e   Code   RO         4339    .text               mf_w.l(dfixi.o)
    0x08000718   0x08000718   0x00000032   Code   RO         4341    .text               mf_w.l(dfixui.o)
    0x0800074a   0x0800074a   0x00000026   Code   RO         4343    .text               mf_w.l(f2d.o)
    0x08000770   0x08000770   0x00000030   Code   RO         4347    .text               mf_w.l(cdrcmple.o)
    0x080007a0   0x080007a0   0x00000038   Code   RO         4349    .text               mf_w.l(d2f.o)
    0x080007d8   0x080007d8   0x00000014   Code   RO         4351    .text               mf_w.l(cfcmple.o)
    0x080007ec   0x080007ec   0x00000014   Code   RO         4353    .text               mf_w.l(cfrcmple.o)
    0x08000800   0x08000800   0x0000002c   Code   RO         4411    .text               mc_w.l(uidiv.o)
    0x0800082c   0x0800082c   0x00000062   Code   RO         4413    .text               mc_w.l(uldiv.o)
    0x0800088e   0x0800088e   0x0000001e   Code   RO         4415    .text               mc_w.l(llshl.o)
    0x080008ac   0x080008ac   0x00000020   Code   RO         4417    .text               mc_w.l(llushr.o)
    0x080008cc   0x080008cc   0x00000024   Code   RO         4419    .text               mc_w.l(llsshr.o)
    0x080008f0   0x080008f0   0x00000000   Code   RO         4428    .text               mc_w.l(iusefp.o)
    0x080008f0   0x080008f0   0x0000006e   Code   RO         4429    .text               mf_w.l(fepilogue.o)
    0x0800095e   0x0800095e   0x000000ba   Code   RO         4431    .text               mf_w.l(depilogue.o)
    0x08000a18   0x08000a18   0x00000030   Code   RO         4435    .text               mf_w.l(dfixul.o)
    0x08000a48   0x08000a48   0x00000024   Code   RO         4441    .text               mc_w.l(init.o)
    0x08000a6c   0x08000a6c   0x0000002e   Code   RO         4445    .text               mf_w.l(dscalb.o)
    0x08000a9a   0x08000a9a   0x00000056   Code   RO         4455    .text               mc_w.l(__dczerorl2.o)
    0x08000af0   0x08000af0   0x00000004   Code   RO         3419    i.BusFault_Handler  stm32f10x_it.o
    0x08000af4   0x08000af4   0x00000072   Code   RO         3482    i.CountPointRound   game_of_life.o
    0x08000b66   0x08000b66   0x00000002   Code   RO         3420    i.DebugMon_Handler  stm32f10x_it.o
    0x08000b68   0x08000b68   0x00000018   Code   RO         3196    i.Delay_ms          delay.o
    0x08000b80   0x08000b80   0x0000002e   Code   RO         3198    i.Delay_us          delay.o
    0x08000bae   0x08000bae   0x00000002   PAD
    0x08000bb0   0x08000bb0   0x00000010   Code   RO         4182    i.Disable_MUReadKey  tools_pwm_output.o
    0x08000bc0   0x08000bc0   0x000000d0   Code   RO         3298    i.EXTI15_10_IRQHandler  key.o
    0x08000c90   0x08000c90   0x0000000c   Code   RO          985    i.EXTI_ClearITPendingBit  stm32f10x_exti.o
    0x08000c9c   0x08000c9c   0x00000028   Code   RO          989    i.EXTI_GetITStatus  stm32f10x_exti.o
    0x08000cc4   0x08000cc4   0x00000094   Code   RO          990    i.EXTI_Init         stm32f10x_exti.o
    0x08000d58   0x08000d58   0x0000001c   Code   RO         3259    i.Encoder_Get       encoder.o
    0x08000d74   0x08000d74   0x0000005c   Code   RO         3260    i.Encoder_Get_Div4  encoder.o
    0x08000dd0   0x08000dd0   0x000000ac   Code   RO         3262    i.Encoder_Init      encoder.o
    0x08000e7c   0x08000e7c   0x00000040   Code   RO         1344    i.GPIO_EXTILineConfig  stm32f10x_gpio.o
    0x08000ebc   0x08000ebc   0x00000116   Code   RO         1347    i.GPIO_Init         stm32f10x_gpio.o
    0x08000fd2   0x08000fd2   0x00000012   Code   RO         1351    i.GPIO_ReadInputDataBit  stm32f10x_gpio.o
    0x08000fe4   0x08000fe4   0x0000000a   Code   RO         1358    i.GPIO_WriteBit     stm32f10x_gpio.o
    0x08000fee   0x08000fee   0x00000002   PAD
    0x08000ff0   0x08000ff0   0x00000160   Code   RO         3483    i.Game_Of_Life_Play  game_of_life.o
    0x08001150   0x08001150   0x00000052   Code   RO         3485    i.Game_Of_Life_Turn  game_of_life.o
    0x080011a2   0x080011a2   0x00000002   PAD
    0x080011a4   0x080011a4   0x00000178   Code   RO         3539    i.Game_Snake_Advance  game_snake.o
    0x0800131c   0x0800131c   0x000000a8   Code   RO         3541    i.Game_Snake_Init   game_snake.o
    0x080013c4   0x080013c4   0x00000150   Code   RO         3542    i.Game_Snake_Play   game_snake.o
    0x08001514   0x08001514   0x00000030   Code   RO         3543    i.Game_Snake_Show_Tile_8x8  game_snake.o
    0x08001544   0x08001544   0x00000004   Code   RO         3421    i.HardFault_Handler  stm32f10x_it.o
    0x08001548   0x08001548   0x00000048   Code   RO         4122    i.IC_GetDuty        ic.o
    0x08001590   0x08001590   0x0000001c   Code   RO         4123    i.IC_GetFreq        ic.o
    0x080015ac   0x080015ac   0x000000a4   Code   RO         4124    i.IC_Init           ic.o
    0x08001650   0x08001650   0x00000018   Code   RO         3299    i.Key_Back_Get      key.o
    0x08001668   0x08001668   0x00000018   Code   RO         3300    i.Key_Down_Get      key.o
    0x08001680   0x08001680   0x00000018   Code   RO         3301    i.Key_Enter_Get     key.o
    0x08001698   0x08001698   0x00000098   Code   RO         3302    i.Key_Init          key.o
    0x08001730   0x08001730   0x00000014   Code   RO         3303    i.Key_Reset_All     key.o
    0x08001744   0x08001744   0x00000018   Code   RO         3304    i.Key_Up_Get        key.o
    0x0800175c   0x0800175c   0x00000028   Code   RO         3544    i.Map_Clear         game_snake.o
    0x08001784   0x08001784   0x00000040   Code   RO         3545    i.Map_Update        game_snake.o
    0x080017c4   0x080017c4   0x00000004   Code   RO         3422    i.MemManage_Handler  stm32f10x_it.o
    0x080017c8   0x080017c8   0x00000008   Code   RO         3958    i.Menu_BackEvent    menu.o
    0x080017d0   0x080017d0   0x00000088   Code   RO         3959    i.Menu_CurveMigration  menu.o
    0x08001858   0x08001858   0x00000008   Code   RO         3960    i.Menu_EnterEvent   menu.o
    0x08001860   0x08001860   0x00000028   Code   RO         3961    i.Menu_GetOptionStrLen  menu.o
    0x08001888   0x08001888   0x00000118   Code   RO         4043    i.Menu_Information  menu_data.o
    0x080019a0   0x080019a0   0x000001b4   Code   RO         3962    i.Menu_MenuClassInit  menu.o
    0x08001b54   0x08001b54   0x0000003c   Code   RO         3963    i.Menu_PrintfOptionStr  menu.o
    0x08001b90   0x08001b90   0x00000020   Code   RO         3964    i.Menu_RollEvent    menu.o
    0x08001bb0   0x08001bb0   0x00000020   Code   RO         4044    i.Menu_RunGamesMenu  menu_data.o
    0x08001bd0   0x08001bd0   0x0000003c   Code   RO         4045    i.Menu_RunMainMenu  menu_data.o
    0x08001c0c   0x08001c0c   0x00000020   Code   RO         4087    i.Menu_RunSettingMenu  menu_setting.o
    0x08001c2c   0x08001c2c   0x00000020   Code   RO         4046    i.Menu_RunToolsMenu  menu_data.o
    0x08001c4c   0x08001c4c   0x00000338   Code   RO         3965    i.Menu_RunWindow    menu.o
    0x08001f84   0x08001f84   0x00000130   Code   RO         3967    i.Menu_ShowCursor   menu.o
    0x080020b4   0x080020b4   0x00000038   Code   RO         4047    i.Menu_Start        menu_data.o
    0x080020ec   0x080020ec   0x00000002   Code   RO         3423    i.NMI_Handler       stm32f10x_it.o
    0x080020ee   0x080020ee   0x00000002   PAD
    0x080020f0   0x080020f0   0x00000070   Code   RO          137    i.NVIC_Init         misc.o
    0x08002160   0x08002160   0x00000014   Code   RO          138    i.NVIC_PriorityGroupConfig  misc.o
    0x08002174   0x08002174   0x00000028   Code   RO         3605    i.OLED_Clear        oled.o
    0x0800219c   0x0800219c   0x000000a8   Code   RO         3606    i.OLED_ClearArea    oled.o
    0x08002244   0x08002244   0x00000176   Code   RO         3610    i.OLED_DrawLine     oled.o
    0x080023ba   0x080023ba   0x00000002   PAD
    0x080023bc   0x080023bc   0x00000050   Code   RO         3611    i.OLED_DrawPoint    oled.o
    0x0800240c   0x0800240c   0x0000008e   Code   RO         3612    i.OLED_DrawRectangle  oled.o
    0x0800249a   0x0800249a   0x00000002   PAD
    0x0800249c   0x0800249c   0x00000060   Code   RO         3614    i.OLED_GPIO_Init    oled.o
    0x080024fc   0x080024fc   0x00000044   Code   RO         3615    i.OLED_GetPoint     oled.o
    0x08002540   0x08002540   0x0000003e   Code   RO         3616    i.OLED_I2C_SendByte  oled.o
    0x0800257e   0x0800257e   0x0000001c   Code   RO         3617    i.OLED_I2C_Start    oled.o
    0x0800259a   0x0800259a   0x00000016   Code   RO         3618    i.OLED_I2C_Stop     oled.o
    0x080025b0   0x080025b0   0x0000009a   Code   RO         3619    i.OLED_Init         oled.o
    0x0800264a   0x0800264a   0x00000002   PAD
    0x0800264c   0x0800264c   0x00000128   Code   RO         3848    i.OLED_MyShowChinese  oled_patch_byadam.o
    0x08002774   0x08002774   0x00000032   Code   RO         3622    i.OLED_Printf       oled.o
    0x080027a6   0x080027a6   0x00000002   PAD
    0x080027a8   0x080027a8   0x000000a8   Code   RO         3624    i.OLED_ReverseArea  oled.o
    0x08002850   0x08002850   0x000001ec   Code   RO         3849    i.OLED_Rotation_Block  oled_patch_byadam.o
    0x08002a3c   0x08002a3c   0x00000140   Code   RO         3850    i.OLED_Rotation_C_P  oled_patch_byadam.o
    0x08002b7c   0x08002b7c   0x00000022   Code   RO         3625    i.OLED_SetCursor    oled.o
    0x08002b9e   0x08002b9e   0x00000002   PAD
    0x08002ba0   0x08002ba0   0x00000054   Code   RO         3627    i.OLED_ShowChar     oled.o
    0x08002bf4   0x08002bf4   0x0000021c   Code   RO         3851    i.OLED_ShowImage    oled_patch_byadam.o
    0x08002e10   0x08002e10   0x000000be   Code   RO         3852    i.OLED_ShowString   oled_patch_byadam.o
    0x08002ece   0x08002ece   0x000000f6   Code   RO         3853    i.OLED_ShowStringArea  oled_patch_byadam.o
    0x08002fc4   0x08002fc4   0x00000044   Code   RO         3633    i.OLED_Update       oled.o
    0x08003008   0x08003008   0x00000018   Code   RO         3636    i.OLED_W_SCL        oled.o
    0x08003020   0x08003020   0x00000018   Code   RO         3637    i.OLED_W_SDA        oled.o
    0x08003038   0x08003038   0x00000020   Code   RO         3638    i.OLED_WriteCommand  oled.o
    0x08003058   0x08003058   0x0000002e   Code   RO         3639    i.OLED_WriteData    oled.o
    0x08003086   0x08003086   0x00000002   PAD
    0x08003088   0x08003088   0x00000098   Code   RO         4152    i.PWM_Init          pwm.o
    0x08003120   0x08003120   0x00000010   Code   RO         4153    i.PWM_SetCompare1   pwm.o
    0x08003130   0x08003130   0x00000008   Code   RO         4154    i.PWM_SetPeriod     pwm.o
    0x08003138   0x08003138   0x00000012   Code   RO         4155    i.PWM_SetPrescaler  pwm.o
    0x0800314a   0x0800314a   0x00000002   PAD
    0x0800314c   0x0800314c   0x00000040   Code   RO         1714    i.PWR_EnterSTOPMode  stm32f10x_pwr.o
    0x0800318c   0x0800318c   0x0000000c   Code   RO         1718    i.PWR_WakeUpPinCmd  stm32f10x_pwr.o
    0x08003198   0x08003198   0x00000002   Code   RO         3424    i.PendSV_Handler    stm32f10x_it.o
    0x0800319a   0x0800319a   0x00000002   PAD
    0x0800319c   0x0800319c   0x00000040   Code   RO         3486    i.Point_death       game_of_life.o
    0x080031dc   0x080031dc   0x00000040   Code   RO         3487    i.Point_life        game_of_life.o
    0x0800321c   0x0800321c   0x00000040   Code   RO         3352    i.Power_Off         main.o
    0x0800325c   0x0800325c   0x00000020   Code   RO         1775    i.RCC_APB1PeriphClockCmd  stm32f10x_rcc.o
    0x0800327c   0x0800327c   0x00000020   Code   RO         1777    i.RCC_APB2PeriphClockCmd  stm32f10x_rcc.o
    0x0800329c   0x0800329c   0x0000007c   Code   RO         3546    i.RandFood          game_snake.o
    0x08003318   0x08003318   0x00000002   Code   RO         3425    i.SVC_Handler       stm32f10x_it.o
    0x0800331a   0x0800331a   0x00000008   Code   RO           24    i.SetSysClock       system_stm32f10x.o
    0x08003322   0x08003322   0x00000002   PAD
    0x08003324   0x08003324   0x000000e0   Code   RO           25    i.SetSysClockTo72   system_stm32f10x.o
    0x08003404   0x08003404   0x000000ac   Code   RO         4088    i.Set_CursorStyle   menu_setting.o
    0x080034b0   0x080034b0   0x00000110   Code   RO         4089    i.Set_animation_speed  menu_setting.o
    0x080035c0   0x080035c0   0x00000002   Code   RO         3426    i.SysTick_Handler   stm32f10x_it.o
    0x080035c2   0x080035c2   0x00000002   PAD
    0x080035c4   0x080035c4   0x00000060   Code   RO           27    i.SystemInit        system_stm32f10x.o
    0x08003624   0x08003624   0x00000080   Code   RO         2405    i.TI1_Config        stm32f10x_tim.o
    0x080036a4   0x080036a4   0x00000098   Code   RO         2406    i.TI2_Config        stm32f10x_tim.o
    0x0800373c   0x0800373c   0x00000090   Code   RO         2407    i.TI3_Config        stm32f10x_tim.o
    0x080037cc   0x080037cc   0x00000098   Code   RO         2408    i.TI4_Config        stm32f10x_tim.o
    0x08003864   0x08003864   0x0000002c   Code   RO         3220    i.TIM4_IRQHandler   timer.o
    0x08003890   0x08003890   0x00000006   Code   RO         2415    i.TIM_ClearFlag     stm32f10x_tim.o
    0x08003896   0x08003896   0x00000006   Code   RO         2416    i.TIM_ClearITPendingBit  stm32f10x_tim.o
    0x0800389c   0x0800389c   0x00000018   Code   RO         2421    i.TIM_Cmd           stm32f10x_tim.o
    0x080038b4   0x080038b4   0x00000042   Code   RO         2430    i.TIM_EncoderInterfaceConfig  stm32f10x_tim.o
    0x080038f6   0x080038f6   0x00000006   Code   RO         2436    i.TIM_GetCapture1   stm32f10x_tim.o
    0x080038fc   0x080038fc   0x00000006   Code   RO         2437    i.TIM_GetCapture2   stm32f10x_tim.o
    0x08003902   0x08003902   0x00000006   Code   RO         2440    i.TIM_GetCounter    stm32f10x_tim.o
    0x08003908   0x08003908   0x00000022   Code   RO         2442    i.TIM_GetITStatus   stm32f10x_tim.o
    0x0800392a   0x0800392a   0x00000002   PAD
    0x0800392c   0x0800392c   0x000000ac   Code   RO         2444    i.TIM_ICInit        stm32f10x_tim.o
    0x080039d8   0x080039d8   0x00000012   Code   RO         2445    i.TIM_ICStructInit  stm32f10x_tim.o
    0x080039ea   0x080039ea   0x00000012   Code   RO         2446    i.TIM_ITConfig      stm32f10x_tim.o
    0x080039fc   0x080039fc   0x0000000c   Code   RO         2448    i.TIM_InternalClockConfig  stm32f10x_tim.o
    0x08003a08   0x08003a08   0x00000098   Code   RO         2450    i.TIM_OC1Init       stm32f10x_tim.o
    0x08003aa0   0x08003aa0   0x00000014   Code   RO         2468    i.TIM_OCStructInit  stm32f10x_tim.o
    0x08003ab4   0x08003ab4   0x0000007c   Code   RO         2469    i.TIM_PWMIConfig    stm32f10x_tim.o
    0x08003b30   0x08003b30   0x00000006   Code   RO         2470    i.TIM_PrescalerConfig  stm32f10x_tim.o
    0x08003b36   0x08003b36   0x00000012   Code   RO         2474    i.TIM_SelectInputTrigger  stm32f10x_tim.o
    0x08003b48   0x08003b48   0x00000012   Code   RO         2479    i.TIM_SelectSlaveMode  stm32f10x_tim.o
    0x08003b5a   0x08003b5a   0x00000004   Code   RO         2482    i.TIM_SetCompare1   stm32f10x_tim.o
    0x08003b5e   0x08003b5e   0x00000004   Code   RO         2486    i.TIM_SetCounter    stm32f10x_tim.o
    0x08003b62   0x08003b62   0x00000012   Code   RO         2487    i.TIM_SetIC1Prescaler  stm32f10x_tim.o
    0x08003b74   0x08003b74   0x0000001a   Code   RO         2488    i.TIM_SetIC2Prescaler  stm32f10x_tim.o
    0x08003b8e   0x08003b8e   0x00000012   Code   RO         2489    i.TIM_SetIC3Prescaler  stm32f10x_tim.o
    0x08003ba0   0x08003ba0   0x0000001a   Code   RO         2490    i.TIM_SetIC4Prescaler  stm32f10x_tim.o
    0x08003bba   0x08003bba   0x00000002   PAD
    0x08003bbc   0x08003bbc   0x000000a4   Code   RO         2492    i.TIM_TimeBaseInit  stm32f10x_tim.o
    0x08003c60   0x08003c60   0x00000014   Code   RO         3221    i.Timer_GetFPS      timer.o
    0x08003c74   0x08003c74   0x00000080   Code   RO         3223    i.Timer_Init        timer.o
    0x08003cf4   0x08003cf4   0x00000234   Code   RO         4183    i.Tools_PWM_Output  tools_pwm_output.o
    0x08003f28   0x08003f28   0x00000090   Code   RO         4184    i.Tools_PWM_OutputUpdate  tools_pwm_output.o
    0x08003fb8   0x08003fb8   0x0000007c   Code   RO         4185    i.Tools_PWM_Output_SetARR  tools_pwm_output.o
    0x08004034   0x08004034   0x00000044   Code   RO         4186    i.Tools_PWM_Output_SetCCR  tools_pwm_output.o
    0x08004078   0x08004078   0x00000078   Code   RO         4187    i.Tools_PWM_Output_SetDuty  tools_pwm_output.o
    0x080040f0   0x080040f0   0x000000ac   Code   RO         4188    i.Tools_PWM_Output_SetFreq  tools_pwm_output.o
    0x0800419c   0x0800419c   0x00000054   Code   RO         4189    i.Tools_PWM_Output_SetPSC  tools_pwm_output.o
    0x080041f0   0x080041f0   0x00000018   Code   RO         3488    i.Update_Display    game_of_life.o
    0x08004208   0x08004208   0x00000004   Code   RO         3427    i.UsageFault_Handler  stm32f10x_it.o
    0x0800420c   0x0800420c   0x00000024   Code   RO         4294    i.__0vsprintf       mc_w.l(printfa.o)
    0x08004230   0x08004230   0x00000028   Code   RO         4437    i.__ARM_fpclassify  m_ws.l(fpclassify.o)
    0x08004258   0x08004258   0x00000388   Code   RO         4383    i.__ieee754_rem_pio2  m_ws.l(rred.o)
    0x080045e0   0x080045e0   0x000000fc   Code   RO         4365    i.__kernel_cos      m_ws.l(cos_i.o)
    0x080046dc   0x080046dc   0x000000aa   Code   RO         4439    i.__kernel_poly     m_ws.l(poly.o)
    0x08004786   0x08004786   0x00000002   PAD
    0x08004788   0x08004788   0x000000ec   Code   RO         4388    i.__kernel_sin      m_ws.l(sin_i.o)
    0x08004874   0x08004874   0x00000006   Code   RO         4369    i.__mathlib_dbl_infnan  m_ws.l(dunder.o)
    0x0800487a   0x0800487a   0x0000000c   Code   RO         4371    i.__mathlib_dbl_invalid  m_ws.l(dunder.o)
    0x08004886   0x08004886   0x00000002   PAD
    0x08004888   0x08004888   0x00000010   Code   RO         4374    i.__mathlib_dbl_underflow  m_ws.l(dunder.o)
    0x08004898   0x08004898   0x0000000e   Code   RO         4449    i.__scatterload_copy  mc_w.l(handlers.o)
    0x080048a6   0x080048a6   0x00000002   Code   RO         4450    i.__scatterload_null  mc_w.l(handlers.o)
    0x080048a8   0x080048a8   0x0000000e   Code   RO         4451    i.__scatterload_zeroinit  mc_w.l(handlers.o)
    0x080048b6   0x080048b6   0x00000002   PAD
    0x080048b8   0x080048b8   0x0000000c   Code   RO         4423    i.__set_errno       mc_w.l(errno.o)
    0x080048c4   0x080048c4   0x00000184   Code   RO         4295    i._fp_digits        mc_w.l(printfa.o)
    0x08004a48   0x08004a48   0x000006dc   Code   RO         4296    i._printf_core      mc_w.l(printfa.o)
    0x08005124   0x08005124   0x00000024   Code   RO         4297    i._printf_post_padding  mc_w.l(printfa.o)
    0x08005148   0x08005148   0x0000002e   Code   RO         4298    i._printf_pre_padding  mc_w.l(printfa.o)
    0x08005176   0x08005176   0x0000000a   Code   RO         4300    i._sputc            mc_w.l(printfa.o)
    0x08005180   0x08005180   0x0000009c   Code   RO         4258    i.cos               m_ws.l(cos.o)
    0x0800521c   0x0800521c   0x00000090   Code   RO         3353    i.main              main.o
    0x080052ac   0x080052ac   0x000000a0   Code   RO         4268    i.sin               m_ws.l(sin.o)
    0x0800534c   0x0800534c   0x00000030   Data   RO         3548    .constdata          game_snake.o
    0x0800537c   0x0800537c   0x000006c0   Data   RO         3900    .constdata          oled_data_hanzi.o
    0x08005a3c   0x08005a3c   0x00000bc0   Data   RO         3913    .constdata          oled_data_hanzi_12x12.o
    0x080065fc   0x080065fc   0x00002689   Data   RO         3926    .constdata          oled_data_image.o
    0x08008c85   0x08008c85   0x0000084a   Data   RO         3939    .constdata          oled_data_ascii.o
    0x080094cf   0x080094cf   0x00000001   PAD
    0x080094d0   0x080094d0   0x00000030   Data   RO         4366    .constdata          m_ws.l(cos_i.o)
    0x08009500   0x08009500   0x000000c8   Data   RO         4385    .constdata          m_ws.l(rred.o)
    0x080095c8   0x080095c8   0x00000028   Data   RO         4389    .constdata          m_ws.l(sin_i.o)
    0x080095f0   0x080095f0   0x000000a6   Data   RO         4048    .conststring        menu_data.o
    0x08009696   0x08009696   0x00000002   PAD
    0x08009698   0x08009698   0x00000029   Data   RO         4090    .conststring        menu_setting.o
    0x080096c1   0x080096c1   0x00000003   PAD
    0x080096c4   0x080096c4   0x0000003a   Data   RO         4190    .conststring        tools_pwm_output.o
    0x080096fe   0x080096fe   0x00000002   PAD
    0x08009700   0x08009700   0x00000020   Data   RO         4447    Region$$Table       anon$$obj.o


    Execution Region RW_IRAM1 (Exec base: 0x20000000, Load base: 0x08009720, Size: 0x00001018, Max: 0x00005000, ABSOLUTE, COMPRESSED[0x000000f4])

    Exec Addr    Load Addr    Size         Type   Attr      Idx    E Section Name        Object

    0x20000000   COMPRESSED   0x00000004   Data   RW         3225    .data               timer.o
    0x20000004   COMPRESSED   0x00000002   Data   RW         3264    .data               encoder.o
    0x20000006   COMPRESSED   0x00000004   Data   RW         3305    .data               key.o
    0x2000000a   COMPRESSED   0x00000002   Data   RW         3549    .data               game_snake.o
    0x2000000c   COMPRESSED   0x00000029   Data   RW         3970    .data               menu.o
    0x20000035   COMPRESSED   0x00000003   PAD
    0x20000038   COMPRESSED   0x00000210   Data   RW         4049    .data               menu_data.o
    0x20000248   COMPRESSED   0x00000078   Data   RW         4091    .data               menu_setting.o
    0x200002c0   COMPRESSED   0x000000cc   Data   RW         4191    .data               tools_pwm_output.o
    0x2000038c   COMPRESSED   0x00000004   Data   RW         4279    .data               mc_w.l(rand.o)
    0x20000390   COMPRESSED   0x00000004   Data   RW         4424    .data               mc_w.l(errno.o)
    0x20000394        -       0x00000400   Zero   RW         3489    .bss                game_of_life.o
    0x20000794        -       0x00000080   Zero   RW         3547    .bss                game_snake.o
    0x20000814        -       0x00000400   Zero   RW         3641    .bss                oled.o
    0x20000c14   COMPRESSED   0x00000004   PAD
    0x20000c18        -       0x00000400   Zero   RW            1    STACK               startup_stm32f10x_md.o


==============================================================================

Image component sizes


      Code (inc. data)   RO Data    RW Data    ZI Data      Debug   Object Name

         0          0          0          0          0       4500   core_cm3.o
        70          0          0          0          0        930   delay.o
       292         24          0          2          0       1933   encoder.o
       700         24          0          0       1024       4128   game_of_life.o
      1156         92         48          2        128       5726   game_snake.o
       264         30          0          0          0       1512   ic.o
       476         38          0          4          0       4171   key.o
       208          6          0          0          0       2748   main.o
      1848         30          0         41          0       8493   menu.o
       460         98        166        528          0       4927   menu_data.o
       476        202         41        120          0       3780   menu_setting.o
       132         22          0          0          0     206911   misc.o
      1764         64          0          0       1024      13639   oled.o
         0          0       2122          0          0        621   oled_data_ascii.o
         0          0       1728          0          0       1683   oled_data_hanzi.o
         0          0       3008          0          0       1719   oled_data_hanzi_12x12.o
         0          0       9865          0          0        760   oled_data_image.o
      2084         44          0          0          0       6020   oled_patch_byadam.o
       194          6          0          0          0       2024   pwm.o
        36          8        236          0       1024        812   startup_stm32f10x_md.o
         0          0          0          0          0       1660   stm32f10x_adc.o
       200         18          0          0          0       4108   stm32f10x_exti.o
       370          4          0          0          0      11938   stm32f10x_gpio.o
        26          0          0          0          0       3766   stm32f10x_it.o
        76         16          0          0          0       1083   stm32f10x_pwr.o
        64         12          0          0          0       1082   stm32f10x_rcc.o
      1548        170          0          0          0      37704   stm32f10x_tim.o
       328         28          0          0          0      30497   system_stm32f10x.o
       192         18          0          4          0       1960   timer.o
      1292        132         58        204          0       5116   tools_pwm_output.o

    ----------------------------------------------------------------------
     14288       1086      17312        908       3204     375951   Object Totals
         0          0         32          0          0          0   (incl. Generated)
        32          0          8          3          4          0   (incl. Padding)

    ----------------------------------------------------------------------

      Code (inc. data)   RO Data    RW Data    ZI Data      Debug   Library Member Name

       156          8          0          0          0        104   cos.o
       252         22         48          0          0        124   cos_i.o
        34          6          0          0          0        204   dunder.o
        40          0          0          0          0         68   fpclassify.o
       170          0          0          0          0         96   poly.o
       904         76        200          0          0        140   rred.o
       160         10          0          0          0        108   sin.o
       236         12         40          0          0        128   sin_i.o
        86          0          0          0          0          0   __dczerorl2.o
         0          0          0          0          0          0   entry.o
         0          0          0          0          0          0   entry10a.o
         0          0          0          0          0          0   entry11a.o
         8          4          0          0          0          0   entry2.o
         4          0          0          0          0          0   entry5.o
         0          0          0          0          0          0   entry7b.o
         0          0          0          0          0          0   entry8b.o
         8          4          0          0          0          0   entry9a.o
        12          6          0          4          0         68   errno.o
        30          0          0          0          0          0   handlers.o
        36          8          0          0          0         68   init.o
         0          0          0          0          0          0   iusefp.o
        30          0          0          0          0         68   llshl.o
        36          0          0          0          0         68   llsshr.o
        32          0          0          0          0         68   llushr.o
        36          0          0          0          0         68   memcpya.o
      2272         86          0          0          0        516   printfa.o
        36         10          0          4          0        136   rand.o
        28          0          0          0          0         76   strcmp.o
        44          0          0          0          0         80   uidiv.o
        98          0          0          0          0         92   uldiv.o
        48          0          0          0          0         68   cdrcmple.o
        20          0          0          0          0         68   cfcmple.o
        20          0          0          0          0         68   cfrcmple.o
        56          0          0          0          0         88   d2f.o
       334          0          0          0          0        148   dadd.o
       222          0          0          0          0        100   ddiv.o
       186          0          0          0          0        176   depilogue.o
        62          0          0          0          0         80   dfixi.o
        50          0          0          0          0         76   dfixui.o
        48          0          0          0          0         68   dfixul.o
        34          0          0          0          0         76   dflti.o
        26          0          0          0          0         76   dfltui.o
       228          0          0          0          0         96   dmul.o
        46          0          0          0          0         80   dscalb.o
        38          0          0          0          0         68   f2d.o
       176          0          0          0          0        140   fadd.o
       124          0          0          0          0         88   fdiv.o
       110          0          0          0          0        168   fepilogue.o
        50          0          0          0          0         68   ffixi.o
        40          0          0          0          0         68   ffixui.o
        18          0          0          0          0         68   fflti.o
        10          0          0          0          0         68   ffltui.o
       100          0          0          0          0         76   fmul.o

    ----------------------------------------------------------------------
      6800        252        288          8          0       4360   Library Totals
         6          0          0          0          0          0   (incl. Padding)

    ----------------------------------------------------------------------

      Code (inc. data)   RO Data    RW Data    ZI Data      Debug   Library Name

      1952        134        288          0          0        972   m_ws.l
      2796        118          0          8          0       1308   mc_w.l
      2046          0          0          0          0       2080   mf_w.l

    ----------------------------------------------------------------------
      6800        252        288          8          0       4360   Library Totals

    ----------------------------------------------------------------------

==============================================================================


      Code (inc. data)   RO Data    RW Data    ZI Data      Debug   

     21088       1338      17600        916       3204     370871   Grand Totals
     21088       1338      17600        244       3204     370871   ELF Image Totals (compressed)
     21088       1338      17600        244          0          0   ROM Totals

==============================================================================

    Total RO  Size (Code + RO Data)                38688 (  37.78kB)
    Total RW  Size (RW Data + ZI Data)              4120 (   4.02kB)
    Total ROM Size (Code + RO Data + RW Data)      38932 (  38.02kB)

==============================================================================

